<?xml version="1.0" encoding="UTF-8" ?>
<testsuites name="vitest tests" tests="564" failures="0" errors="0" time="114.2422657">
    <testsuite name="test/AuthAppleRoute.mongo.test.ts" timestamp="2026-08-28T19:09:03.000Z" hostname="Jane" tests="2" failures="0" errors="0" skipped="0" time="0.0060899">
        <testcase classname="test/AuthAppleRoute.mongo.test.ts" name="AuthAppleRoute (mongo) &gt; delegates login() to the base OIDC route" time="0.0028223">
        </testcase>
        <testcase classname="test/AuthAppleRoute.mongo.test.ts" name="AuthAppleRoute (mongo) &gt; caches the generated client_secret JWT across calls instead of resigning it on every request" time="0.0021229">
        </testcase>
    </testsuite>
    <testsuite name="test/AuthAppleRoute.sql.test.ts" timestamp="2026-08-28T19:09:03.005Z" hostname="Jane" tests="2" failures="0" errors="0" skipped="0" time="0.0059135">
        <testcase classname="test/AuthAppleRoute.sql.test.ts" name="AuthAppleRoute (sql) &gt; delegates login() to the base OIDC route" time="0.0027533">
        </testcase>
        <testcase classname="test/AuthAppleRoute.sql.test.ts" name="AuthAppleRoute (sql) &gt; caches the generated client_secret JWT across calls instead of resigning it on every request" time="0.0021426">
        </testcase>
    </testsuite>
    <testsuite name="test/AuthFacebookRoute.mongo.test.ts" timestamp="2026-08-28T19:09:03.005Z" hostname="Jane" tests="1" failures="0" errors="0" skipped="0" time="0.003653">
        <testcase classname="test/AuthFacebookRoute.mongo.test.ts" name="AuthFacebookRoute (mongo) &gt; delegates login() to the base OIDC route" time="0.0026788">
        </testcase>
    </testsuite>
    <testsuite name="test/AuthFacebookRoute.sql.test.ts" timestamp="2026-08-28T19:09:03.006Z" hostname="Jane" tests="1" failures="0" errors="0" skipped="0" time="0.0036447">
        <testcase classname="test/AuthFacebookRoute.sql.test.ts" name="AuthFacebookRoute (sql) &gt; delegates login() to the base OIDC route" time="0.002675">
        </testcase>
    </testsuite>
    <testsuite name="test/AuthGoogleRoute.mongo.test.ts" timestamp="2026-08-28T19:09:03.006Z" hostname="Jane" tests="1" failures="0" errors="0" skipped="0" time="0.0070578">
        <testcase classname="test/AuthGoogleRoute.mongo.test.ts" name="AuthGoogleRoute (mongo) &gt; delegates login() to the base OIDC route" time="0.0060853">
        </testcase>
    </testsuite>
    <testsuite name="test/AuthGoogleRoute.sql.test.ts" timestamp="2026-08-28T19:09:03.006Z" hostname="Jane" tests="1" failures="0" errors="0" skipped="0" time="0.00366">
        <testcase classname="test/AuthGoogleRoute.sql.test.ts" name="AuthGoogleRoute (sql) &gt; delegates login() to the base OIDC route" time="0.0026803">
        </testcase>
    </testsuite>
    <testsuite name="test/AuthMFARoute.mongo.test.ts" timestamp="2026-08-28T19:09:03.007Z" hostname="Jane" tests="3" failures="0" errors="0" skipped="0" time="0.0035968">
        <testcase classname="test/AuthMFARoute.mongo.test.ts" name="AuthMFARoute (mongo) — initialize() &gt; drives the registered &apos;mfa&apos; strategy&apos;s require2FA from auth:require_mfa when the strategy is found" time="0.0017905">
        </testcase>
        <testcase classname="test/AuthMFARoute.mongo.test.ts" name="AuthMFARoute (mongo) — initialize() &gt; forces require2FA on when auth:require_mfa is set" time="0.0002144">
        </testcase>
        <testcase classname="test/AuthMFARoute.mongo.test.ts" name="AuthMFARoute (mongo) — initialize() &gt; does nothing (and does not throw) when no &apos;mfa&apos; strategy is registered" time="0.0005763">
        </testcase>
    </testsuite>
    <testsuite name="test/AuthMFARoute.sql.test.ts" timestamp="2026-08-28T19:09:03.007Z" hostname="Jane" tests="3" failures="0" errors="0" skipped="0" time="0.0036985">
        <testcase classname="test/AuthMFARoute.sql.test.ts" name="AuthMFARoute (sql) — initialize() &gt; drives the registered &apos;mfa&apos; strategy&apos;s require2FA from auth:require_mfa when the strategy is found" time="0.0018454">
        </testcase>
        <testcase classname="test/AuthMFARoute.sql.test.ts" name="AuthMFARoute (sql) — initialize() &gt; forces require2FA on when auth:require_mfa is set" time="0.0002244">
        </testcase>
        <testcase classname="test/AuthMFARoute.sql.test.ts" name="AuthMFARoute (sql) — initialize() &gt; does nothing (and does not throw) when no &apos;mfa&apos; strategy is registered" time="0.0005625">
        </testcase>
    </testsuite>
    <testsuite name="test/AuthMicrosoftRoute.mongo.test.ts" timestamp="2026-08-28T19:09:03.007Z" hostname="Jane" tests="1" failures="0" errors="0" skipped="0" time="0.0036824">
        <testcase classname="test/AuthMicrosoftRoute.mongo.test.ts" name="AuthMicrosoftRoute (mongo) &gt; delegates login() to the base OIDC route" time="0.0026906">
        </testcase>
    </testsuite>
    <testsuite name="test/AuthMicrosoftRoute.sql.test.ts" timestamp="2026-08-28T19:09:03.008Z" hostname="Jane" tests="1" failures="0" errors="0" skipped="0" time="0.0037419">
        <testcase classname="test/AuthMicrosoftRoute.sql.test.ts" name="AuthMicrosoftRoute (sql) &gt; delegates login() to the base OIDC route" time="0.002778">
        </testcase>
    </testsuite>
    <testsuite name="test/config.defaults.test.ts" timestamp="2026-08-28T19:09:03.008Z" hostname="Jane" tests="8" failures="0" errors="0" skipped="0" time="0.0062872">
        <testcase classname="test/config.defaults.test.ts" name="assertProductionSecretsAreSet &gt; is a no-op outside production, even with every default secret still in effect" time="0.0016584">
        </testcase>
        <testcase classname="test/config.defaults.test.ts" name="assertProductionSecretsAreSet &gt; throws in production when all three secrets still hold their default values" time="0.0002258">
        </testcase>
        <testcase classname="test/config.defaults.test.ts" name="assertProductionSecretsAreSet &gt; throws naming only the specific secret(s) still at their default" time="0.0001614">
        </testcase>
        <testcase classname="test/config.defaults.test.ts" name="assertProductionSecretsAreSet &gt; does not throw in production once all three secrets have been overridden" time="0.0006477">
            <system-err>
WARNING: starting in production with the default placeholder OAuth/OIDC credential(s) still in effect: AUTH__GOOGLE__CLIENTID, AUTH__GOOGLE__CLIENTSECRET, AUTH__MICROSOFT__CLIENTID, AUTH__MICROSOFT__CLIENTSECRET, AUTH__MICROSOFT__TENANT, AUTH__APPLE__CLIENTID, AUTH__APPLE__TEAMID, AUTH__APPLE__KEYID, AUTH__APPLE__PRIVATEKEY, AUTH__FACEBOOK__CLIENTID, AUTH__FACEBOOK__CLIENTSECRET. Sign-in with the affected provider(s) will not work until these are set to your real values. If you don&apos;t use that provider, this can be ignored.

            </system-err>
        </testcase>
        <testcase classname="test/config.defaults.test.ts" name="assertProductionSecretsAreSet &gt; OAuth/OIDC provider placeholder credentials &gt; warns (but does not throw) in production when the placeholder provider credentials are still in effect" time="0.0018175">
        </testcase>
        <testcase classname="test/config.defaults.test.ts" name="assertProductionSecretsAreSet &gt; OAuth/OIDC provider placeholder credentials &gt; names only the specific placeholder(s) still at their default" time="0.0003312">
        </testcase>
        <testcase classname="test/config.defaults.test.ts" name="assertProductionSecretsAreSet &gt; OAuth/OIDC provider placeholder credentials &gt; does not warn once every provider&apos;s credentials have been overridden" time="0.000127">
        </testcase>
        <testcase classname="test/config.defaults.test.ts" name="assertProductionSecretsAreSet &gt; OAuth/OIDC provider placeholder credentials &gt; does not warn outside production even with the placeholder credentials still in effect" time="0.0000915">
        </testcase>
    </testsuite>
    <testsuite name="test/DefaultAccounts.mongo.test.ts" timestamp="2026-08-28T19:09:03.009Z" hostname="Jane" tests="2" failures="0" errors="0" skipped="0" time="4.0592397">
        <testcase classname="test/DefaultAccounts.mongo.test.ts" name="DefaultAccounts Tests (mongo) &gt; creates a default admin account on startup and logs its one-time password" time="1.5116699">
            <system-out>
[DerivedLogger.emit] 2026-08-28T19:07:34.593Z [32minfo[39m: Starting server...

[DerivedLogger.emit] 2026-08-28T19:07:34.598Z [32minfo[39m: Registering class OpenApiSpec
[DerivedLogger.emit] 2026-08-28T19:07:34.599Z [34mdebug[39m: Creating new instance of class [OpenApiSpec] with name [OpenApiSpec:default]

[DerivedLogger.emit] 2026-08-28T19:07:34.601Z [32minfo[39m: Registering class ConnectionManager
[DerivedLogger.emit] 2026-08-28T19:07:34.601Z [34mdebug[39m: Creating new instance of class [ConnectionManager] with name [ConnectionManager:default]

[DerivedLogger.emit] 2026-08-28T19:07:34.602Z [32minfo[39m: Loading all service classes...

[DerivedLogger.emit] 2026-08-28T19:07:34.718Z [32minfo[39m: Registering class DefaultAccountsMongo
[DerivedLogger.emit] 2026-08-28T19:07:34.719Z [32minfo[39m: Registering class UserMongo
[DerivedLogger.emit] 2026-08-28T19:07:34.719Z [32minfo[39m: Registering class AliasMongo
[DerivedLogger.emit] 2026-08-28T19:07:34.720Z [32minfo[39m: Registering class ProfileMongo
[DerivedLogger.emit] 2026-08-28T19:07:34.720Z [32minfo[39m: Registering class SecretMongo
[DerivedLogger.emit] 2026-08-28T19:07:34.720Z [32minfo[39m: Registering class routes.AccountRoute
[DerivedLogger.emit] 2026-08-28T19:07:34.721Z [32minfo[39m: Registering class routes.AliasRoute
[DerivedLogger.emit] 2026-08-28T19:07:34.721Z [32minfo[39m: Registering class routes.AuthBasicRoute
[DerivedLogger.emit] 2026-08-28T19:07:34.721Z [32minfo[39m: Registering class routes.AuthFacebookRoute
[DerivedLogger.emit] 2026-08-28T19:07:34.722Z [32minfo[39m: Registering class routes.AuthFIDO2Route
[DerivedLogger.emit] 2026-08-28T19:07:34.722Z [32minfo[39m: Registering class routes.AdminRoute
[DerivedLogger.emit] 2026-08-28T19:07:34.722Z [32minfo[39m: Registering class routes.AuthMicrosoftRoute
[DerivedLogger.emit] 2026-08-28T19:07:34.723Z [32minfo[39m: Registering class routes.AuthOTPRoute
[DerivedLogger.emit] 2026-08-28T19:07:34.723Z [32minfo[39m: Registering class routes.OpenAPIRoute
[DerivedLogger.emit] 2026-08-28T19:07:34.723Z [32minfo[39m: Registering class routes.ProfileRoute
[DerivedLogger.emit] 2026-08-28T19:07:34.723Z [32minfo[39m: Registering class routes.AuthAppleRoute
[DerivedLogger.emit] 2026-08-28T19:07:34.724Z [32minfo[39m: Registering class routes.SecretRoute
[DerivedLogger.emit] 2026-08-28T19:07:34.724Z [32minfo[39m: Registering class routes.AuthGoogleRoute
[DerivedLogger.emit] 2026-08-28T19:07:34.724Z [32minfo[39m: Registering class routes.AuthDiscoverRoute
[DerivedLogger.emit] 2026-08-28T19:07:34.724Z [32minfo[39m: Registering class routes.AuthTOTPRoute
[DerivedLogger.emit] 2026-08-28T19:07:34.725Z [32minfo[39m: Registering class routes.AuthPasskeyRoute
[DerivedLogger.emit] 2026-08-28T19:07:34.725Z [32minfo[39m: Registering class routes.RegistrationRoute
[DerivedLogger.emit] 2026-08-28T19:07:34.725Z [32minfo[39m: Registering class routes.MetricsRoute
[DerivedLogger.emit] 2026-08-28T19:07:34.726Z [32minfo[39m: Registering class routes.StatusRoute
[DerivedLogger.emit] 2026-08-28T19:07:34.726Z [32minfo[39m: Registering class routes.AuthMFARoute
[DerivedLogger.emit] 2026-08-28T19:07:34.726Z [32minfo[39m: Registering class routes.AuthLogoutRoute
[DerivedLogger.emit] 2026-08-28T19:07:34.726Z [32minfo[39m: Registering class routes.AuthElevationRoute
[DerivedLogger.emit] 2026-08-28T19:07:34.727Z [32minfo[39m: Registering class routes.UserRoute
[DerivedLogger.emit] 2026-08-28T19:07:34.727Z [32minfo[39m: Registering class routes.AuthRefreshRoute
[DerivedLogger.emit] 2026-08-28T19:07:34.727Z [32minfo[39m: Registering class routes.AdminConsoleRoute
[DerivedLogger.emit] 2026-08-28T19:07:34.728Z [32minfo[39m: Registering class routes.WwwRoute
[DerivedLogger.emit] 2026-08-28T19:07:34.728Z [32minfo[39m: Scanning for data models...
[DerivedLogger.emit] 2026-08-28T19:07:34.729Z [32minfo[39m: Initializing database connection(s)...
[ConnectionManager.emit] 2026-08-28T19:07:34.735Z [32minfo[39m: Connecting to database cache [redis://localhost]...

[ConnectionManager.emit] 2026-08-28T19:07:34.738Z [32minfo[39m: Connecting to database events [redis://localhost]...

[ConnectionManager.emit] 2026-08-28T19:07:34.738Z [32minfo[39m: Connecting to database logs [redis://localhost]...

[ConnectionManager.emit] 2026-08-28T19:07:34.739Z [32minfo[39m: Connecting to database acl [mongodb://localhost:9999/acls]...
[ConnectionManager.emit] 2026-08-28T19:07:34.739Z [32minfo[39m: Connecting to database mongo [mongodb://localhost:9999/rrst_auth]...

[ConnectionManager.emit] 2026-08-28T19:07:34.766Z [33mwarn[39m: Datastore &apos;acl&apos; is a standalone MongoDB instance and does not support multi-document transactions. @Transactional will run without a transaction for models on this datastore. Configure MongoDB as a replica set (or sharded cluster) to enable it.

[ConnectionManager.emit] 2026-08-28T19:07:34.768Z [33mwarn[39m: Datastore &apos;mongo&apos; is a standalone MongoDB instance and does not support multi-document transactions. @Transactional will run without a transaction for models on this datastore. Configure MongoDB as a replica set (or sharded cluster) to enable it.

[ConnectionManager.emit] 2026-08-28T19:07:34.783Z [34mdebug[39m: Created collection: access_control_list_mongo

[ConnectionManager.emit] 2026-08-28T19:07:34.785Z [34mdebug[39m: Created collection: user_mongo

[ConnectionManager.emit] 2026-08-28T19:07:34.786Z [34mdebug[39m: Creating index parentUid on collection access_control_list_mongo.

[ConnectionManager.emit] 2026-08-28T19:07:34.787Z [34mdebug[39m: Creating index uid on collection user_mongo.

[ConnectionManager.emit] 2026-08-28T19:07:34.790Z [34mdebug[39m: Creating index uid on collection access_control_list_mongo.

[ConnectionManager.emit] 2026-08-28T19:07:34.791Z [34mdebug[39m: Creating index uid_version on collection user_mongo.

[ConnectionManager.emit] 2026-08-28T19:07:34.797Z [34mdebug[39m: Creating index uid_version on collection access_control_list_mongo.

[ConnectionManager.emit] 2026-08-28T19:07:34.801Z [34mdebug[39m: Created collection: alias_mongo

[ConnectionManager.emit] 2026-08-28T19:07:34.801Z [34mdebug[39m: Creating index alias on collection alias_mongo.

[ConnectionManager.emit] 2026-08-28T19:07:34.805Z [34mdebug[39m: Creating index alias_userUid on collection alias_mongo.

[ConnectionManager.emit] 2026-08-28T19:07:34.815Z [34mdebug[39m: Creating index uid on collection alias_mongo.

[ConnectionManager.emit] 2026-08-28T19:07:34.821Z [34mdebug[39m: Creating index uid_version on collection alias_mongo.

[ConnectionManager.emit] 2026-08-28T19:07:34.831Z [34mdebug[39m: Created collection: profile_mongo

[ConnectionManager.emit] 2026-08-28T19:07:34.832Z [34mdebug[39m: Creating index uid on collection profile_mongo.

[ConnectionManager.emit] 2026-08-28T19:07:34.836Z [34mdebug[39m: Creating index uid_version on collection profile_mongo.

[ConnectionManager.emit] 2026-08-28T19:07:34.844Z [34mdebug[39m: Created collection: secret_mongo

[ConnectionManager.emit] 2026-08-28T19:07:34.845Z [34mdebug[39m: Creating index secret_userUid on collection secret_mongo.

[ConnectionManager.emit] 2026-08-28T19:07:34.848Z [34mdebug[39m: Creating index uid on collection secret_mongo.

[ConnectionManager.emit] 2026-08-28T19:07:34.854Z [34mdebug[39m: Creating index uid_version on collection secret_mongo.

[ConnectionManager.emit] 2026-08-28T19:07:34.857Z [32minfo[39m: Successfully connected to all configured databases.

[DerivedLogger.emit] 2026-08-28T19:07:34.857Z [32minfo[39m: Registering class ACLUtils
[DerivedLogger.emit] 2026-08-28T19:07:34.857Z [34mdebug[39m: Creating new instance of class [ACLUtils] with name [ACLUtils:default]
[DerivedLogger.emit] 2026-08-28T19:07:34.858Z [32minfo[39m: Registering class RedisCache
[DerivedLogger.emit] 2026-08-28T19:07:34.860Z [34mdebug[39m: Creating new instance of class [RedisCache] with name [RedisCache:AccessControlListMongo]

[ACLUtils.emit] 2026-08-28T19:07:34.861Z [32minfo[39m: RBAC system is enabled and ready.

[DerivedLogger.emit] 2026-08-28T19:07:34.865Z [32minfo[39m: Registering class SessionManager
[DerivedLogger.emit] 2026-08-28T19:07:34.865Z [34mdebug[39m: Creating new instance of class [SessionManager] with name [SessionManager:default]

[DerivedLogger.emit] 2026-08-28T19:07:34.866Z [32minfo[39m: Registering class RedisSessionStore
[DerivedLogger.emit] 2026-08-28T19:07:34.866Z [34mdebug[39m: Creating new instance of class [RedisSessionStore] with name [RedisSessionStore:92ed2c6c-0cbe-425e-a054-251c9967e439]

[SessionManager.emit] 2026-08-28T19:07:34.867Z [32minfo[39m: Session support enabled (store: redis).

[DerivedLogger.emit] 2026-08-28T19:07:34.867Z [32minfo[39m: Registering class RouteUtils
[DerivedLogger.emit] 2026-08-28T19:07:34.868Z [34mdebug[39m: Creating new instance of class [RouteUtils] with name [RouteUtils:default]
[DerivedLogger.emit] 2026-08-28T19:07:34.868Z [32minfo[39m: Registering class AuthMiddleware
[DerivedLogger.emit] 2026-08-28T19:07:34.868Z [34mdebug[39m: Creating new instance of class [AuthMiddleware] with name [AuthMiddleware:default]
[DerivedLogger.emit] 2026-08-28T19:07:34.869Z [32minfo[39m: Registering class auth.JWTStrategy
[DerivedLogger.emit] 2026-08-28T19:07:34.870Z [34mdebug[39m: Creating new instance of class [auth.JWTStrategy] with name [auth.JWTStrategy:f3bce9c3-c58a-493b-8265-f51f7af43f1a]

[DerivedLogger.emit] 2026-08-28T19:07:34.870Z [32minfo[39m: Starting background services...
[DerivedLogger.emit] 2026-08-28T19:07:34.871Z [32minfo[39m: Registering class BackgroundServiceManager
[DerivedLogger.emit] 2026-08-28T19:07:34.871Z [34mdebug[39m: Creating new instance of class [BackgroundServiceManager] with name [BackgroundServiceManager:default]

[BackgroundServiceManager.emit] 2026-08-28T19:07:34.872Z [32minfo[39m: Starting service DefaultAccountsMongo...
[DerivedLogger.emit] 2026-08-28T19:07:34.872Z [34mdebug[39m: Creating new instance of class [DefaultAccountsMongo] with name [DefaultAccountsMongo:DefaultAccountsMongo]
[DerivedLogger.emit] 2026-08-28T19:07:34.873Z [32minfo[39m: Registering class RepoUtils
[DerivedLogger.emit] 2026-08-28T19:07:34.874Z [34mdebug[39m: Creating new instance of class [RepoUtils] with name [RepoUtils:AliasMongo]
[DerivedLogger.emit] 2026-08-28T19:07:34.874Z [32minfo[39m: Unable to register class undefined for ACLUtils/undefined
[DerivedLogger.emit] 2026-08-28T19:07:34.875Z [32minfo[39m: Registering class NotificationUtils
[DerivedLogger.emit] 2026-08-28T19:07:34.875Z [34mdebug[39m: Creating new instance of class [NotificationUtils] with name [NotificationUtils:default]

[DerivedLogger.emit] 2026-08-28T19:07:34.881Z [34mdebug[39m: Creating new instance of class [RepoUtils] with name [RepoUtils:ProfileMongo]
[DerivedLogger.emit] 2026-08-28T19:07:34.881Z [32minfo[39m: Unable to register class undefined for ACLUtils/undefined

[DerivedLogger.emit] 2026-08-28T19:07:34.886Z [34mdebug[39m: Creating new instance of class [RepoUtils] with name [RepoUtils:SecretMongo]
[DerivedLogger.emit] 2026-08-28T19:07:34.887Z [32minfo[39m: Unable to register class undefined for ACLUtils/undefined

[DerivedLogger.emit] 2026-08-28T19:07:34.889Z [34mdebug[39m: Creating new instance of class [RepoUtils] with name [RepoUtils:UserMongo]
[DerivedLogger.emit] 2026-08-28T19:07:34.890Z [32minfo[39m: Unable to register class undefined for ACLUtils/undefined

[DefaultAccountsMongo.emit] 2026-08-28T19:07:34.944Z [32minfo[39m: ================================================================================
[DefaultAccountsMongo.emit] 2026-08-28T19:07:34.944Z [32minfo[39m: !!!IMPORTANT!!! Write down this information. It won&apos;t be shown again.
[DefaultAccountsMongo.emit] 2026-08-28T19:07:34.945Z [32minfo[39m: ================================================================================
[DefaultAccountsMongo.emit] 2026-08-28T19:07:34.945Z [32minfo[39m: An account has been created with the following details:
[DefaultAccountsMongo.emit] 2026-08-28T19:07:34.945Z [32minfo[39m: ------------------------------
[DefaultAccountsMongo.emit] 2026-08-28T19:07:34.946Z [32minfo[39m: Name: admin
[DefaultAccountsMongo.emit] 2026-08-28T19:07:34.946Z [32minfo[39m: Password: &apos;%hVzuOe52?op^n5b@_6n8N%FHx!?CmQZ&apos;
[DefaultAccountsMongo.emit] 2026-08-28T19:07:34.949Z [32minfo[39m: Roles: admin
[DefaultAccountsMongo.emit] 2026-08-28T19:07:34.949Z [32minfo[39m: ================================================================================

[DerivedLogger.emit] 2026-08-28T19:07:34.950Z [32minfo[39m: Initializing event manager...
[DerivedLogger.emit] 2026-08-28T19:07:34.950Z [32minfo[39m: Registering class EventListenerManager
[DerivedLogger.emit] 2026-08-28T19:07:34.951Z [34mdebug[39m: Creating new instance of class [EventListenerManager] with name [EventListenerManager:default]

[DerivedLogger.emit] 2026-08-28T19:07:34.952Z [32minfo[39m: Scanning for routes...
[DerivedLogger.emit] 2026-08-28T19:07:34.952Z [34mdebug[39m: Creating new instance of class [routes.AccountRoute] with name [routes.AccountRoute:default]
[DerivedLogger.emit] 2026-08-28T19:07:34.953Z [32minfo[39m: Registering class MessagingUtils
[DerivedLogger.emit] 2026-08-28T19:07:34.953Z [34mdebug[39m: Creating new instance of class [MessagingUtils] with name [MessagingUtils:default]
[DerivedLogger.emit] 2026-08-28T19:07:34.954Z [32minfo[39m: Registering class TokenUtils
[DerivedLogger.emit] 2026-08-28T19:07:34.954Z [34mdebug[39m: Creating new instance of class [TokenUtils] with name [TokenUtils:default]
[DerivedLogger.emit] 2026-08-28T19:07:34.955Z [32minfo[39m: Registering class RateLimiter
[DerivedLogger.emit] 2026-08-28T19:07:34.956Z [34mdebug[39m: Creating new instance of class [RateLimiter] with name [RateLimiter:default]
[DerivedLogger.emit] 2026-08-28T19:07:34.956Z [32minfo[39m: Registering class MemoryStore
[DerivedLogger.emit] 2026-08-28T19:07:34.957Z [34mdebug[39m: Creating new instance of class [MemoryStore] with name [MemoryStore:default]

[RouteUtils.emit] 2026-08-28T19:07:34.958Z [32minfo[39m: Registered Route: DELETE /api/accounts/:id
[RouteUtils.emit] 2026-08-28T19:07:34.960Z [32minfo[39m: Registered Route: GET /api/accounts/:id
[RouteUtils.emit] 2026-08-28T19:07:34.960Z [32minfo[39m: Registered Route: POST /api/accounts/:id/revokeSessions

[DerivedLogger.emit] 2026-08-28T19:07:34.961Z [34mdebug[39m: Creating new instance of class [routes.AliasRoute] with name [routes.AliasRoute:default]

[RouteUtils.emit] 2026-08-28T19:07:34.962Z [32minfo[39m: Registered Route: POST /api/aliases
[RouteUtils.emit] 2026-08-28T19:07:34.963Z [32minfo[39m: Registered Route: DELETE /api/aliases/:id
[RouteUtils.emit] 2026-08-28T19:07:34.963Z [32minfo[39m: Registered Route: GET /api/aliases
[RouteUtils.emit] 2026-08-28T19:07:34.964Z [32minfo[39m: Registered Route: GET /api/aliases/:id/sendCode
[RouteUtils.emit] 2026-08-28T19:07:34.964Z [32minfo[39m: Registered Route: PUT /api/aliases/:id
[RouteUtils.emit] 2026-08-28T19:07:34.965Z [32minfo[39m: Registered Route: PUT /api/aliases
[RouteUtils.emit] 2026-08-28T19:07:34.965Z [32minfo[39m: Registered Route: PUT /api/aliases/:id/:property
[RouteUtils.emit] 2026-08-28T19:07:34.966Z [32minfo[39m: Registered Route: POST /api/aliases/:id/verify
[RouteUtils.emit] 2026-08-28T19:07:34.966Z [32minfo[39m: Registered Route: HEAD /api/aliases
[RouteUtils.emit] 2026-08-28T19:07:34.967Z [32minfo[39m: Registered Route: HEAD /api/aliases/:id
[RouteUtils.emit] 2026-08-28T19:07:34.967Z [32minfo[39m: Registered Route: GET /api/aliases/:id
[RouteUtils.emit] 2026-08-28T19:07:34.968Z [32minfo[39m: Registered Route: DELETE /api/aliases

[DerivedLogger.emit] 2026-08-28T19:07:34.968Z [34mdebug[39m: Creating new instance of class [routes.AuthBasicRoute] with name [routes.AuthBasicRoute:default]

[DerivedLogger.emit] 2026-08-28T19:07:34.969Z [32minfo[39m: Registering class UserUtils
[DerivedLogger.emit] 2026-08-28T19:07:34.970Z [34mdebug[39m: Creating new instance of class [UserUtils] with name [UserUtils:default]

[DerivedLogger.emit] 2026-08-28T19:07:34.970Z [32minfo[39m: Registering class BasicStrategy
[DerivedLogger.emit] 2026-08-28T19:07:34.971Z [34mdebug[39m: Creating new instance of class [BasicStrategy] with name [BasicStrategy:default]

[RouteUtils.emit] 2026-08-28T19:07:34.971Z [32minfo[39m: Registered Route: GET /api/auth/password

[DerivedLogger.emit] 2026-08-28T19:07:34.972Z [34mdebug[39m: Creating new instance of class [routes.AuthFacebookRoute] with name [routes.AuthFacebookRoute:default]

[DerivedLogger.emit] 2026-08-28T19:07:34.973Z [32minfo[39m: Registering class OIDCStrategy
[DerivedLogger.emit] 2026-08-28T19:07:34.974Z [34mdebug[39m: Creating new instance of class [OIDCStrategy] with name [OIDCStrategy:facebook]

[RouteUtils.emit] 2026-08-28T19:07:34.974Z [32minfo[39m: Registered Route: POST /api/auth/facebook
[RouteUtils.emit] 2026-08-28T19:07:34.975Z [32minfo[39m: Registered Route: GET /api/auth/facebook
[RouteUtils.emit] 2026-08-28T19:07:34.975Z [32minfo[39m: Registered Route: GET /api/auth/facebook/authorize

[DerivedLogger.emit] 2026-08-28T19:07:34.976Z [34mdebug[39m: Creating new instance of class [routes.AuthFIDO2Route] with name [routes.AuthFIDO2Route:default]

[DerivedLogger.emit] 2026-08-28T19:07:34.976Z [32minfo[39m: Registering class FIDO2Strategy
[DerivedLogger.emit] 2026-08-28T19:07:34.977Z [34mdebug[39m: Creating new instance of class [FIDO2Strategy] with name [FIDO2Strategy:default]

[RouteUtils.emit] 2026-08-28T19:07:34.978Z [32minfo[39m: Registered Route: POST /api/auth/fido2
[RouteUtils.emit] 2026-08-28T19:07:34.978Z [32minfo[39m: Registered Route: GET /api/auth/fido2

[DerivedLogger.emit] 2026-08-28T19:07:34.979Z [34mdebug[39m: Creating new instance of class [routes.AdminRoute] with name [routes.AdminRoute:default]

[routes.AdminRoute.emit] 2026-08-28T19:07:34.979Z [32minfo[39m: Cache is enabled and ready.

[RouteUtils.emit] 2026-08-28T19:07:34.980Z [32minfo[39m: Registered Route: GET /api/admin/clear-cache
[RouteUtils.emit] 2026-08-28T19:07:34.981Z [32minfo[39m: Registered Route: WS /api/admin/logs
[RouteUtils.emit] 2026-08-28T19:07:34.982Z [32minfo[39m: Registered Route: GET /api/admin/release-notes
[RouteUtils.emit] 2026-08-28T19:07:34.982Z [32minfo[39m: Registered Route: GET /api/admin/restart

[DerivedLogger.emit] 2026-08-28T19:07:34.983Z [34mdebug[39m: Creating new instance of class [routes.AuthMicrosoftRoute] with name [routes.AuthMicrosoftRoute:default]

[DerivedLogger.emit] 2026-08-28T19:07:34.983Z [34mdebug[39m: Creating new instance of class [OIDCStrategy] with name [OIDCStrategy:microsoft]

[RouteUtils.emit] 2026-08-28T19:07:34.984Z [32minfo[39m: Registered Route: POST /api/auth/microsoft
[RouteUtils.emit] 2026-08-28T19:07:34.984Z [32minfo[39m: Registered Route: GET /api/auth/microsoft
[RouteUtils.emit] 2026-08-28T19:07:34.985Z [32minfo[39m: Registered Route: GET /api/auth/microsoft/authorize

[DerivedLogger.emit] 2026-08-28T19:07:34.985Z [34mdebug[39m: Creating new instance of class [routes.AuthOTPRoute] with name [routes.AuthOTPRoute:default]

[DerivedLogger.emit] 2026-08-28T19:07:34.986Z [32minfo[39m: Registering class OTPStrategy
[DerivedLogger.emit] 2026-08-28T19:07:34.987Z [34mdebug[39m: Creating new instance of class [OTPStrategy] with name [OTPStrategy:default]

[RouteUtils.emit] 2026-08-28T19:07:34.987Z [32minfo[39m: Registered Route: POST /api/auth/otp
[RouteUtils.emit] 2026-08-28T19:07:34.988Z [32minfo[39m: Registered Route: GET /api/auth/otp

[DerivedLogger.emit] 2026-08-28T19:07:34.988Z [34mdebug[39m: Creating new instance of class [routes.OpenAPIRoute] with name [routes.OpenAPIRoute:default]

[RouteUtils.emit] 2026-08-28T19:07:34.989Z [32minfo[39m: Registered Route: GET /api/openapi
[RouteUtils.emit] 2026-08-28T19:07:34.989Z [32minfo[39m: Registered Route: GET /api/openapi/json
[RouteUtils.emit] 2026-08-28T19:07:34.990Z [32minfo[39m: Registered Route: GET /api/openapi/yaml

[DerivedLogger.emit] 2026-08-28T19:07:34.990Z [34mdebug[39m: Creating new instance of class [routes.ProfileRoute] with name [routes.ProfileRoute:default]

[RouteUtils.emit] 2026-08-28T19:07:34.991Z [32minfo[39m: Registered Route: POST /api/profiles
[RouteUtils.emit] 2026-08-28T19:07:34.992Z [32minfo[39m: Registered Route: DELETE /api/profiles/:id
[RouteUtils.emit] 2026-08-28T19:07:34.992Z [32minfo[39m: Registered Route: GET /api/profiles
[RouteUtils.emit] 2026-08-28T19:07:34.993Z [32minfo[39m: Registered Route: GET /api/profiles/:id
[RouteUtils.emit] 2026-08-28T19:07:34.993Z [32minfo[39m: Registered Route: GET /api/profiles/:id/contacts/sendCode
[RouteUtils.emit] 2026-08-28T19:07:34.993Z [32minfo[39m: Registered Route: PUT /api/profiles/:id
[RouteUtils.emit] 2026-08-28T19:07:34.994Z [32minfo[39m: Registered Route: POST /api/profiles/:id/contacts/verify
[RouteUtils.emit] 2026-08-28T19:07:34.994Z [32minfo[39m: Registered Route: PUT /api/profiles/:id/:property
[RouteUtils.emit] 2026-08-28T19:07:34.995Z [32minfo[39m: Registered Route: HEAD /api/profiles
[RouteUtils.emit] 2026-08-28T19:07:34.995Z [32minfo[39m: Registered Route: HEAD /api/profiles/:id
[RouteUtils.emit] 2026-08-28T19:07:34.996Z [32minfo[39m: Registered Route: DELETE /api/profiles
[RouteUtils.emit] 2026-08-28T19:07:35.002Z [32minfo[39m: Registered Route: PUT /api/profiles

[DerivedLogger.emit] 2026-08-28T19:07:35.002Z [34mdebug[39m: Creating new instance of class [routes.AuthAppleRoute] with name [routes.AuthAppleRoute:default]

[DerivedLogger.emit] 2026-08-28T19:07:35.005Z [34mdebug[39m: Creating new instance of class [OIDCStrategy] with name [OIDCStrategy:apple]

[RouteUtils.emit] 2026-08-28T19:07:35.006Z [32minfo[39m: Registered Route: POST /api/auth/apple
[RouteUtils.emit] 2026-08-28T19:07:35.006Z [32minfo[39m: Registered Route: GET /api/auth/apple
[RouteUtils.emit] 2026-08-28T19:07:35.007Z [32minfo[39m: Registered Route: GET /api/auth/apple/authorize

[DerivedLogger.emit] 2026-08-28T19:07:35.007Z [34mdebug[39m: Creating new instance of class [routes.SecretRoute] with name [routes.SecretRoute:default]

[RouteUtils.emit] 2026-08-28T19:07:35.008Z [32minfo[39m: Registered Route: HEAD /api/secrets
[RouteUtils.emit] 2026-08-28T19:07:35.009Z [32minfo[39m: Registered Route: GET /api/secrets/passkey/register
[RouteUtils.emit] 2026-08-28T19:07:35.009Z [32minfo[39m: Registered Route: GET /api/secrets/password
[RouteUtils.emit] 2026-08-28T19:07:35.010Z [32minfo[39m: Registered Route: GET /api/secrets/fido2/register
[RouteUtils.emit] 2026-08-28T19:07:35.010Z [32minfo[39m: Registered Route: POST /api/secrets
[RouteUtils.emit] 2026-08-28T19:07:35.011Z [32minfo[39m: Registered Route: DELETE /api/secrets/:id
[RouteUtils.emit] 2026-08-28T19:07:35.011Z [32minfo[39m: Registered Route: HEAD /api/secrets/:id
[RouteUtils.emit] 2026-08-28T19:07:35.012Z [32minfo[39m: Registered Route: GET /api/secrets
[RouteUtils.emit] 2026-08-28T19:07:35.012Z [32minfo[39m: Registered Route: GET /api/secrets/:id
[RouteUtils.emit] 2026-08-28T19:07:35.012Z [32minfo[39m: Registered Route: DELETE /api/secrets
[RouteUtils.emit] 2026-08-28T19:07:35.013Z [32minfo[39m: Registered Route: PUT /api/secrets/:id

[DerivedLogger.emit] 2026-08-28T19:07:35.013Z [34mdebug[39m: Creating new instance of class [routes.AuthGoogleRoute] with name [routes.AuthGoogleRoute:default]

[DerivedLogger.emit] 2026-08-28T19:07:35.014Z [34mdebug[39m: Creating new instance of class [OIDCStrategy] with name [OIDCStrategy:google]

[RouteUtils.emit] 2026-08-28T19:07:35.015Z [32minfo[39m: Registered Route: POST /api/auth/google
[RouteUtils.emit] 2026-08-28T19:07:35.016Z [32minfo[39m: Registered Route: GET /api/auth/google
[RouteUtils.emit] 2026-08-28T19:07:35.016Z [32minfo[39m: Registered Route: GET /api/auth/google/authorize

[DerivedLogger.emit] 2026-08-28T19:07:35.017Z [34mdebug[39m: Creating new instance of class [routes.AuthDiscoverRoute] with name [routes.AuthDiscoverRoute:default]

[RouteUtils.emit] 2026-08-28T19:07:35.017Z [32minfo[39m: Registered Route: GET /api/auth/discover

[DerivedLogger.emit] 2026-08-28T19:07:35.018Z [34mdebug[39m: Creating new instance of class [routes.AuthTOTPRoute] with name [routes.AuthTOTPRoute:default]

[DerivedLogger.emit] 2026-08-28T19:07:35.019Z [32minfo[39m: Registering class TOTPStrategy
[DerivedLogger.emit] 2026-08-28T19:07:35.019Z [34mdebug[39m: Creating new instance of class [TOTPStrategy] with name [TOTPStrategy:default]

[RouteUtils.emit] 2026-08-28T19:07:35.020Z [32minfo[39m: Registered Route: POST /api/auth/totp
[RouteUtils.emit] 2026-08-28T19:07:35.020Z [32minfo[39m: Registered Route: GET /api/auth/totp

[DerivedLogger.emit] 2026-08-28T19:07:35.021Z [34mdebug[39m: Creating new instance of class [routes.AuthPasskeyRoute] with name [routes.AuthPasskeyRoute:default]

[DerivedLogger.emit] 2026-08-28T19:07:35.022Z [32minfo[39m: Registering class PasskeyStrategy
[DerivedLogger.emit] 2026-08-28T19:07:35.023Z [34mdebug[39m: Creating new instance of class [PasskeyStrategy] with name [PasskeyStrategy:default]

[RouteUtils.emit] 2026-08-28T19:07:35.023Z [32minfo[39m: Registered Route: POST /api/auth/passkey
[RouteUtils.emit] 2026-08-28T19:07:35.024Z [32minfo[39m: Registered Route: GET /api/auth/passkey

[DerivedLogger.emit] 2026-08-28T19:07:35.024Z [34mdebug[39m: Creating new instance of class [routes.RegistrationRoute] with name [routes.RegistrationRoute:default]

[RouteUtils.emit] 2026-08-28T19:07:35.025Z [32minfo[39m: Registered Route: POST /api/register/start
[RouteUtils.emit] 2026-08-28T19:07:35.025Z [32minfo[39m: Registered Route: POST /api/register/verify

[DerivedLogger.emit] 2026-08-28T19:07:35.026Z [34mdebug[39m: Creating new instance of class [routes.MetricsRoute] with name [routes.MetricsRoute:default]

[RouteUtils.emit] 2026-08-28T19:07:35.026Z [32minfo[39m: Registered Route: GET /api/metrics
[RouteUtils.emit] 2026-08-28T19:07:35.027Z [32minfo[39m: Registered Route: GET /api/metrics/:metric

[DerivedLogger.emit] 2026-08-28T19:07:35.027Z [34mdebug[39m: Creating new instance of class [routes.StatusRoute] with name [routes.StatusRoute:default]
[DerivedLogger.emit] 2026-08-28T19:07:35.028Z [32minfo[39m: Registering class StatusExtraData
[DerivedLogger.emit] 2026-08-28T19:07:35.028Z [34mdebug[39m: Creating new instance of class [StatusExtraData] with name [StatusExtraData:default]

[RouteUtils.emit] 2026-08-28T19:07:35.029Z [32minfo[39m: Registered Route: GET /api/status

[DerivedLogger.emit] 2026-08-28T19:07:35.029Z [34mdebug[39m: Creating new instance of class [routes.AuthMFARoute] with name [routes.AuthMFARoute:default]

[DerivedLogger.emit] 2026-08-28T19:07:35.030Z [32minfo[39m: Registering class MFAStrategy
[DerivedLogger.emit] 2026-08-28T19:07:35.032Z [34mdebug[39m: Creating new instance of class [MFAStrategy] with name [MFAStrategy:default]

[RouteUtils.emit] 2026-08-28T19:07:35.032Z [32minfo[39m: Registered Route: POST /api/auth/mfa
[RouteUtils.emit] 2026-08-28T19:07:35.033Z [32minfo[39m: Registered Route: GET /api/auth/mfa

[DerivedLogger.emit] 2026-08-28T19:07:35.033Z [34mdebug[39m: Creating new instance of class [routes.AuthLogoutRoute] with name [routes.AuthLogoutRoute:default]

[RouteUtils.emit] 2026-08-28T19:07:35.034Z [32minfo[39m: Registered Route: POST /api/auth/logout

[DerivedLogger.emit] 2026-08-28T19:07:35.034Z [34mdebug[39m: Creating new instance of class [routes.AuthElevationRoute] with name [routes.AuthElevationRoute:default]

[RouteUtils.emit] 2026-08-28T19:07:35.035Z [32minfo[39m: Registered Route: GET /api/auth/elevation
[RouteUtils.emit] 2026-08-28T19:07:35.036Z [32minfo[39m: Registered Route: POST /api/auth/elevation

[DerivedLogger.emit] 2026-08-28T19:07:35.036Z [34mdebug[39m: Creating new instance of class [routes.UserRoute] with name [routes.UserRoute:default]

[RouteUtils.emit] 2026-08-28T19:07:35.037Z [32minfo[39m: Registered Route: HEAD /api/users
[RouteUtils.emit] 2026-08-28T19:07:35.038Z [32minfo[39m: Registered Route: POST /api/users
[RouteUtils.emit] 2026-08-28T19:07:35.038Z [32minfo[39m: Registered Route: DELETE /api/users/:id
[RouteUtils.emit] 2026-08-28T19:07:35.039Z [32minfo[39m: Registered Route: HEAD /api/users/:id
[RouteUtils.emit] 2026-08-28T19:07:35.039Z [32minfo[39m: Registered Route: GET /api/users
[RouteUtils.emit] 2026-08-28T19:07:35.039Z [32minfo[39m: Registered Route: GET /api/users/:id
[RouteUtils.emit] 2026-08-28T19:07:35.040Z [32minfo[39m: Registered Route: DELETE /api/users
[RouteUtils.emit] 2026-08-28T19:07:35.040Z [32minfo[39m: Registered Route: PUT /api/users/:id

[DerivedLogger.emit] 2026-08-28T19:07:35.041Z [34mdebug[39m: Creating new instance of class [routes.AuthRefreshRoute] with name [routes.AuthRefreshRoute:default]

[RouteUtils.emit] 2026-08-28T19:07:35.042Z [32minfo[39m: Registered Route: POST /api/auth/refresh
[RouteUtils.emit] 2026-08-28T19:07:35.042Z [32minfo[39m: Registered Route: GET /api/auth/refresh

[DerivedLogger.emit] 2026-08-28T19:07:35.043Z [34mdebug[39m: Creating new instance of class [routes.AdminConsoleRoute] with name [routes.AdminConsoleRoute:default]
[DerivedLogger.emit] 2026-08-28T19:07:35.043Z [32minfo[39m: Registering class RedisStore
[DerivedLogger.emit] 2026-08-28T19:07:35.044Z [34mdebug[39m: Creating new instance of class [RedisStore] with name [RedisStore:default]
[DerivedLogger.emit] 2026-08-28T19:07:35.044Z [32minfo[39m: Registering class ObjectFactory

[RouteUtils.emit] 2026-08-28T19:07:35.045Z [32minfo[39m: Registered Route: GET /admin/*
[RouteUtils.emit] 2026-08-28T19:07:35.046Z [32minfo[39m: Registered Route: GET /admin

[DerivedLogger.emit] 2026-08-28T19:07:35.046Z [34mdebug[39m: Creating new instance of class [routes.WwwRoute] with name [routes.WwwRoute:default]

[RouteUtils.emit] 2026-08-28T19:07:35.047Z [32minfo[39m: Registered Route: GET /*
[RouteUtils.emit] 2026-08-28T19:07:35.048Z [32minfo[39m: Registered Route: GET /

[DerivedLogger.emit] 2026-08-28T19:07:35.049Z [32minfo[39m: Listening on 0.0.0.0:3000...

[DerivedLogger.emit] 2026-08-28T19:07:36.099Z [32minfo[39m: Stopping background services...

[DerivedLogger.emit] 2026-08-28T19:07:36.100Z [32minfo[39m: Stopping server...
[DerivedLogger.emit] 2026-08-28T19:07:36.100Z [32minfo[39m: Closing database connections...

[ConnectionManager.emit] 2026-08-28T19:07:36.103Z [32minfo[39m: Successfully disconnected from all configured databases.

            </system-out>
        </testcase>
        <testcase classname="test/DefaultAccounts.mongo.test.ts" name="DefaultAccounts Tests (mongo) &gt; does not recreate the account (or log a new password) on a second startup" time="2.1304708">
            <system-out>
[DerivedLogger.emit] 2026-08-28T19:07:36.103Z [32minfo[39m: Starting server...

[DerivedLogger.emit] 2026-08-28T19:07:36.104Z [32minfo[39m: Loading all service classes...

[DerivedLogger.emit] 2026-08-28T19:07:36.109Z [32minfo[39m: Scanning for data models...
[DerivedLogger.emit] 2026-08-28T19:07:36.110Z [32minfo[39m: Initializing database connection(s)...
[ConnectionManager.emit] 2026-08-28T19:07:36.110Z [32minfo[39m: Connecting to database cache [redis://localhost]...

[ConnectionManager.emit] 2026-08-28T19:07:36.111Z [32minfo[39m: Connecting to database events [redis://localhost]...

[ConnectionManager.emit] 2026-08-28T19:07:36.111Z [32minfo[39m: Connecting to database logs [redis://localhost]...

[ConnectionManager.emit] 2026-08-28T19:07:36.111Z [32minfo[39m: Connecting to database acl [mongodb://localhost:9999/acls]...
[ConnectionManager.emit] 2026-08-28T19:07:36.112Z [32minfo[39m: Connecting to database mongo [mongodb://localhost:9999/rrst_auth]...

[ConnectionManager.emit] 2026-08-28T19:07:36.118Z [33mwarn[39m: Datastore &apos;acl&apos; is a standalone MongoDB instance and does not support multi-document transactions. @Transactional will run without a transaction for models on this datastore. Configure MongoDB as a replica set (or sharded cluster) to enable it.

[ConnectionManager.emit] 2026-08-28T19:07:36.119Z [33mwarn[39m: Datastore &apos;mongo&apos; is a standalone MongoDB instance and does not support multi-document transactions. @Transactional will run without a transaction for models on this datastore. Configure MongoDB as a replica set (or sharded cluster) to enable it.

[ConnectionManager.emit] 2026-08-28T19:07:36.123Z [32minfo[39m: Successfully connected to all configured databases.

[DerivedLogger.emit] 2026-08-28T19:07:36.123Z [32minfo[39m: Starting background services...

[BackgroundServiceManager.emit] 2026-08-28T19:07:36.123Z [32minfo[39m: Starting service DefaultAccountsMongo...
[DerivedLogger.emit] 2026-08-28T19:07:36.124Z [34mdebug[39m: Creating new instance of class [DefaultAccountsMongo] with name [DefaultAccountsMongo:DefaultAccountsMongo]

[BackgroundServiceManager.emit] 2026-08-28T19:07:36.125Z [31merror[39m: Failed to start service: DefaultAccountsMongo
[BackgroundServiceManager.emit] 2026-08-28T19:07:36.127Z [34mdebug[39m: Client must be connected before running operations

[DerivedLogger.emit] 2026-08-28T19:07:36.127Z [32minfo[39m: Initializing event manager...

[DerivedLogger.emit] 2026-08-28T19:07:36.127Z [32minfo[39m: Scanning for routes...

[RouteUtils.emit] 2026-08-28T19:07:36.128Z [32minfo[39m: Registered Route: DELETE /api/accounts/:id
[RouteUtils.emit] 2026-08-28T19:07:36.128Z [32minfo[39m: Registered Route: GET /api/accounts/:id
[RouteUtils.emit] 2026-08-28T19:07:36.128Z [32minfo[39m: Registered Route: POST /api/accounts/:id/revokeSessions

[RouteUtils.emit] 2026-08-28T19:07:36.129Z [32minfo[39m: Registered Route: POST /api/aliases
[RouteUtils.emit] 2026-08-28T19:07:36.129Z [32minfo[39m: Registered Route: DELETE /api/aliases/:id
[RouteUtils.emit] 2026-08-28T19:07:36.130Z [32minfo[39m: Registered Route: GET /api/aliases
[RouteUtils.emit] 2026-08-28T19:07:36.130Z [32minfo[39m: Registered Route: GET /api/aliases/:id/sendCode
[RouteUtils.emit] 2026-08-28T19:07:36.131Z [32minfo[39m: Registered Route: PUT /api/aliases/:id
[RouteUtils.emit] 2026-08-28T19:07:36.131Z [32minfo[39m: Registered Route: PUT /api/aliases
[RouteUtils.emit] 2026-08-28T19:07:36.131Z [32minfo[39m: Registered Route: PUT /api/aliases/:id/:property
[RouteUtils.emit] 2026-08-28T19:07:36.132Z [32minfo[39m: Registered Route: POST /api/aliases/:id/verify
[RouteUtils.emit] 2026-08-28T19:07:36.132Z [32minfo[39m: Registered Route: HEAD /api/aliases
[RouteUtils.emit] 2026-08-28T19:07:36.132Z [32minfo[39m: Registered Route: HEAD /api/aliases/:id
[RouteUtils.emit] 2026-08-28T19:07:36.133Z [32minfo[39m: Registered Route: GET /api/aliases/:id
[RouteUtils.emit] 2026-08-28T19:07:36.133Z [32minfo[39m: Registered Route: DELETE /api/aliases

[RouteUtils.emit] 2026-08-28T19:07:36.134Z [32minfo[39m: Registered Route: GET /api/auth/password

[RouteUtils.emit] 2026-08-28T19:07:36.134Z [32minfo[39m: Registered Route: POST /api/auth/facebook
[RouteUtils.emit] 2026-08-28T19:07:36.135Z [32minfo[39m: Registered Route: GET /api/auth/facebook
[RouteUtils.emit] 2026-08-28T19:07:36.135Z [32minfo[39m: Registered Route: GET /api/auth/facebook/authorize

[RouteUtils.emit] 2026-08-28T19:07:36.135Z [32minfo[39m: Registered Route: POST /api/auth/fido2
[RouteUtils.emit] 2026-08-28T19:07:36.136Z [32minfo[39m: Registered Route: GET /api/auth/fido2

[RouteUtils.emit] 2026-08-28T19:07:36.136Z [32minfo[39m: Registered Route: GET /api/admin/clear-cache
[RouteUtils.emit] 2026-08-28T19:07:36.137Z [32minfo[39m: Registered Route: WS /api/admin/logs
[RouteUtils.emit] 2026-08-28T19:07:36.137Z [32minfo[39m: Registered Route: GET /api/admin/release-notes
[RouteUtils.emit] 2026-08-28T19:07:36.137Z [32minfo[39m: Registered Route: GET /api/admin/restart

[RouteUtils.emit] 2026-08-28T19:07:36.138Z [32minfo[39m: Registered Route: POST /api/auth/microsoft
[RouteUtils.emit] 2026-08-28T19:07:36.138Z [32minfo[39m: Registered Route: GET /api/auth/microsoft
[RouteUtils.emit] 2026-08-28T19:07:36.138Z [32minfo[39m: Registered Route: GET /api/auth/microsoft/authorize

[RouteUtils.emit] 2026-08-28T19:07:36.139Z [32minfo[39m: Registered Route: POST /api/auth/otp
[RouteUtils.emit] 2026-08-28T19:07:36.139Z [32minfo[39m: Registered Route: GET /api/auth/otp

[RouteUtils.emit] 2026-08-28T19:07:36.140Z [32minfo[39m: Registered Route: GET /api/openapi
[RouteUtils.emit] 2026-08-28T19:07:36.140Z [32minfo[39m: Registered Route: GET /api/openapi/json
[RouteUtils.emit] 2026-08-28T19:07:36.140Z [32minfo[39m: Registered Route: GET /api/openapi/yaml

[RouteUtils.emit] 2026-08-28T19:07:36.141Z [32minfo[39m: Registered Route: POST /api/profiles
[RouteUtils.emit] 2026-08-28T19:07:36.141Z [32minfo[39m: Registered Route: DELETE /api/profiles/:id
[RouteUtils.emit] 2026-08-28T19:07:36.142Z [32minfo[39m: Registered Route: GET /api/profiles
[RouteUtils.emit] 2026-08-28T19:07:36.142Z [32minfo[39m: Registered Route: GET /api/profiles/:id
[RouteUtils.emit] 2026-08-28T19:07:36.142Z [32minfo[39m: Registered Route: GET /api/profiles/:id/contacts/sendCode
[RouteUtils.emit] 2026-08-28T19:07:36.143Z [32minfo[39m: Registered Route: PUT /api/profiles/:id
[RouteUtils.emit] 2026-08-28T19:07:36.143Z [32minfo[39m: Registered Route: POST /api/profiles/:id/contacts/verify
[RouteUtils.emit] 2026-08-28T19:07:36.144Z [32minfo[39m: Registered Route: PUT /api/profiles/:id/:property
[RouteUtils.emit] 2026-08-28T19:07:36.144Z [32minfo[39m: Registered Route: HEAD /api/profiles
[RouteUtils.emit] 2026-08-28T19:07:36.144Z [32minfo[39m: Registered Route: HEAD /api/profiles/:id
[RouteUtils.emit] 2026-08-28T19:07:36.145Z [32minfo[39m: Registered Route: DELETE /api/profiles
[RouteUtils.emit] 2026-08-28T19:07:36.145Z [32minfo[39m: Registered Route: PUT /api/profiles

[RouteUtils.emit] 2026-08-28T19:07:36.145Z [32minfo[39m: Registered Route: POST /api/auth/apple
[RouteUtils.emit] 2026-08-28T19:07:36.146Z [32minfo[39m: Registered Route: GET /api/auth/apple
[RouteUtils.emit] 2026-08-28T19:07:36.146Z [32minfo[39m: Registered Route: GET /api/auth/apple/authorize

[RouteUtils.emit] 2026-08-28T19:07:36.147Z [32minfo[39m: Registered Route: HEAD /api/secrets
[RouteUtils.emit] 2026-08-28T19:07:36.147Z [32minfo[39m: Registered Route: GET /api/secrets/passkey/register
[RouteUtils.emit] 2026-08-28T19:07:36.147Z [32minfo[39m: Registered Route: GET /api/secrets/password
[RouteUtils.emit] 2026-08-28T19:07:36.148Z [32minfo[39m: Registered Route: GET /api/secrets/fido2/register
[RouteUtils.emit] 2026-08-28T19:07:36.148Z [32minfo[39m: Registered Route: POST /api/secrets
[RouteUtils.emit] 2026-08-28T19:07:36.149Z [32minfo[39m: Registered Route: DELETE /api/secrets/:id
[RouteUtils.emit] 2026-08-28T19:07:36.149Z [32minfo[39m: Registered Route: HEAD /api/secrets/:id
[RouteUtils.emit] 2026-08-28T19:07:36.149Z [32minfo[39m: Registered Route: GET /api/secrets
[RouteUtils.emit] 2026-08-28T19:07:36.150Z [32minfo[39m: Registered Route: GET /api/secrets/:id
[RouteUtils.emit] 2026-08-28T19:07:36.150Z [32minfo[39m: Registered Route: DELETE /api/secrets
[RouteUtils.emit] 2026-08-28T19:07:36.150Z [32minfo[39m: Registered Route: PUT /api/secrets/:id

[RouteUtils.emit] 2026-08-28T19:07:36.151Z [32minfo[39m: Registered Route: POST /api/auth/google
[RouteUtils.emit] 2026-08-28T19:07:36.151Z [32minfo[39m: Registered Route: GET /api/auth/google
[RouteUtils.emit] 2026-08-28T19:07:36.151Z [32minfo[39m: Registered Route: GET /api/auth/google/authorize

[RouteUtils.emit] 2026-08-28T19:07:36.152Z [32minfo[39m: Registered Route: GET /api/auth/discover

[RouteUtils.emit] 2026-08-28T19:07:36.152Z [32minfo[39m: Registered Route: POST /api/auth/totp
[RouteUtils.emit] 2026-08-28T19:07:36.153Z [32minfo[39m: Registered Route: GET /api/auth/totp

[RouteUtils.emit] 2026-08-28T19:07:36.153Z [32minfo[39m: Registered Route: POST /api/auth/passkey
[RouteUtils.emit] 2026-08-28T19:07:36.154Z [32minfo[39m: Registered Route: GET /api/auth/passkey

[RouteUtils.emit] 2026-08-28T19:07:36.154Z [32minfo[39m: Registered Route: POST /api/register/start
[RouteUtils.emit] 2026-08-28T19:07:36.155Z [32minfo[39m: Registered Route: POST /api/register/verify

[RouteUtils.emit] 2026-08-28T19:07:36.155Z [32minfo[39m: Registered Route: GET /api/metrics
[RouteUtils.emit] 2026-08-28T19:07:36.155Z [32minfo[39m: Registered Route: GET /api/metrics/:metric

[RouteUtils.emit] 2026-08-28T19:07:36.156Z [32minfo[39m: Registered Route: GET /api/status

[RouteUtils.emit] 2026-08-28T19:07:36.156Z [32minfo[39m: Registered Route: POST /api/auth/mfa
[RouteUtils.emit] 2026-08-28T19:07:36.157Z [32minfo[39m: Registered Route: GET /api/auth/mfa

[RouteUtils.emit] 2026-08-28T19:07:36.157Z [32minfo[39m: Registered Route: POST /api/auth/logout

[RouteUtils.emit] 2026-08-28T19:07:36.157Z [32minfo[39m: Registered Route: GET /api/auth/elevation
[RouteUtils.emit] 2026-08-28T19:07:36.158Z [32minfo[39m: Registered Route: POST /api/auth/elevation

[RouteUtils.emit] 2026-08-28T19:07:36.158Z [32minfo[39m: Registered Route: HEAD /api/users
[RouteUtils.emit] 2026-08-28T19:07:36.159Z [32minfo[39m: Registered Route: POST /api/users
[RouteUtils.emit] 2026-08-28T19:07:36.159Z [32minfo[39m: Registered Route: DELETE /api/users/:id
[RouteUtils.emit] 2026-08-28T19:07:36.159Z [32minfo[39m: Registered Route: HEAD /api/users/:id
[RouteUtils.emit] 2026-08-28T19:07:36.160Z [32minfo[39m: Registered Route: GET /api/users
[RouteUtils.emit] 2026-08-28T19:07:36.160Z [32minfo[39m: Registered Route: GET /api/users/:id
[RouteUtils.emit] 2026-08-28T19:07:36.160Z [32minfo[39m: Registered Route: DELETE /api/users
[RouteUtils.emit] 2026-08-28T19:07:36.161Z [32minfo[39m: Registered Route: PUT /api/users/:id

[RouteUtils.emit] 2026-08-28T19:07:36.161Z [32minfo[39m: Registered Route: POST /api/auth/refresh
[RouteUtils.emit] 2026-08-28T19:07:36.161Z [32minfo[39m: Registered Route: GET /api/auth/refresh

[RouteUtils.emit] 2026-08-28T19:07:36.162Z [32minfo[39m: Registered Route: GET /admin/*
[RouteUtils.emit] 2026-08-28T19:07:36.162Z [32minfo[39m: Registered Route: GET /admin

[RouteUtils.emit] 2026-08-28T19:07:36.163Z [32minfo[39m: Registered Route: GET /*
[RouteUtils.emit] 2026-08-28T19:07:36.163Z [32minfo[39m: Registered Route: GET /

[DerivedLogger.emit] 2026-08-28T19:07:36.164Z [32minfo[39m: Listening on 0.0.0.0:3000...

[DerivedLogger.emit] 2026-08-28T19:07:37.166Z [32minfo[39m: Stopping background services...

[DerivedLogger.emit] 2026-08-28T19:07:37.167Z [32minfo[39m: Stopping server...
[DerivedLogger.emit] 2026-08-28T19:07:37.167Z [32minfo[39m: Closing database connections...

[ConnectionManager.emit] 2026-08-28T19:07:37.169Z [32minfo[39m: Successfully disconnected from all configured databases.

[DerivedLogger.emit] 2026-08-28T19:07:37.169Z [32minfo[39m: Starting server...

[DerivedLogger.emit] 2026-08-28T19:07:37.169Z [32minfo[39m: Loading all service classes...

[DerivedLogger.emit] 2026-08-28T19:07:37.175Z [32minfo[39m: Scanning for data models...
[DerivedLogger.emit] 2026-08-28T19:07:37.175Z [32minfo[39m: Initializing database connection(s)...
[ConnectionManager.emit] 2026-08-28T19:07:37.175Z [32minfo[39m: Connecting to database cache [redis://localhost]...

[ConnectionManager.emit] 2026-08-28T19:07:37.176Z [32minfo[39m: Connecting to database events [redis://localhost]...

[ConnectionManager.emit] 2026-08-28T19:07:37.176Z [32minfo[39m: Connecting to database logs [redis://localhost]...

[ConnectionManager.emit] 2026-08-28T19:07:37.177Z [32minfo[39m: Connecting to database acl [mongodb://localhost:9999/acls]...
[ConnectionManager.emit] 2026-08-28T19:07:37.177Z [32minfo[39m: Connecting to database mongo [mongodb://localhost:9999/rrst_auth]...

[ConnectionManager.emit] 2026-08-28T19:07:37.183Z [33mwarn[39m: Datastore &apos;acl&apos; is a standalone MongoDB instance and does not support multi-document transactions. @Transactional will run without a transaction for models on this datastore. Configure MongoDB as a replica set (or sharded cluster) to enable it.

[ConnectionManager.emit] 2026-08-28T19:07:37.183Z [33mwarn[39m: Datastore &apos;mongo&apos; is a standalone MongoDB instance and does not support multi-document transactions. @Transactional will run without a transaction for models on this datastore. Configure MongoDB as a replica set (or sharded cluster) to enable it.

[ConnectionManager.emit] 2026-08-28T19:07:37.187Z [32minfo[39m: Successfully connected to all configured databases.

[DerivedLogger.emit] 2026-08-28T19:07:37.188Z [32minfo[39m: Starting background services...

[BackgroundServiceManager.emit] 2026-08-28T19:07:37.188Z [32minfo[39m: Starting service DefaultAccountsMongo...

[BackgroundServiceManager.emit] 2026-08-28T19:07:37.188Z [31merror[39m: Failed to start service: DefaultAccountsMongo
[BackgroundServiceManager.emit] 2026-08-28T19:07:37.189Z [34mdebug[39m: Client must be connected before running operations

[DerivedLogger.emit] 2026-08-28T19:07:37.189Z [32minfo[39m: Initializing event manager...

[DerivedLogger.emit] 2026-08-28T19:07:37.190Z [32minfo[39m: Scanning for routes...

[RouteUtils.emit] 2026-08-28T19:07:37.190Z [32minfo[39m: Registered Route: DELETE /api/accounts/:id
[RouteUtils.emit] 2026-08-28T19:07:37.190Z [32minfo[39m: Registered Route: GET /api/accounts/:id
[RouteUtils.emit] 2026-08-28T19:07:37.191Z [32minfo[39m: Registered Route: POST /api/accounts/:id/revokeSessions

[RouteUtils.emit] 2026-08-28T19:07:37.191Z [32minfo[39m: Registered Route: POST /api/aliases
[RouteUtils.emit] 2026-08-28T19:07:37.192Z [32minfo[39m: Registered Route: DELETE /api/aliases/:id
[RouteUtils.emit] 2026-08-28T19:07:37.192Z [32minfo[39m: Registered Route: GET /api/aliases
[RouteUtils.emit] 2026-08-28T19:07:37.192Z [32minfo[39m: Registered Route: GET /api/aliases/:id/sendCode
[RouteUtils.emit] 2026-08-28T19:07:37.193Z [32minfo[39m: Registered Route: PUT /api/aliases/:id
[RouteUtils.emit] 2026-08-28T19:07:37.193Z [32minfo[39m: Registered Route: PUT /api/aliases
[RouteUtils.emit] 2026-08-28T19:07:37.194Z [32minfo[39m: Registered Route: PUT /api/aliases/:id/:property
[RouteUtils.emit] 2026-08-28T19:07:37.194Z [32minfo[39m: Registered Route: POST /api/aliases/:id/verify
[RouteUtils.emit] 2026-08-28T19:07:37.194Z [32minfo[39m: Registered Route: HEAD /api/aliases
[RouteUtils.emit] 2026-08-28T19:07:37.195Z [32minfo[39m: Registered Route: HEAD /api/aliases/:id
[RouteUtils.emit] 2026-08-28T19:07:37.195Z [32minfo[39m: Registered Route: GET /api/aliases/:id
[RouteUtils.emit] 2026-08-28T19:07:37.196Z [32minfo[39m: Registered Route: DELETE /api/aliases

[RouteUtils.emit] 2026-08-28T19:07:37.196Z [32minfo[39m: Registered Route: GET /api/auth/password

[RouteUtils.emit] 2026-08-28T19:07:37.197Z [32minfo[39m: Registered Route: POST /api/auth/facebook
[RouteUtils.emit] 2026-08-28T19:07:37.197Z [32minfo[39m: Registered Route: GET /api/auth/facebook
[RouteUtils.emit] 2026-08-28T19:07:37.197Z [32minfo[39m: Registered Route: GET /api/auth/facebook/authorize

[RouteUtils.emit] 2026-08-28T19:07:37.198Z [32minfo[39m: Registered Route: POST /api/auth/fido2
[RouteUtils.emit] 2026-08-28T19:07:37.198Z [32minfo[39m: Registered Route: GET /api/auth/fido2

[RouteUtils.emit] 2026-08-28T19:07:37.199Z [32minfo[39m: Registered Route: GET /api/admin/clear-cache
[RouteUtils.emit] 2026-08-28T19:07:37.199Z [32minfo[39m: Registered Route: WS /api/admin/logs
[RouteUtils.emit] 2026-08-28T19:07:37.199Z [32minfo[39m: Registered Route: GET /api/admin/release-notes
[RouteUtils.emit] 2026-08-28T19:07:37.200Z [32minfo[39m: Registered Route: GET /api/admin/restart

[RouteUtils.emit] 2026-08-28T19:07:37.200Z [32minfo[39m: Registered Route: POST /api/auth/microsoft
[RouteUtils.emit] 2026-08-28T19:07:37.200Z [32minfo[39m: Registered Route: GET /api/auth/microsoft
[RouteUtils.emit] 2026-08-28T19:07:37.201Z [32minfo[39m: Registered Route: GET /api/auth/microsoft/authorize

[RouteUtils.emit] 2026-08-28T19:07:37.201Z [32minfo[39m: Registered Route: POST /api/auth/otp
[RouteUtils.emit] 2026-08-28T19:07:37.201Z [32minfo[39m: Registered Route: GET /api/auth/otp

[RouteUtils.emit] 2026-08-28T19:07:37.202Z [32minfo[39m: Registered Route: GET /api/openapi
[RouteUtils.emit] 2026-08-28T19:07:37.202Z [32minfo[39m: Registered Route: GET /api/openapi/json
[RouteUtils.emit] 2026-08-28T19:07:37.203Z [32minfo[39m: Registered Route: GET /api/openapi/yaml

[RouteUtils.emit] 2026-08-28T19:07:37.203Z [32minfo[39m: Registered Route: POST /api/profiles
[RouteUtils.emit] 2026-08-28T19:07:37.203Z [32minfo[39m: Registered Route: DELETE /api/profiles/:id
[RouteUtils.emit] 2026-08-28T19:07:37.204Z [32minfo[39m: Registered Route: GET /api/profiles
[RouteUtils.emit] 2026-08-28T19:07:37.204Z [32minfo[39m: Registered Route: GET /api/profiles/:id
[RouteUtils.emit] 2026-08-28T19:07:37.204Z [32minfo[39m: Registered Route: GET /api/profiles/:id/contacts/sendCode
[RouteUtils.emit] 2026-08-28T19:07:37.205Z [32minfo[39m: Registered Route: PUT /api/profiles/:id
[RouteUtils.emit] 2026-08-28T19:07:37.205Z [32minfo[39m: Registered Route: POST /api/profiles/:id/contacts/verify
[RouteUtils.emit] 2026-08-28T19:07:37.205Z [32minfo[39m: Registered Route: PUT /api/profiles/:id/:property
[RouteUtils.emit] 2026-08-28T19:07:37.206Z [32minfo[39m: Registered Route: HEAD /api/profiles
[RouteUtils.emit] 2026-08-28T19:07:37.206Z [32minfo[39m: Registered Route: HEAD /api/profiles/:id
[RouteUtils.emit] 2026-08-28T19:07:37.207Z [32minfo[39m: Registered Route: DELETE /api/profiles
[RouteUtils.emit] 2026-08-28T19:07:37.207Z [32minfo[39m: Registered Route: PUT /api/profiles

[RouteUtils.emit] 2026-08-28T19:07:37.207Z [32minfo[39m: Registered Route: POST /api/auth/apple
[RouteUtils.emit] 2026-08-28T19:07:37.208Z [32minfo[39m: Registered Route: GET /api/auth/apple
[RouteUtils.emit] 2026-08-28T19:07:37.208Z [32minfo[39m: Registered Route: GET /api/auth/apple/authorize

[RouteUtils.emit] 2026-08-28T19:07:37.209Z [32minfo[39m: Registered Route: HEAD /api/secrets
[RouteUtils.emit] 2026-08-28T19:07:37.209Z [32minfo[39m: Registered Route: GET /api/secrets/passkey/register
[RouteUtils.emit] 2026-08-28T19:07:37.209Z [32minfo[39m: Registered Route: GET /api/secrets/password
[RouteUtils.emit] 2026-08-28T19:07:37.210Z [32minfo[39m: Registered Route: GET /api/secrets/fido2/register
[RouteUtils.emit] 2026-08-28T19:07:37.210Z [32minfo[39m: Registered Route: POST /api/secrets
[RouteUtils.emit] 2026-08-28T19:07:37.210Z [32minfo[39m: Registered Route: DELETE /api/secrets/:id
[RouteUtils.emit] 2026-08-28T19:07:37.211Z [32minfo[39m: Registered Route: HEAD /api/secrets/:id
[RouteUtils.emit] 2026-08-28T19:07:37.211Z [32minfo[39m: Registered Route: GET /api/secrets
[RouteUtils.emit] 2026-08-28T19:07:37.211Z [32minfo[39m: Registered Route: GET /api/secrets/:id
[RouteUtils.emit] 2026-08-28T19:07:37.212Z [32minfo[39m: Registered Route: DELETE /api/secrets
[RouteUtils.emit] 2026-08-28T19:07:37.212Z [32minfo[39m: Registered Route: PUT /api/secrets/:id

[RouteUtils.emit] 2026-08-28T19:07:37.212Z [32minfo[39m: Registered Route: POST /api/auth/google
[RouteUtils.emit] 2026-08-28T19:07:37.213Z [32minfo[39m: Registered Route: GET /api/auth/google
[RouteUtils.emit] 2026-08-28T19:07:37.213Z [32minfo[39m: Registered Route: GET /api/auth/google/authorize

[RouteUtils.emit] 2026-08-28T19:07:37.214Z [32minfo[39m: Registered Route: GET /api/auth/discover

[RouteUtils.emit] 2026-08-28T19:07:37.214Z [32minfo[39m: Registered Route: POST /api/auth/totp
[RouteUtils.emit] 2026-08-28T19:07:37.214Z [32minfo[39m: Registered Route: GET /api/auth/totp

[RouteUtils.emit] 2026-08-28T19:07:37.215Z [32minfo[39m: Registered Route: POST /api/auth/passkey
[RouteUtils.emit] 2026-08-28T19:07:37.215Z [32minfo[39m: Registered Route: GET /api/auth/passkey

[RouteUtils.emit] 2026-08-28T19:07:37.216Z [32minfo[39m: Registered Route: POST /api/register/start
[RouteUtils.emit] 2026-08-28T19:07:37.216Z [32minfo[39m: Registered Route: POST /api/register/verify

[RouteUtils.emit] 2026-08-28T19:07:37.216Z [32minfo[39m: Registered Route: GET /api/metrics
[RouteUtils.emit] 2026-08-28T19:07:37.217Z [32minfo[39m: Registered Route: GET /api/metrics/:metric

[RouteUtils.emit] 2026-08-28T19:07:37.217Z [32minfo[39m: Registered Route: GET /api/status

[RouteUtils.emit] 2026-08-28T19:07:37.218Z [32minfo[39m: Registered Route: POST /api/auth/mfa
[RouteUtils.emit] 2026-08-28T19:07:37.218Z [32minfo[39m: Registered Route: GET /api/auth/mfa

[RouteUtils.emit] 2026-08-28T19:07:37.219Z [32minfo[39m: Registered Route: POST /api/auth/logout

[RouteUtils.emit] 2026-08-28T19:07:37.219Z [32minfo[39m: Registered Route: GET /api/auth/elevation
[RouteUtils.emit] 2026-08-28T19:07:37.220Z [32minfo[39m: Registered Route: POST /api/auth/elevation

[RouteUtils.emit] 2026-08-28T19:07:37.220Z [32minfo[39m: Registered Route: HEAD /api/users
[RouteUtils.emit] 2026-08-28T19:07:37.221Z [32minfo[39m: Registered Route: POST /api/users
[RouteUtils.emit] 2026-08-28T19:07:37.221Z [32minfo[39m: Registered Route: DELETE /api/users/:id
[RouteUtils.emit] 2026-08-28T19:07:37.221Z [32minfo[39m: Registered Route: HEAD /api/users/:id
[RouteUtils.emit] 2026-08-28T19:07:37.222Z [32minfo[39m: Registered Route: GET /api/users
[RouteUtils.emit] 2026-08-28T19:07:37.222Z [32minfo[39m: Registered Route: GET /api/users/:id
[RouteUtils.emit] 2026-08-28T19:07:37.223Z [32minfo[39m: Registered Route: DELETE /api/users
[RouteUtils.emit] 2026-08-28T19:07:37.223Z [32minfo[39m: Registered Route: PUT /api/users/:id

[RouteUtils.emit] 2026-08-28T19:07:37.223Z [32minfo[39m: Registered Route: POST /api/auth/refresh
[RouteUtils.emit] 2026-08-28T19:07:37.224Z [32minfo[39m: Registered Route: GET /api/auth/refresh

[RouteUtils.emit] 2026-08-28T19:07:37.224Z [32minfo[39m: Registered Route: GET /admin/*
[RouteUtils.emit] 2026-08-28T19:07:37.225Z [32minfo[39m: Registered Route: GET /admin

[RouteUtils.emit] 2026-08-28T19:07:37.225Z [32minfo[39m: Registered Route: GET /*
[RouteUtils.emit] 2026-08-28T19:07:37.226Z [32minfo[39m: Registered Route: GET /

[DerivedLogger.emit] 2026-08-28T19:07:37.226Z [32minfo[39m: Listening on 0.0.0.0:3000...

[DerivedLogger.emit] 2026-08-28T19:07:38.231Z [32minfo[39m: Stopping background services...

[DerivedLogger.emit] 2026-08-28T19:07:38.232Z [32minfo[39m: Stopping server...
[DerivedLogger.emit] 2026-08-28T19:07:38.232Z [32minfo[39m: Closing database connections...

[ConnectionManager.emit] 2026-08-28T19:07:38.233Z [32minfo[39m: Successfully disconnected from all configured databases.

            </system-out>
        </testcase>
    </testsuite>
    <testsuite name="test/DefaultAccounts.sql.test.ts" timestamp="2026-08-28T19:09:03.017Z" hostname="Jane" tests="2" failures="0" errors="0" skipped="0" time="3.9594576">
        <testcase classname="test/DefaultAccounts.sql.test.ts" name="DefaultAccounts Tests (sql) &gt; creates a default admin account on startup and logs its one-time password" time="1.7757542">
            <system-out>
[DerivedLogger.emit] 2026-08-28T19:07:45.254Z [32minfo[39m: Starting server...

[DerivedLogger.emit] 2026-08-28T19:07:45.261Z [32minfo[39m: Registering class OpenApiSpec
[DerivedLogger.emit] 2026-08-28T19:07:45.262Z [34mdebug[39m: Creating new instance of class [OpenApiSpec] with name [OpenApiSpec:default]

[DerivedLogger.emit] 2026-08-28T19:07:45.263Z [32minfo[39m: Registering class ConnectionManager
[DerivedLogger.emit] 2026-08-28T19:07:45.264Z [34mdebug[39m: Creating new instance of class [ConnectionManager] with name [ConnectionManager:default]

[DerivedLogger.emit] 2026-08-28T19:07:45.264Z [32minfo[39m: Loading all service classes...

[DerivedLogger.emit] 2026-08-28T19:07:45.426Z [32minfo[39m: Registering class DefaultAccountsSQL
[DerivedLogger.emit] 2026-08-28T19:07:45.427Z [32minfo[39m: Registering class UserSQL
[DerivedLogger.emit] 2026-08-28T19:07:45.427Z [32minfo[39m: Registering class AliasSQL
[DerivedLogger.emit] 2026-08-28T19:07:45.428Z [32minfo[39m: Registering class ProfileSQL
[DerivedLogger.emit] 2026-08-28T19:07:45.432Z [32minfo[39m: Registering class SecretSQL
[DerivedLogger.emit] 2026-08-28T19:07:45.432Z [32minfo[39m: Registering class routes.AccountRoute
[DerivedLogger.emit] 2026-08-28T19:07:45.432Z [32minfo[39m: Registering class routes.AliasRoute
[DerivedLogger.emit] 2026-08-28T19:07:45.433Z [32minfo[39m: Registering class routes.AuthAppleRoute
[DerivedLogger.emit] 2026-08-28T19:07:45.433Z [32minfo[39m: Registering class routes.AuthBasicRoute
[DerivedLogger.emit] 2026-08-28T19:07:45.437Z [32minfo[39m: Registering class routes.AdminRoute
[DerivedLogger.emit] 2026-08-28T19:07:45.437Z [32minfo[39m: Registering class routes.AuthFacebookRoute
[DerivedLogger.emit] 2026-08-28T19:07:45.438Z [32minfo[39m: Registering class routes.AuthGoogleRoute
[DerivedLogger.emit] 2026-08-28T19:07:45.438Z [32minfo[39m: Registering class routes.AuthMicrosoftRoute
[DerivedLogger.emit] 2026-08-28T19:07:45.438Z [32minfo[39m: Registering class routes.AuthPasskeyRoute
[DerivedLogger.emit] 2026-08-28T19:07:45.439Z [32minfo[39m: Registering class routes.AuthTOTPRoute
[DerivedLogger.emit] 2026-08-28T19:07:45.439Z [32minfo[39m: Registering class routes.OpenAPIRoute
[DerivedLogger.emit] 2026-08-28T19:07:45.439Z [32minfo[39m: Registering class routes.RegistrationRoute
[DerivedLogger.emit] 2026-08-28T19:07:45.439Z [32minfo[39m: Registering class routes.UserRoute
[DerivedLogger.emit] 2026-08-28T19:07:45.440Z [32minfo[39m: Registering class routes.StatusRoute
[DerivedLogger.emit] 2026-08-28T19:07:45.440Z [32minfo[39m: Registering class routes.AuthDiscoverRoute
[DerivedLogger.emit] 2026-08-28T19:07:45.440Z [32minfo[39m: Registering class routes.AuthFIDO2Route
[DerivedLogger.emit] 2026-08-28T19:07:45.443Z [32minfo[39m: Registering class routes.MetricsRoute
[DerivedLogger.emit] 2026-08-28T19:07:45.444Z [32minfo[39m: Registering class routes.SecretRoute
[DerivedLogger.emit] 2026-08-28T19:07:45.444Z [32minfo[39m: Registering class routes.AuthMFARoute
[DerivedLogger.emit] 2026-08-28T19:07:45.444Z [32minfo[39m: Registering class routes.AuthRefreshRoute
[DerivedLogger.emit] 2026-08-28T19:07:45.444Z [32minfo[39m: Registering class routes.AuthOTPRoute
[DerivedLogger.emit] 2026-08-28T19:07:45.445Z [32minfo[39m: Registering class routes.AuthLogoutRoute
[DerivedLogger.emit] 2026-08-28T19:07:45.445Z [32minfo[39m: Registering class routes.AuthElevationRoute
[DerivedLogger.emit] 2026-08-28T19:07:45.445Z [32minfo[39m: Registering class routes.ProfileRoute
[DerivedLogger.emit] 2026-08-28T19:07:45.446Z [32minfo[39m: Registering class routes.AdminConsoleRoute
[DerivedLogger.emit] 2026-08-28T19:07:45.446Z [32minfo[39m: Registering class routes.AppRoute
[DerivedLogger.emit] 2026-08-28T19:07:45.446Z [32minfo[39m: Scanning for data models...
[DerivedLogger.emit] 2026-08-28T19:07:45.447Z [32minfo[39m: Initializing database connection(s)...
[ConnectionManager.emit] 2026-08-28T19:07:45.448Z [32minfo[39m: Connecting to database cache [redis://localhost]...

[ConnectionManager.emit] 2026-08-28T19:07:45.456Z [32minfo[39m: Connecting to database events [redis://localhost]...

[ConnectionManager.emit] 2026-08-28T19:07:45.457Z [32minfo[39m: Connecting to database logs [redis://localhost]...

[ConnectionManager.emit] 2026-08-28T19:07:45.457Z [32minfo[39m: Connecting to database acl [better-sqlite3://localhost/rrst-test-default-accounts-acl]...
[ConnectionManager.emit] 2026-08-28T19:07:45.458Z [32minfo[39m: Connecting to database sql [better-sqlite3://localhost/rrst-test-default-accounts]...

[ConnectionManager.emit] 2026-08-28T19:07:45.704Z [32minfo[39m: Successfully connected to all configured databases.

[DerivedLogger.emit] 2026-08-28T19:07:45.704Z [32minfo[39m: Registering class ACLUtils
[DerivedLogger.emit] 2026-08-28T19:07:45.705Z [34mdebug[39m: Creating new instance of class [ACLUtils] with name [ACLUtils:default]
[DerivedLogger.emit] 2026-08-28T19:07:45.705Z [32minfo[39m: Registering class RedisCache
[DerivedLogger.emit] 2026-08-28T19:07:45.707Z [34mdebug[39m: Creating new instance of class [RedisCache] with name [RedisCache:AccessControlListSQL]

[ACLUtils.emit] 2026-08-28T19:07:45.707Z [32minfo[39m: RBAC system is enabled and ready.

[DerivedLogger.emit] 2026-08-28T19:07:45.711Z [32minfo[39m: Registering class SessionManager
[DerivedLogger.emit] 2026-08-28T19:07:45.712Z [34mdebug[39m: Creating new instance of class [SessionManager] with name [SessionManager:default]

[DerivedLogger.emit] 2026-08-28T19:07:45.712Z [32minfo[39m: Registering class RedisSessionStore
[DerivedLogger.emit] 2026-08-28T19:07:45.713Z [34mdebug[39m: Creating new instance of class [RedisSessionStore] with name [RedisSessionStore:970b2243-61cf-467c-b7ec-2258cbf3a475]

[SessionManager.emit] 2026-08-28T19:07:45.716Z [32minfo[39m: Session support enabled (store: redis).

[DerivedLogger.emit] 2026-08-28T19:07:45.716Z [32minfo[39m: Registering class RouteUtils
[DerivedLogger.emit] 2026-08-28T19:07:45.717Z [34mdebug[39m: Creating new instance of class [RouteUtils] with name [RouteUtils:default]
[DerivedLogger.emit] 2026-08-28T19:07:45.717Z [32minfo[39m: Registering class AuthMiddleware
[DerivedLogger.emit] 2026-08-28T19:07:45.718Z [34mdebug[39m: Creating new instance of class [AuthMiddleware] with name [AuthMiddleware:default]
[DerivedLogger.emit] 2026-08-28T19:07:45.718Z [32minfo[39m: Registering class auth.JWTStrategy
[DerivedLogger.emit] 2026-08-28T19:07:45.719Z [34mdebug[39m: Creating new instance of class [auth.JWTStrategy] with name [auth.JWTStrategy:d3fd51e2-7544-4fe2-acf1-ed086068a6a9]

[DerivedLogger.emit] 2026-08-28T19:07:45.720Z [32minfo[39m: Starting background services...
[DerivedLogger.emit] 2026-08-28T19:07:45.720Z [32minfo[39m: Registering class BackgroundServiceManager
[DerivedLogger.emit] 2026-08-28T19:07:45.721Z [34mdebug[39m: Creating new instance of class [BackgroundServiceManager] with name [BackgroundServiceManager:default]

[BackgroundServiceManager.emit] 2026-08-28T19:07:45.721Z [32minfo[39m: Starting service DefaultAccountsSQL...
[DerivedLogger.emit] 2026-08-28T19:07:45.726Z [34mdebug[39m: Creating new instance of class [DefaultAccountsSQL] with name [DefaultAccountsSQL:DefaultAccountsSQL]
[DerivedLogger.emit] 2026-08-28T19:07:45.727Z [32minfo[39m: Registering class RepoUtils
[DerivedLogger.emit] 2026-08-28T19:07:45.728Z [34mdebug[39m: Creating new instance of class [RepoUtils] with name [RepoUtils:AliasSQL]
[DerivedLogger.emit] 2026-08-28T19:07:45.729Z [32minfo[39m: Unable to register class undefined for ACLUtils/undefined
[DerivedLogger.emit] 2026-08-28T19:07:45.729Z [32minfo[39m: Registering class NotificationUtils
[DerivedLogger.emit] 2026-08-28T19:07:45.730Z [34mdebug[39m: Creating new instance of class [NotificationUtils] with name [NotificationUtils:default]

[DerivedLogger.emit] 2026-08-28T19:07:45.755Z [34mdebug[39m: Creating new instance of class [RepoUtils] with name [RepoUtils:ProfileSQL]
[DerivedLogger.emit] 2026-08-28T19:07:45.756Z [32minfo[39m: Unable to register class undefined for ACLUtils/undefined

[DerivedLogger.emit] 2026-08-28T19:07:45.773Z [34mdebug[39m: Creating new instance of class [RepoUtils] with name [RepoUtils:SecretSQL]
[DerivedLogger.emit] 2026-08-28T19:07:45.773Z [32minfo[39m: Unable to register class undefined for ACLUtils/undefined

[DerivedLogger.emit] 2026-08-28T19:07:45.778Z [34mdebug[39m: Creating new instance of class [RepoUtils] with name [RepoUtils:UserSQL]
[DerivedLogger.emit] 2026-08-28T19:07:45.779Z [32minfo[39m: Unable to register class undefined for ACLUtils/undefined

[DefaultAccountsSQL.emit] 2026-08-28T19:07:45.845Z [32minfo[39m: ================================================================================
[DefaultAccountsSQL.emit] 2026-08-28T19:07:45.846Z [32minfo[39m: !!!IMPORTANT!!! Write down this information. It won&apos;t be shown again.
[DefaultAccountsSQL.emit] 2026-08-28T19:07:45.846Z [32minfo[39m: ================================================================================
[DefaultAccountsSQL.emit] 2026-08-28T19:07:45.846Z [32minfo[39m: An account has been created with the following details:
[DefaultAccountsSQL.emit] 2026-08-28T19:07:45.847Z [32minfo[39m: ------------------------------
[DefaultAccountsSQL.emit] 2026-08-28T19:07:45.847Z [32minfo[39m: Name: admin
[DefaultAccountsSQL.emit] 2026-08-28T19:07:45.848Z [32minfo[39m: Password: &apos;iFu0iq#ovAKA0*Q!k^Xu^PxaD&amp;y6zoZr&apos;
[DefaultAccountsSQL.emit] 2026-08-28T19:07:45.848Z [32minfo[39m: Roles: admin
[DefaultAccountsSQL.emit] 2026-08-28T19:07:45.848Z [32minfo[39m: ================================================================================

[DerivedLogger.emit] 2026-08-28T19:07:45.849Z [32minfo[39m: Initializing event manager...
[DerivedLogger.emit] 2026-08-28T19:07:45.849Z [32minfo[39m: Registering class EventListenerManager
[DerivedLogger.emit] 2026-08-28T19:07:45.850Z [34mdebug[39m: Creating new instance of class [EventListenerManager] with name [EventListenerManager:default]

[DerivedLogger.emit] 2026-08-28T19:07:45.851Z [32minfo[39m: Scanning for routes...
[DerivedLogger.emit] 2026-08-28T19:07:45.851Z [34mdebug[39m: Creating new instance of class [routes.AccountRoute] with name [routes.AccountRoute:default]
[DerivedLogger.emit] 2026-08-28T19:07:45.852Z [32minfo[39m: Registering class MessagingUtils
[DerivedLogger.emit] 2026-08-28T19:07:45.852Z [34mdebug[39m: Creating new instance of class [MessagingUtils] with name [MessagingUtils:default]
[DerivedLogger.emit] 2026-08-28T19:07:45.853Z [32minfo[39m: Registering class TokenUtils
[DerivedLogger.emit] 2026-08-28T19:07:45.853Z [34mdebug[39m: Creating new instance of class [TokenUtils] with name [TokenUtils:default]
[DerivedLogger.emit] 2026-08-28T19:07:45.856Z [32minfo[39m: Registering class RateLimiter
[DerivedLogger.emit] 2026-08-28T19:07:45.857Z [34mdebug[39m: Creating new instance of class [RateLimiter] with name [RateLimiter:default]
[DerivedLogger.emit] 2026-08-28T19:07:45.857Z [32minfo[39m: Registering class MemoryStore
[DerivedLogger.emit] 2026-08-28T19:07:45.858Z [34mdebug[39m: Creating new instance of class [MemoryStore] with name [MemoryStore:default]

[RouteUtils.emit] 2026-08-28T19:07:45.859Z [32minfo[39m: Registered Route: DELETE /api/accounts/:id
[RouteUtils.emit] 2026-08-28T19:07:45.861Z [32minfo[39m: Registered Route: GET /api/accounts/:id
[RouteUtils.emit] 2026-08-28T19:07:45.866Z [32minfo[39m: Registered Route: POST /api/accounts/:id/revokeSessions

[DerivedLogger.emit] 2026-08-28T19:07:45.867Z [34mdebug[39m: Creating new instance of class [routes.AliasRoute] with name [routes.AliasRoute:default]

[RouteUtils.emit] 2026-08-28T19:07:45.868Z [32minfo[39m: Registered Route: POST /api/aliases
[RouteUtils.emit] 2026-08-28T19:07:45.869Z [32minfo[39m: Registered Route: DELETE /api/aliases/:id
[RouteUtils.emit] 2026-08-28T19:07:45.869Z [32minfo[39m: Registered Route: GET /api/aliases
[RouteUtils.emit] 2026-08-28T19:07:45.870Z [32minfo[39m: Registered Route: GET /api/aliases/:id/sendCode
[RouteUtils.emit] 2026-08-28T19:07:45.870Z [32minfo[39m: Registered Route: PUT /api/aliases/:id
[RouteUtils.emit] 2026-08-28T19:07:45.871Z [32minfo[39m: Registered Route: PUT /api/aliases
[RouteUtils.emit] 2026-08-28T19:07:45.871Z [32minfo[39m: Registered Route: PUT /api/aliases/:id/:property
[RouteUtils.emit] 2026-08-28T19:07:45.872Z [32minfo[39m: Registered Route: POST /api/aliases/:id/verify
[RouteUtils.emit] 2026-08-28T19:07:45.872Z [32minfo[39m: Registered Route: HEAD /api/aliases
[RouteUtils.emit] 2026-08-28T19:07:45.872Z [32minfo[39m: Registered Route: HEAD /api/aliases/:id
[RouteUtils.emit] 2026-08-28T19:07:45.873Z [32minfo[39m: Registered Route: GET /api/aliases/:id
[RouteUtils.emit] 2026-08-28T19:07:45.873Z [32minfo[39m: Registered Route: DELETE /api/aliases

[DerivedLogger.emit] 2026-08-28T19:07:45.874Z [34mdebug[39m: Creating new instance of class [routes.AuthAppleRoute] with name [routes.AuthAppleRoute:default]

[DerivedLogger.emit] 2026-08-28T19:07:45.875Z [32minfo[39m: Registering class UserUtils
[DerivedLogger.emit] 2026-08-28T19:07:45.878Z [34mdebug[39m: Creating new instance of class [UserUtils] with name [UserUtils:default]

[DerivedLogger.emit] 2026-08-28T19:07:45.881Z [32minfo[39m: Registering class OIDCStrategy
[DerivedLogger.emit] 2026-08-28T19:07:45.881Z [34mdebug[39m: Creating new instance of class [OIDCStrategy] with name [OIDCStrategy:apple]

[RouteUtils.emit] 2026-08-28T19:07:45.882Z [32minfo[39m: Registered Route: POST /api/auth/apple
[RouteUtils.emit] 2026-08-28T19:07:45.883Z [32minfo[39m: Registered Route: GET /api/auth/apple
[RouteUtils.emit] 2026-08-28T19:07:45.883Z [32minfo[39m: Registered Route: GET /api/auth/apple/authorize

[DerivedLogger.emit] 2026-08-28T19:07:45.883Z [34mdebug[39m: Creating new instance of class [routes.AuthBasicRoute] with name [routes.AuthBasicRoute:default]

[DerivedLogger.emit] 2026-08-28T19:07:45.884Z [32minfo[39m: Registering class BasicStrategy
[DerivedLogger.emit] 2026-08-28T19:07:45.889Z [34mdebug[39m: Creating new instance of class [BasicStrategy] with name [BasicStrategy:default]

[RouteUtils.emit] 2026-08-28T19:07:45.890Z [32minfo[39m: Registered Route: GET /api/auth/password

[DerivedLogger.emit] 2026-08-28T19:07:45.890Z [34mdebug[39m: Creating new instance of class [routes.AdminRoute] with name [routes.AdminRoute:default]

[routes.AdminRoute.emit] 2026-08-28T19:07:45.891Z [32minfo[39m: Cache is enabled and ready.

[RouteUtils.emit] 2026-08-28T19:07:45.892Z [32minfo[39m: Registered Route: GET /api/admin/clear-cache
[RouteUtils.emit] 2026-08-28T19:07:45.893Z [32minfo[39m: Registered Route: WS /api/admin/logs
[RouteUtils.emit] 2026-08-28T19:07:45.893Z [32minfo[39m: Registered Route: GET /api/admin/release-notes
[RouteUtils.emit] 2026-08-28T19:07:45.894Z [32minfo[39m: Registered Route: GET /api/admin/restart

[DerivedLogger.emit] 2026-08-28T19:07:45.894Z [34mdebug[39m: Creating new instance of class [routes.AuthFacebookRoute] with name [routes.AuthFacebookRoute:default]

[DerivedLogger.emit] 2026-08-28T19:07:45.895Z [34mdebug[39m: Creating new instance of class [OIDCStrategy] with name [OIDCStrategy:facebook]

[RouteUtils.emit] 2026-08-28T19:07:45.896Z [32minfo[39m: Registered Route: POST /api/auth/facebook
[RouteUtils.emit] 2026-08-28T19:07:45.896Z [32minfo[39m: Registered Route: GET /api/auth/facebook
[RouteUtils.emit] 2026-08-28T19:07:45.896Z [32minfo[39m: Registered Route: GET /api/auth/facebook/authorize

[DerivedLogger.emit] 2026-08-28T19:07:45.897Z [34mdebug[39m: Creating new instance of class [routes.AuthGoogleRoute] with name [routes.AuthGoogleRoute:default]

[DerivedLogger.emit] 2026-08-28T19:07:45.898Z [34mdebug[39m: Creating new instance of class [OIDCStrategy] with name [OIDCStrategy:google]

[RouteUtils.emit] 2026-08-28T19:07:45.901Z [32minfo[39m: Registered Route: POST /api/auth/google
[RouteUtils.emit] 2026-08-28T19:07:45.901Z [32minfo[39m: Registered Route: GET /api/auth/google
[RouteUtils.emit] 2026-08-28T19:07:45.902Z [32minfo[39m: Registered Route: GET /api/auth/google/authorize

[DerivedLogger.emit] 2026-08-28T19:07:45.902Z [34mdebug[39m: Creating new instance of class [routes.AuthMicrosoftRoute] with name [routes.AuthMicrosoftRoute:default]

[DerivedLogger.emit] 2026-08-28T19:07:45.903Z [34mdebug[39m: Creating new instance of class [OIDCStrategy] with name [OIDCStrategy:microsoft]

[RouteUtils.emit] 2026-08-28T19:07:45.904Z [32minfo[39m: Registered Route: POST /api/auth/microsoft
[RouteUtils.emit] 2026-08-28T19:07:45.904Z [32minfo[39m: Registered Route: GET /api/auth/microsoft
[RouteUtils.emit] 2026-08-28T19:07:45.904Z [32minfo[39m: Registered Route: GET /api/auth/microsoft/authorize

[DerivedLogger.emit] 2026-08-28T19:07:45.905Z [34mdebug[39m: Creating new instance of class [routes.AuthPasskeyRoute] with name [routes.AuthPasskeyRoute:default]

[DerivedLogger.emit] 2026-08-28T19:07:45.906Z [32minfo[39m: Registering class PasskeyStrategy
[DerivedLogger.emit] 2026-08-28T19:07:45.907Z [34mdebug[39m: Creating new instance of class [PasskeyStrategy] with name [PasskeyStrategy:default]

[RouteUtils.emit] 2026-08-28T19:07:45.912Z [32minfo[39m: Registered Route: POST /api/auth/passkey
[RouteUtils.emit] 2026-08-28T19:07:45.912Z [32minfo[39m: Registered Route: GET /api/auth/passkey

[DerivedLogger.emit] 2026-08-28T19:07:45.912Z [34mdebug[39m: Creating new instance of class [routes.AuthTOTPRoute] with name [routes.AuthTOTPRoute:default]

[DerivedLogger.emit] 2026-08-28T19:07:45.913Z [32minfo[39m: Registering class TOTPStrategy
[DerivedLogger.emit] 2026-08-28T19:07:45.914Z [34mdebug[39m: Creating new instance of class [TOTPStrategy] with name [TOTPStrategy:default]

[RouteUtils.emit] 2026-08-28T19:07:45.914Z [32minfo[39m: Registered Route: POST /api/auth/totp
[RouteUtils.emit] 2026-08-28T19:07:45.915Z [32minfo[39m: Registered Route: GET /api/auth/totp

[DerivedLogger.emit] 2026-08-28T19:07:45.915Z [34mdebug[39m: Creating new instance of class [routes.OpenAPIRoute] with name [routes.OpenAPIRoute:default]

[RouteUtils.emit] 2026-08-28T19:07:45.916Z [32minfo[39m: Registered Route: GET /api/openapi
[RouteUtils.emit] 2026-08-28T19:07:45.916Z [32minfo[39m: Registered Route: GET /api/openapi/json
[RouteUtils.emit] 2026-08-28T19:07:45.917Z [32minfo[39m: Registered Route: GET /api/openapi/yaml

[DerivedLogger.emit] 2026-08-28T19:07:45.917Z [34mdebug[39m: Creating new instance of class [routes.RegistrationRoute] with name [routes.RegistrationRoute:default]

[RouteUtils.emit] 2026-08-28T19:07:45.918Z [32minfo[39m: Registered Route: POST /api/register/start
[RouteUtils.emit] 2026-08-28T19:07:45.918Z [32minfo[39m: Registered Route: POST /api/register/verify

[DerivedLogger.emit] 2026-08-28T19:07:45.924Z [34mdebug[39m: Creating new instance of class [routes.UserRoute] with name [routes.UserRoute:default]

[RouteUtils.emit] 2026-08-28T19:07:45.925Z [32minfo[39m: Registered Route: HEAD /api/users
[RouteUtils.emit] 2026-08-28T19:07:45.926Z [32minfo[39m: Registered Route: POST /api/users
[RouteUtils.emit] 2026-08-28T19:07:45.926Z [32minfo[39m: Registered Route: DELETE /api/users/:id
[RouteUtils.emit] 2026-08-28T19:07:45.927Z [32minfo[39m: Registered Route: HEAD /api/users/:id
[RouteUtils.emit] 2026-08-28T19:07:45.927Z [32minfo[39m: Registered Route: GET /api/users
[RouteUtils.emit] 2026-08-28T19:07:45.928Z [32minfo[39m: Registered Route: GET /api/users/:id
[RouteUtils.emit] 2026-08-28T19:07:45.928Z [32minfo[39m: Registered Route: DELETE /api/users
[RouteUtils.emit] 2026-08-28T19:07:45.928Z [32minfo[39m: Registered Route: PUT /api/users/:id

[DerivedLogger.emit] 2026-08-28T19:07:45.929Z [34mdebug[39m: Creating new instance of class [routes.StatusRoute] with name [routes.StatusRoute:default]
[DerivedLogger.emit] 2026-08-28T19:07:45.929Z [32minfo[39m: Registering class StatusExtraData
[DerivedLogger.emit] 2026-08-28T19:07:45.934Z [34mdebug[39m: Creating new instance of class [StatusExtraData] with name [StatusExtraData:default]

[RouteUtils.emit] 2026-08-28T19:07:45.935Z [32minfo[39m: Registered Route: GET /api/status

[DerivedLogger.emit] 2026-08-28T19:07:45.935Z [34mdebug[39m: Creating new instance of class [routes.AuthDiscoverRoute] with name [routes.AuthDiscoverRoute:default]

[RouteUtils.emit] 2026-08-28T19:07:45.936Z [32minfo[39m: Registered Route: GET /api/auth/discover

[DerivedLogger.emit] 2026-08-28T19:07:45.936Z [34mdebug[39m: Creating new instance of class [routes.AuthFIDO2Route] with name [routes.AuthFIDO2Route:default]

[DerivedLogger.emit] 2026-08-28T19:07:45.937Z [32minfo[39m: Registering class FIDO2Strategy
[DerivedLogger.emit] 2026-08-28T19:07:45.938Z [34mdebug[39m: Creating new instance of class [FIDO2Strategy] with name [FIDO2Strategy:default]

[RouteUtils.emit] 2026-08-28T19:07:45.938Z [32minfo[39m: Registered Route: POST /api/auth/fido2
[RouteUtils.emit] 2026-08-28T19:07:45.939Z [32minfo[39m: Registered Route: GET /api/auth/fido2

[DerivedLogger.emit] 2026-08-28T19:07:45.939Z [34mdebug[39m: Creating new instance of class [routes.MetricsRoute] with name [routes.MetricsRoute:default]

[RouteUtils.emit] 2026-08-28T19:07:45.940Z [32minfo[39m: Registered Route: GET /api/metrics
[RouteUtils.emit] 2026-08-28T19:07:45.940Z [32minfo[39m: Registered Route: GET /api/metrics/:metric

[DerivedLogger.emit] 2026-08-28T19:07:45.941Z [34mdebug[39m: Creating new instance of class [routes.SecretRoute] with name [routes.SecretRoute:default]

[RouteUtils.emit] 2026-08-28T19:07:45.942Z [32minfo[39m: Registered Route: HEAD /api/secrets
[RouteUtils.emit] 2026-08-28T19:07:45.942Z [32minfo[39m: Registered Route: GET /api/secrets/passkey/register
[RouteUtils.emit] 2026-08-28T19:07:45.943Z [32minfo[39m: Registered Route: GET /api/secrets/password
[RouteUtils.emit] 2026-08-28T19:07:45.946Z [32minfo[39m: Registered Route: GET /api/secrets/fido2/register
[RouteUtils.emit] 2026-08-28T19:07:45.946Z [32minfo[39m: Registered Route: POST /api/secrets
[RouteUtils.emit] 2026-08-28T19:07:45.946Z [32minfo[39m: Registered Route: DELETE /api/secrets/:id
[RouteUtils.emit] 2026-08-28T19:07:45.947Z [32minfo[39m: Registered Route: HEAD /api/secrets/:id
[RouteUtils.emit] 2026-08-28T19:07:45.947Z [32minfo[39m: Registered Route: GET /api/secrets
[RouteUtils.emit] 2026-08-28T19:07:45.948Z [32minfo[39m: Registered Route: GET /api/secrets/:id
[RouteUtils.emit] 2026-08-28T19:07:45.948Z [32minfo[39m: Registered Route: DELETE /api/secrets
[RouteUtils.emit] 2026-08-28T19:07:45.949Z [32minfo[39m: Registered Route: PUT /api/secrets/:id

[DerivedLogger.emit] 2026-08-28T19:07:45.949Z [34mdebug[39m: Creating new instance of class [routes.AuthMFARoute] with name [routes.AuthMFARoute:default]

[DerivedLogger.emit] 2026-08-28T19:07:45.950Z [32minfo[39m: Registering class MFAStrategy
[DerivedLogger.emit] 2026-08-28T19:07:45.951Z [34mdebug[39m: Creating new instance of class [MFAStrategy] with name [MFAStrategy:default]

[RouteUtils.emit] 2026-08-28T19:07:45.952Z [32minfo[39m: Registered Route: POST /api/auth/mfa
[RouteUtils.emit] 2026-08-28T19:07:45.956Z [32minfo[39m: Registered Route: GET /api/auth/mfa

[DerivedLogger.emit] 2026-08-28T19:07:45.957Z [34mdebug[39m: Creating new instance of class [routes.AuthRefreshRoute] with name [routes.AuthRefreshRoute:default]

[RouteUtils.emit] 2026-08-28T19:07:45.958Z [32minfo[39m: Registered Route: POST /api/auth/refresh
[RouteUtils.emit] 2026-08-28T19:07:45.958Z [32minfo[39m: Registered Route: GET /api/auth/refresh

[DerivedLogger.emit] 2026-08-28T19:07:45.958Z [34mdebug[39m: Creating new instance of class [routes.AuthOTPRoute] with name [routes.AuthOTPRoute:default]

[DerivedLogger.emit] 2026-08-28T19:07:45.959Z [32minfo[39m: Registering class OTPStrategy
[DerivedLogger.emit] 2026-08-28T19:07:45.960Z [34mdebug[39m: Creating new instance of class [OTPStrategy] with name [OTPStrategy:default]

[RouteUtils.emit] 2026-08-28T19:07:45.961Z [32minfo[39m: Registered Route: POST /api/auth/otp
[RouteUtils.emit] 2026-08-28T19:07:45.961Z [32minfo[39m: Registered Route: GET /api/auth/otp

[DerivedLogger.emit] 2026-08-28T19:07:45.961Z [34mdebug[39m: Creating new instance of class [routes.AuthLogoutRoute] with name [routes.AuthLogoutRoute:default]

[RouteUtils.emit] 2026-08-28T19:07:45.962Z [32minfo[39m: Registered Route: POST /api/auth/logout

[DerivedLogger.emit] 2026-08-28T19:07:45.962Z [34mdebug[39m: Creating new instance of class [routes.AuthElevationRoute] with name [routes.AuthElevationRoute:default]

[RouteUtils.emit] 2026-08-28T19:07:45.963Z [32minfo[39m: Registered Route: GET /api/auth/elevation
[RouteUtils.emit] 2026-08-28T19:07:45.964Z [32minfo[39m: Registered Route: POST /api/auth/elevation

[DerivedLogger.emit] 2026-08-28T19:07:45.964Z [34mdebug[39m: Creating new instance of class [routes.ProfileRoute] with name [routes.ProfileRoute:default]

[RouteUtils.emit] 2026-08-28T19:07:45.968Z [32minfo[39m: Registered Route: POST /api/profiles
[RouteUtils.emit] 2026-08-28T19:07:45.968Z [32minfo[39m: Registered Route: DELETE /api/profiles/:id
[RouteUtils.emit] 2026-08-28T19:07:45.969Z [32minfo[39m: Registered Route: GET /api/profiles
[RouteUtils.emit] 2026-08-28T19:07:45.969Z [32minfo[39m: Registered Route: GET /api/profiles/:id
[RouteUtils.emit] 2026-08-28T19:07:45.970Z [32minfo[39m: Registered Route: GET /api/profiles/:id/contacts/sendCode
[RouteUtils.emit] 2026-08-28T19:07:45.970Z [32minfo[39m: Registered Route: PUT /api/profiles/:id
[RouteUtils.emit] 2026-08-28T19:07:45.971Z [32minfo[39m: Registered Route: POST /api/profiles/:id/contacts/verify
[RouteUtils.emit] 2026-08-28T19:07:45.971Z [32minfo[39m: Registered Route: PUT /api/profiles/:id/:property
[RouteUtils.emit] 2026-08-28T19:07:45.972Z [32minfo[39m: Registered Route: HEAD /api/profiles
[RouteUtils.emit] 2026-08-28T19:07:45.972Z [32minfo[39m: Registered Route: HEAD /api/profiles/:id
[RouteUtils.emit] 2026-08-28T19:07:45.973Z [32minfo[39m: Registered Route: DELETE /api/profiles
[RouteUtils.emit] 2026-08-28T19:07:45.973Z [32minfo[39m: Registered Route: PUT /api/profiles

[DerivedLogger.emit] 2026-08-28T19:07:45.973Z [34mdebug[39m: Creating new instance of class [routes.AdminConsoleRoute] with name [routes.AdminConsoleRoute:default]
[DerivedLogger.emit] 2026-08-28T19:07:45.978Z [32minfo[39m: Registering class RedisStore
[DerivedLogger.emit] 2026-08-28T19:07:45.979Z [34mdebug[39m: Creating new instance of class [RedisStore] with name [RedisStore:default]
[DerivedLogger.emit] 2026-08-28T19:07:45.979Z [32minfo[39m: Registering class ObjectFactory

[RouteUtils.emit] 2026-08-28T19:07:45.980Z [32minfo[39m: Registered Route: GET /admin/*
[RouteUtils.emit] 2026-08-28T19:07:45.981Z [32minfo[39m: Registered Route: GET /admin

[DerivedLogger.emit] 2026-08-28T19:07:45.981Z [34mdebug[39m: Creating new instance of class [routes.AppRoute] with name [routes.AppRoute:default]

[RouteUtils.emit] 2026-08-28T19:07:45.982Z [32minfo[39m: Registered Route: GET /*
[RouteUtils.emit] 2026-08-28T19:07:45.982Z [32minfo[39m: Registered Route: GET /

[DerivedLogger.emit] 2026-08-28T19:07:45.983Z [32minfo[39m: Listening on 0.0.0.0:3000...

[DerivedLogger.emit] 2026-08-28T19:07:47.025Z [32minfo[39m: Stopping background services...

[DerivedLogger.emit] 2026-08-28T19:07:47.026Z [32minfo[39m: Stopping server...
[DerivedLogger.emit] 2026-08-28T19:07:47.026Z [32minfo[39m: Closing database connections...

[ConnectionManager.emit] 2026-08-28T19:07:47.028Z [32minfo[39m: Successfully disconnected from all configured databases.

            </system-out>
        </testcase>
        <testcase classname="test/DefaultAccounts.sql.test.ts" name="DefaultAccounts Tests (sql) &gt; does not recreate the account (or log a new password) on a second startup" time="2.1805999">
            <system-out>
[DerivedLogger.emit] 2026-08-28T19:07:47.028Z [32minfo[39m: Starting server...

[DerivedLogger.emit] 2026-08-28T19:07:47.029Z [32minfo[39m: Loading all service classes...

[DerivedLogger.emit] 2026-08-28T19:07:47.034Z [32minfo[39m: Scanning for data models...
[DerivedLogger.emit] 2026-08-28T19:07:47.034Z [32minfo[39m: Initializing database connection(s)...
[ConnectionManager.emit] 2026-08-28T19:07:47.035Z [32minfo[39m: Connecting to database cache [redis://localhost]...

[ConnectionManager.emit] 2026-08-28T19:07:47.035Z [32minfo[39m: Connecting to database events [redis://localhost]...

[ConnectionManager.emit] 2026-08-28T19:07:47.036Z [32minfo[39m: Connecting to database logs [redis://localhost]...

[ConnectionManager.emit] 2026-08-28T19:07:47.036Z [32minfo[39m: Connecting to database acl [better-sqlite3://localhost/rrst-test-default-accounts-acl]...
[ConnectionManager.emit] 2026-08-28T19:07:47.036Z [32minfo[39m: Connecting to database sql [better-sqlite3://localhost/rrst-test-default-accounts]...

[ConnectionManager.emit] 2026-08-28T19:07:47.040Z [32minfo[39m: Successfully connected to all configured databases.

[DerivedLogger.emit] 2026-08-28T19:07:47.041Z [32minfo[39m: Starting background services...

[BackgroundServiceManager.emit] 2026-08-28T19:07:47.041Z [32minfo[39m: Starting service DefaultAccountsSQL...
[DerivedLogger.emit] 2026-08-28T19:07:47.041Z [34mdebug[39m: Creating new instance of class [DefaultAccountsSQL] with name [DefaultAccountsSQL:DefaultAccountsSQL]

[DerivedLogger.emit] 2026-08-28T19:07:47.062Z [32minfo[39m: Initializing event manager...

[DerivedLogger.emit] 2026-08-28T19:07:47.063Z [32minfo[39m: Scanning for routes...

[RouteUtils.emit] 2026-08-28T19:07:47.063Z [32minfo[39m: Registered Route: DELETE /api/accounts/:id
[RouteUtils.emit] 2026-08-28T19:07:47.063Z [32minfo[39m: Registered Route: GET /api/accounts/:id
[RouteUtils.emit] 2026-08-28T19:07:47.064Z [32minfo[39m: Registered Route: POST /api/accounts/:id/revokeSessions

[RouteUtils.emit] 2026-08-28T19:07:47.064Z [32minfo[39m: Registered Route: POST /api/aliases
[RouteUtils.emit] 2026-08-28T19:07:47.065Z [32minfo[39m: Registered Route: DELETE /api/aliases/:id
[RouteUtils.emit] 2026-08-28T19:07:47.065Z [32minfo[39m: Registered Route: GET /api/aliases
[RouteUtils.emit] 2026-08-28T19:07:47.066Z [32minfo[39m: Registered Route: GET /api/aliases/:id/sendCode
[RouteUtils.emit] 2026-08-28T19:07:47.066Z [32minfo[39m: Registered Route: PUT /api/aliases/:id
[RouteUtils.emit] 2026-08-28T19:07:47.066Z [32minfo[39m: Registered Route: PUT /api/aliases
[RouteUtils.emit] 2026-08-28T19:07:47.067Z [32minfo[39m: Registered Route: PUT /api/aliases/:id/:property
[RouteUtils.emit] 2026-08-28T19:07:47.067Z [32minfo[39m: Registered Route: POST /api/aliases/:id/verify
[RouteUtils.emit] 2026-08-28T19:07:47.068Z [32minfo[39m: Registered Route: HEAD /api/aliases
[RouteUtils.emit] 2026-08-28T19:07:47.068Z [32minfo[39m: Registered Route: HEAD /api/aliases/:id
[RouteUtils.emit] 2026-08-28T19:07:47.068Z [32minfo[39m: Registered Route: GET /api/aliases/:id
[RouteUtils.emit] 2026-08-28T19:07:47.069Z [32minfo[39m: Registered Route: DELETE /api/aliases

[RouteUtils.emit] 2026-08-28T19:07:47.069Z [32minfo[39m: Registered Route: POST /api/auth/apple
[RouteUtils.emit] 2026-08-28T19:07:47.070Z [32minfo[39m: Registered Route: GET /api/auth/apple
[RouteUtils.emit] 2026-08-28T19:07:47.070Z [32minfo[39m: Registered Route: GET /api/auth/apple/authorize

[RouteUtils.emit] 2026-08-28T19:07:47.070Z [32minfo[39m: Registered Route: GET /api/auth/password

[RouteUtils.emit] 2026-08-28T19:07:47.071Z [32minfo[39m: Registered Route: GET /api/admin/clear-cache
[RouteUtils.emit] 2026-08-28T19:07:47.071Z [32minfo[39m: Registered Route: WS /api/admin/logs
[RouteUtils.emit] 2026-08-28T19:07:47.072Z [32minfo[39m: Registered Route: GET /api/admin/release-notes
[RouteUtils.emit] 2026-08-28T19:07:47.072Z [32minfo[39m: Registered Route: GET /api/admin/restart

[RouteUtils.emit] 2026-08-28T19:07:47.072Z [32minfo[39m: Registered Route: POST /api/auth/facebook
[RouteUtils.emit] 2026-08-28T19:07:47.073Z [32minfo[39m: Registered Route: GET /api/auth/facebook
[RouteUtils.emit] 2026-08-28T19:07:47.073Z [32minfo[39m: Registered Route: GET /api/auth/facebook/authorize

[RouteUtils.emit] 2026-08-28T19:07:47.074Z [32minfo[39m: Registered Route: POST /api/auth/google
[RouteUtils.emit] 2026-08-28T19:07:47.074Z [32minfo[39m: Registered Route: GET /api/auth/google
[RouteUtils.emit] 2026-08-28T19:07:47.074Z [32minfo[39m: Registered Route: GET /api/auth/google/authorize

[RouteUtils.emit] 2026-08-28T19:07:47.075Z [32minfo[39m: Registered Route: POST /api/auth/microsoft
[RouteUtils.emit] 2026-08-28T19:07:47.075Z [32minfo[39m: Registered Route: GET /api/auth/microsoft
[RouteUtils.emit] 2026-08-28T19:07:47.075Z [32minfo[39m: Registered Route: GET /api/auth/microsoft/authorize

[RouteUtils.emit] 2026-08-28T19:07:47.076Z [32minfo[39m: Registered Route: POST /api/auth/passkey
[RouteUtils.emit] 2026-08-28T19:07:47.076Z [32minfo[39m: Registered Route: GET /api/auth/passkey

[RouteUtils.emit] 2026-08-28T19:07:47.077Z [32minfo[39m: Registered Route: POST /api/auth/totp
[RouteUtils.emit] 2026-08-28T19:07:47.077Z [32minfo[39m: Registered Route: GET /api/auth/totp

[RouteUtils.emit] 2026-08-28T19:07:47.077Z [32minfo[39m: Registered Route: GET /api/openapi
[RouteUtils.emit] 2026-08-28T19:07:47.078Z [32minfo[39m: Registered Route: GET /api/openapi/json
[RouteUtils.emit] 2026-08-28T19:07:47.078Z [32minfo[39m: Registered Route: GET /api/openapi/yaml

[RouteUtils.emit] 2026-08-28T19:07:47.079Z [32minfo[39m: Registered Route: POST /api/register/start
[RouteUtils.emit] 2026-08-28T19:07:47.079Z [32minfo[39m: Registered Route: POST /api/register/verify

[RouteUtils.emit] 2026-08-28T19:07:47.080Z [32minfo[39m: Registered Route: HEAD /api/users
[RouteUtils.emit] 2026-08-28T19:07:47.080Z [32minfo[39m: Registered Route: POST /api/users
[RouteUtils.emit] 2026-08-28T19:07:47.080Z [32minfo[39m: Registered Route: DELETE /api/users/:id
[RouteUtils.emit] 2026-08-28T19:07:47.081Z [32minfo[39m: Registered Route: HEAD /api/users/:id
[RouteUtils.emit] 2026-08-28T19:07:47.081Z [32minfo[39m: Registered Route: GET /api/users
[RouteUtils.emit] 2026-08-28T19:07:47.081Z [32minfo[39m: Registered Route: GET /api/users/:id
[RouteUtils.emit] 2026-08-28T19:07:47.082Z [32minfo[39m: Registered Route: DELETE /api/users
[RouteUtils.emit] 2026-08-28T19:07:47.082Z [32minfo[39m: Registered Route: PUT /api/users/:id

[RouteUtils.emit] 2026-08-28T19:07:47.083Z [32minfo[39m: Registered Route: GET /api/status

[RouteUtils.emit] 2026-08-28T19:07:47.083Z [32minfo[39m: Registered Route: GET /api/auth/discover

[RouteUtils.emit] 2026-08-28T19:07:47.084Z [32minfo[39m: Registered Route: POST /api/auth/fido2
[RouteUtils.emit] 2026-08-28T19:07:47.084Z [32minfo[39m: Registered Route: GET /api/auth/fido2

[RouteUtils.emit] 2026-08-28T19:07:47.084Z [32minfo[39m: Registered Route: GET /api/metrics
[RouteUtils.emit] 2026-08-28T19:07:47.085Z [32minfo[39m: Registered Route: GET /api/metrics/:metric

[RouteUtils.emit] 2026-08-28T19:07:47.085Z [32minfo[39m: Registered Route: HEAD /api/secrets
[RouteUtils.emit] 2026-08-28T19:07:47.086Z [32minfo[39m: Registered Route: GET /api/secrets/passkey/register
[RouteUtils.emit] 2026-08-28T19:07:47.086Z [32minfo[39m: Registered Route: GET /api/secrets/password
[RouteUtils.emit] 2026-08-28T19:07:47.086Z [32minfo[39m: Registered Route: GET /api/secrets/fido2/register
[RouteUtils.emit] 2026-08-28T19:07:47.087Z [32minfo[39m: Registered Route: POST /api/secrets
[RouteUtils.emit] 2026-08-28T19:07:47.087Z [32minfo[39m: Registered Route: DELETE /api/secrets/:id
[RouteUtils.emit] 2026-08-28T19:07:47.087Z [32minfo[39m: Registered Route: HEAD /api/secrets/:id
[RouteUtils.emit] 2026-08-28T19:07:47.088Z [32minfo[39m: Registered Route: GET /api/secrets
[RouteUtils.emit] 2026-08-28T19:07:47.088Z [32minfo[39m: Registered Route: GET /api/secrets/:id
[RouteUtils.emit] 2026-08-28T19:07:47.088Z [32minfo[39m: Registered Route: DELETE /api/secrets
[RouteUtils.emit] 2026-08-28T19:07:47.089Z [32minfo[39m: Registered Route: PUT /api/secrets/:id

[RouteUtils.emit] 2026-08-28T19:07:47.089Z [32minfo[39m: Registered Route: POST /api/auth/mfa
[RouteUtils.emit] 2026-08-28T19:07:47.090Z [32minfo[39m: Registered Route: GET /api/auth/mfa

[RouteUtils.emit] 2026-08-28T19:07:47.090Z [32minfo[39m: Registered Route: POST /api/auth/refresh
[RouteUtils.emit] 2026-08-28T19:07:47.090Z [32minfo[39m: Registered Route: GET /api/auth/refresh

[RouteUtils.emit] 2026-08-28T19:07:47.091Z [32minfo[39m: Registered Route: POST /api/auth/otp
[RouteUtils.emit] 2026-08-28T19:07:47.091Z [32minfo[39m: Registered Route: GET /api/auth/otp

[RouteUtils.emit] 2026-08-28T19:07:47.092Z [32minfo[39m: Registered Route: POST /api/auth/logout

[RouteUtils.emit] 2026-08-28T19:07:47.092Z [32minfo[39m: Registered Route: GET /api/auth/elevation
[RouteUtils.emit] 2026-08-28T19:07:47.092Z [32minfo[39m: Registered Route: POST /api/auth/elevation

[RouteUtils.emit] 2026-08-28T19:07:47.093Z [32minfo[39m: Registered Route: POST /api/profiles
[RouteUtils.emit] 2026-08-28T19:07:47.093Z [32minfo[39m: Registered Route: DELETE /api/profiles/:id
[RouteUtils.emit] 2026-08-28T19:07:47.094Z [32minfo[39m: Registered Route: GET /api/profiles
[RouteUtils.emit] 2026-08-28T19:07:47.094Z [32minfo[39m: Registered Route: GET /api/profiles/:id
[RouteUtils.emit] 2026-08-28T19:07:47.095Z [32minfo[39m: Registered Route: GET /api/profiles/:id/contacts/sendCode
[RouteUtils.emit] 2026-08-28T19:07:47.095Z [32minfo[39m: Registered Route: PUT /api/profiles/:id
[RouteUtils.emit] 2026-08-28T19:07:47.095Z [32minfo[39m: Registered Route: POST /api/profiles/:id/contacts/verify
[RouteUtils.emit] 2026-08-28T19:07:47.096Z [32minfo[39m: Registered Route: PUT /api/profiles/:id/:property
[RouteUtils.emit] 2026-08-28T19:07:47.096Z [32minfo[39m: Registered Route: HEAD /api/profiles
[RouteUtils.emit] 2026-08-28T19:07:47.097Z [32minfo[39m: Registered Route: HEAD /api/profiles/:id
[RouteUtils.emit] 2026-08-28T19:07:47.097Z [32minfo[39m: Registered Route: DELETE /api/profiles
[RouteUtils.emit] 2026-08-28T19:07:47.097Z [32minfo[39m: Registered Route: PUT /api/profiles

[RouteUtils.emit] 2026-08-28T19:07:47.098Z [32minfo[39m: Registered Route: GET /admin/*
[RouteUtils.emit] 2026-08-28T19:07:47.098Z [32minfo[39m: Registered Route: GET /admin

[RouteUtils.emit] 2026-08-28T19:07:47.099Z [32minfo[39m: Registered Route: GET /*
[RouteUtils.emit] 2026-08-28T19:07:47.099Z [32minfo[39m: Registered Route: GET /

[DerivedLogger.emit] 2026-08-28T19:07:47.099Z [32minfo[39m: Listening on 0.0.0.0:3000...

[DerivedLogger.emit] 2026-08-28T19:07:48.103Z [32minfo[39m: Stopping background services...

[DerivedLogger.emit] 2026-08-28T19:07:48.104Z [32minfo[39m: Stopping server...
[DerivedLogger.emit] 2026-08-28T19:07:48.104Z [32minfo[39m: Closing database connections...

[ConnectionManager.emit] 2026-08-28T19:07:48.105Z [32minfo[39m: Successfully disconnected from all configured databases.

[DerivedLogger.emit] 2026-08-28T19:07:48.105Z [32minfo[39m: Starting server...

[DerivedLogger.emit] 2026-08-28T19:07:48.105Z [32minfo[39m: Loading all service classes...

[DerivedLogger.emit] 2026-08-28T19:07:48.114Z [32minfo[39m: Scanning for data models...
[DerivedLogger.emit] 2026-08-28T19:07:48.114Z [32minfo[39m: Initializing database connection(s)...
[ConnectionManager.emit] 2026-08-28T19:07:48.115Z [32minfo[39m: Connecting to database cache [redis://localhost]...

[ConnectionManager.emit] 2026-08-28T19:07:48.121Z [32minfo[39m: Connecting to database events [redis://localhost]...

[ConnectionManager.emit] 2026-08-28T19:07:48.121Z [32minfo[39m: Connecting to database logs [redis://localhost]...

[ConnectionManager.emit] 2026-08-28T19:07:48.122Z [32minfo[39m: Connecting to database acl [better-sqlite3://localhost/rrst-test-default-accounts-acl]...
[ConnectionManager.emit] 2026-08-28T19:07:48.122Z [32minfo[39m: Connecting to database sql [better-sqlite3://localhost/rrst-test-default-accounts]...

[ConnectionManager.emit] 2026-08-28T19:07:48.125Z [32minfo[39m: Successfully connected to all configured databases.

[DerivedLogger.emit] 2026-08-28T19:07:48.125Z [32minfo[39m: Starting background services...

[BackgroundServiceManager.emit] 2026-08-28T19:07:48.125Z [32minfo[39m: Starting service DefaultAccountsSQL...
[DerivedLogger.emit] 2026-08-28T19:07:48.126Z [34mdebug[39m: Creating new instance of class [DefaultAccountsSQL] with name [DefaultAccountsSQL:DefaultAccountsSQL]

[DerivedLogger.emit] 2026-08-28T19:07:48.150Z [32minfo[39m: Initializing event manager...

[DerivedLogger.emit] 2026-08-28T19:07:48.151Z [32minfo[39m: Scanning for routes...

[RouteUtils.emit] 2026-08-28T19:07:48.151Z [32minfo[39m: Registered Route: DELETE /api/accounts/:id
[RouteUtils.emit] 2026-08-28T19:07:48.151Z [32minfo[39m: Registered Route: GET /api/accounts/:id
[RouteUtils.emit] 2026-08-28T19:07:48.152Z [32minfo[39m: Registered Route: POST /api/accounts/:id/revokeSessions

[RouteUtils.emit] 2026-08-28T19:07:48.152Z [32minfo[39m: Registered Route: POST /api/aliases
[RouteUtils.emit] 2026-08-28T19:07:48.153Z [32minfo[39m: Registered Route: DELETE /api/aliases/:id
[RouteUtils.emit] 2026-08-28T19:07:48.156Z [32minfo[39m: Registered Route: GET /api/aliases
[RouteUtils.emit] 2026-08-28T19:07:48.156Z [32minfo[39m: Registered Route: GET /api/aliases/:id/sendCode
[RouteUtils.emit] 2026-08-28T19:07:48.156Z [32minfo[39m: Registered Route: PUT /api/aliases/:id
[RouteUtils.emit] 2026-08-28T19:07:48.157Z [32minfo[39m: Registered Route: PUT /api/aliases
[RouteUtils.emit] 2026-08-28T19:07:48.157Z [32minfo[39m: Registered Route: PUT /api/aliases/:id/:property
[RouteUtils.emit] 2026-08-28T19:07:48.157Z [32minfo[39m: Registered Route: POST /api/aliases/:id/verify
[RouteUtils.emit] 2026-08-28T19:07:48.158Z [32minfo[39m: Registered Route: HEAD /api/aliases
[RouteUtils.emit] 2026-08-28T19:07:48.158Z [32minfo[39m: Registered Route: HEAD /api/aliases/:id
[RouteUtils.emit] 2026-08-28T19:07:48.158Z [32minfo[39m: Registered Route: GET /api/aliases/:id
[RouteUtils.emit] 2026-08-28T19:07:48.159Z [32minfo[39m: Registered Route: DELETE /api/aliases

[RouteUtils.emit] 2026-08-28T19:07:48.159Z [32minfo[39m: Registered Route: POST /api/auth/apple
[RouteUtils.emit] 2026-08-28T19:07:48.160Z [32minfo[39m: Registered Route: GET /api/auth/apple
[RouteUtils.emit] 2026-08-28T19:07:48.160Z [32minfo[39m: Registered Route: GET /api/auth/apple/authorize

[RouteUtils.emit] 2026-08-28T19:07:48.161Z [32minfo[39m: Registered Route: GET /api/auth/password

[RouteUtils.emit] 2026-08-28T19:07:48.162Z [32minfo[39m: Registered Route: GET /api/admin/clear-cache
[RouteUtils.emit] 2026-08-28T19:07:48.166Z [32minfo[39m: Registered Route: WS /api/admin/logs
[RouteUtils.emit] 2026-08-28T19:07:48.167Z [32minfo[39m: Registered Route: GET /api/admin/release-notes
[RouteUtils.emit] 2026-08-28T19:07:48.167Z [32minfo[39m: Registered Route: GET /api/admin/restart

[RouteUtils.emit] 2026-08-28T19:07:48.167Z [32minfo[39m: Registered Route: POST /api/auth/facebook
[RouteUtils.emit] 2026-08-28T19:07:48.168Z [32minfo[39m: Registered Route: GET /api/auth/facebook
[RouteUtils.emit] 2026-08-28T19:07:48.168Z [32minfo[39m: Registered Route: GET /api/auth/facebook/authorize

[RouteUtils.emit] 2026-08-28T19:07:48.169Z [32minfo[39m: Registered Route: POST /api/auth/google
[RouteUtils.emit] 2026-08-28T19:07:48.169Z [32minfo[39m: Registered Route: GET /api/auth/google
[RouteUtils.emit] 2026-08-28T19:07:48.169Z [32minfo[39m: Registered Route: GET /api/auth/google/authorize

[RouteUtils.emit] 2026-08-28T19:07:48.170Z [32minfo[39m: Registered Route: POST /api/auth/microsoft
[RouteUtils.emit] 2026-08-28T19:07:48.170Z [32minfo[39m: Registered Route: GET /api/auth/microsoft
[RouteUtils.emit] 2026-08-28T19:07:48.170Z [32minfo[39m: Registered Route: GET /api/auth/microsoft/authorize

[RouteUtils.emit] 2026-08-28T19:07:48.171Z [32minfo[39m: Registered Route: POST /api/auth/passkey
[RouteUtils.emit] 2026-08-28T19:07:48.171Z [32minfo[39m: Registered Route: GET /api/auth/passkey

[RouteUtils.emit] 2026-08-28T19:07:48.172Z [32minfo[39m: Registered Route: POST /api/auth/totp
[RouteUtils.emit] 2026-08-28T19:07:48.172Z [32minfo[39m: Registered Route: GET /api/auth/totp

[RouteUtils.emit] 2026-08-28T19:07:48.172Z [32minfo[39m: Registered Route: GET /api/openapi
[RouteUtils.emit] 2026-08-28T19:07:48.173Z [32minfo[39m: Registered Route: GET /api/openapi/json
[RouteUtils.emit] 2026-08-28T19:07:48.173Z [32minfo[39m: Registered Route: GET /api/openapi/yaml

[RouteUtils.emit] 2026-08-28T19:07:48.173Z [32minfo[39m: Registered Route: POST /api/register/start
[RouteUtils.emit] 2026-08-28T19:07:48.174Z [32minfo[39m: Registered Route: POST /api/register/verify

[RouteUtils.emit] 2026-08-28T19:07:48.175Z [32minfo[39m: Registered Route: HEAD /api/users
[RouteUtils.emit] 2026-08-28T19:07:48.178Z [32minfo[39m: Registered Route: POST /api/users
[RouteUtils.emit] 2026-08-28T19:07:48.178Z [32minfo[39m: Registered Route: DELETE /api/users/:id
[RouteUtils.emit] 2026-08-28T19:07:48.178Z [32minfo[39m: Registered Route: HEAD /api/users/:id
[RouteUtils.emit] 2026-08-28T19:07:48.179Z [32minfo[39m: Registered Route: GET /api/users
[RouteUtils.emit] 2026-08-28T19:07:48.179Z [32minfo[39m: Registered Route: GET /api/users/:id
[RouteUtils.emit] 2026-08-28T19:07:48.180Z [32minfo[39m: Registered Route: DELETE /api/users
[RouteUtils.emit] 2026-08-28T19:07:48.180Z [32minfo[39m: Registered Route: PUT /api/users/:id

[RouteUtils.emit] 2026-08-28T19:07:48.180Z [32minfo[39m: Registered Route: GET /api/status

[RouteUtils.emit] 2026-08-28T19:07:48.181Z [32minfo[39m: Registered Route: GET /api/auth/discover

[RouteUtils.emit] 2026-08-28T19:07:48.181Z [32minfo[39m: Registered Route: POST /api/auth/fido2
[RouteUtils.emit] 2026-08-28T19:07:48.182Z [32minfo[39m: Registered Route: GET /api/auth/fido2

[RouteUtils.emit] 2026-08-28T19:07:48.182Z [32minfo[39m: Registered Route: GET /api/metrics
[RouteUtils.emit] 2026-08-28T19:07:48.182Z [32minfo[39m: Registered Route: GET /api/metrics/:metric

[RouteUtils.emit] 2026-08-28T19:07:48.183Z [32minfo[39m: Registered Route: HEAD /api/secrets
[RouteUtils.emit] 2026-08-28T19:07:48.183Z [32minfo[39m: Registered Route: GET /api/secrets/passkey/register
[RouteUtils.emit] 2026-08-28T19:07:48.183Z [32minfo[39m: Registered Route: GET /api/secrets/password
[RouteUtils.emit] 2026-08-28T19:07:48.184Z [32minfo[39m: Registered Route: GET /api/secrets/fido2/register
[RouteUtils.emit] 2026-08-28T19:07:48.184Z [32minfo[39m: Registered Route: POST /api/secrets
[RouteUtils.emit] 2026-08-28T19:07:48.188Z [32minfo[39m: Registered Route: DELETE /api/secrets/:id
[RouteUtils.emit] 2026-08-28T19:07:48.188Z [32minfo[39m: Registered Route: HEAD /api/secrets/:id
[RouteUtils.emit] 2026-08-28T19:07:48.189Z [32minfo[39m: Registered Route: GET /api/secrets
[RouteUtils.emit] 2026-08-28T19:07:48.189Z [32minfo[39m: Registered Route: GET /api/secrets/:id
[RouteUtils.emit] 2026-08-28T19:07:48.190Z [32minfo[39m: Registered Route: DELETE /api/secrets
[RouteUtils.emit] 2026-08-28T19:07:48.190Z [32minfo[39m: Registered Route: PUT /api/secrets/:id

[RouteUtils.emit] 2026-08-28T19:07:48.190Z [32minfo[39m: Registered Route: POST /api/auth/mfa
[RouteUtils.emit] 2026-08-28T19:07:48.191Z [32minfo[39m: Registered Route: GET /api/auth/mfa

[RouteUtils.emit] 2026-08-28T19:07:48.191Z [32minfo[39m: Registered Route: POST /api/auth/refresh
[RouteUtils.emit] 2026-08-28T19:07:48.192Z [32minfo[39m: Registered Route: GET /api/auth/refresh

[RouteUtils.emit] 2026-08-28T19:07:48.192Z [32minfo[39m: Registered Route: POST /api/auth/otp
[RouteUtils.emit] 2026-08-28T19:07:48.192Z [32minfo[39m: Registered Route: GET /api/auth/otp

[RouteUtils.emit] 2026-08-28T19:07:48.193Z [32minfo[39m: Registered Route: POST /api/auth/logout

[RouteUtils.emit] 2026-08-28T19:07:48.193Z [32minfo[39m: Registered Route: GET /api/auth/elevation
[RouteUtils.emit] 2026-08-28T19:07:48.194Z [32minfo[39m: Registered Route: POST /api/auth/elevation

[RouteUtils.emit] 2026-08-28T19:07:48.194Z [32minfo[39m: Registered Route: POST /api/profiles
[RouteUtils.emit] 2026-08-28T19:07:48.195Z [32minfo[39m: Registered Route: DELETE /api/profiles/:id
[RouteUtils.emit] 2026-08-28T19:07:48.195Z [32minfo[39m: Registered Route: GET /api/profiles
[RouteUtils.emit] 2026-08-28T19:07:48.196Z [32minfo[39m: Registered Route: GET /api/profiles/:id
[RouteUtils.emit] 2026-08-28T19:07:48.196Z [32minfo[39m: Registered Route: GET /api/profiles/:id/contacts/sendCode
[RouteUtils.emit] 2026-08-28T19:07:48.196Z [32minfo[39m: Registered Route: PUT /api/profiles/:id
[RouteUtils.emit] 2026-08-28T19:07:48.197Z [32minfo[39m: Registered Route: POST /api/profiles/:id/contacts/verify
[RouteUtils.emit] 2026-08-28T19:07:48.200Z [32minfo[39m: Registered Route: PUT /api/profiles/:id/:property
[RouteUtils.emit] 2026-08-28T19:07:48.200Z [32minfo[39m: Registered Route: HEAD /api/profiles
[RouteUtils.emit] 2026-08-28T19:07:48.200Z [32minfo[39m: Registered Route: HEAD /api/profiles/:id
[RouteUtils.emit] 2026-08-28T19:07:48.201Z [32minfo[39m: Registered Route: DELETE /api/profiles
[RouteUtils.emit] 2026-08-28T19:07:48.201Z [32minfo[39m: Registered Route: PUT /api/profiles

[RouteUtils.emit] 2026-08-28T19:07:48.202Z [32minfo[39m: Registered Route: GET /admin/*
[RouteUtils.emit] 2026-08-28T19:07:48.202Z [32minfo[39m: Registered Route: GET /admin

[RouteUtils.emit] 2026-08-28T19:07:48.203Z [32minfo[39m: Registered Route: GET /*
[RouteUtils.emit] 2026-08-28T19:07:48.203Z [32minfo[39m: Registered Route: GET /

[DerivedLogger.emit] 2026-08-28T19:07:48.204Z [32minfo[39m: Listening on 0.0.0.0:3000...

[DerivedLogger.emit] 2026-08-28T19:07:49.207Z [32minfo[39m: Stopping background services...

[DerivedLogger.emit] 2026-08-28T19:07:49.208Z [32minfo[39m: Stopping server...
[DerivedLogger.emit] 2026-08-28T19:07:49.208Z [32minfo[39m: Closing database connections...

[ConnectionManager.emit] 2026-08-28T19:07:49.209Z [32minfo[39m: Successfully disconnected from all configured databases.

            </system-out>
        </testcase>
    </testsuite>
    <testsuite name="test/Server.mongo.test.ts" timestamp="2026-08-28T19:09:03.022Z" hostname="Jane" tests="3" failures="0" errors="0" skipped="0" time="4.3195376">
        <testcase classname="test/Server.mongo.test.ts" name="Server Tests &gt; Can start server." time="1.6779878">
            <system-out>
[DerivedLogger.emit] 2026-08-28T19:07:28.869Z [32minfo[39m: Starting server...

[DerivedLogger.emit] 2026-08-28T19:07:28.873Z [32minfo[39m: Registering class OpenApiSpec
[DerivedLogger.emit] 2026-08-28T19:07:28.875Z [34mdebug[39m: Creating new instance of class [OpenApiSpec] with name [OpenApiSpec:default]

[DerivedLogger.emit] 2026-08-28T19:07:28.876Z [32minfo[39m: Registering class ConnectionManager
[DerivedLogger.emit] 2026-08-28T19:07:28.876Z [34mdebug[39m: Creating new instance of class [ConnectionManager] with name [ConnectionManager:default]

[DerivedLogger.emit] 2026-08-28T19:07:28.877Z [32minfo[39m: Loading all service classes...

[DerivedLogger.emit] 2026-08-28T19:07:29.221Z [32minfo[39m: Registering class routes.AdminRoute
[DerivedLogger.emit] 2026-08-28T19:07:29.222Z [32minfo[39m: Registering class routes.AdminConsoleRoute
[DerivedLogger.emit] 2026-08-28T19:07:29.222Z [32minfo[39m: Registering class routes.OpenAPIRoute
[DerivedLogger.emit] 2026-08-28T19:07:29.222Z [32minfo[39m: Registering class routes.StatusRoute
[DerivedLogger.emit] 2026-08-28T19:07:29.223Z [32minfo[39m: Registering class routes.MetricsRoute
[DerivedLogger.emit] 2026-08-28T19:07:29.223Z [32minfo[39m: Registering class routes.WwwRoute
[DerivedLogger.emit] 2026-08-28T19:07:29.223Z [32minfo[39m: Registering class UserMongo
[DerivedLogger.emit] 2026-08-28T19:07:29.223Z [32minfo[39m: Registering class AliasMongo
[DerivedLogger.emit] 2026-08-28T19:07:29.224Z [32minfo[39m: Registering class ProfileMongo
[DerivedLogger.emit] 2026-08-28T19:07:29.224Z [32minfo[39m: Registering class SecretMongo
[DerivedLogger.emit] 2026-08-28T19:07:29.224Z [32minfo[39m: Registering class DefaultAccountsMongo
[DerivedLogger.emit] 2026-08-28T19:07:29.225Z [32minfo[39m: Registering class routes.AccountRoute
[DerivedLogger.emit] 2026-08-28T19:07:29.225Z [32minfo[39m: Registering class routes.AuthBasicRoute
[DerivedLogger.emit] 2026-08-28T19:07:29.225Z [32minfo[39m: Registering class routes.AuthDiscoverRoute
[DerivedLogger.emit] 2026-08-28T19:07:29.225Z [32minfo[39m: Registering class routes.AuthElevationRoute
[DerivedLogger.emit] 2026-08-28T19:07:29.226Z [32minfo[39m: Registering class routes.AuthFIDO2Route
[DerivedLogger.emit] 2026-08-28T19:07:29.226Z [32minfo[39m: Registering class routes.AliasRoute
[DerivedLogger.emit] 2026-08-28T19:07:29.226Z [32minfo[39m: Registering class routes.AuthPasskeyRoute
[DerivedLogger.emit] 2026-08-28T19:07:29.226Z [32minfo[39m: Registering class routes.SecretRoute
[DerivedLogger.emit] 2026-08-28T19:07:29.227Z [32minfo[39m: Registering class routes.AuthRefreshRoute
[DerivedLogger.emit] 2026-08-28T19:07:29.227Z [32minfo[39m: Registering class routes.AuthOTPRoute
[DerivedLogger.emit] 2026-08-28T19:07:29.227Z [32minfo[39m: Registering class routes.ProfileRoute
[DerivedLogger.emit] 2026-08-28T19:07:29.228Z [32minfo[39m: Registering class routes.AuthTOTPRoute
[DerivedLogger.emit] 2026-08-28T19:07:29.228Z [32minfo[39m: Registering class routes.AuthMFARoute
[DerivedLogger.emit] 2026-08-28T19:07:29.228Z [32minfo[39m: Registering class routes.UserRoute
[DerivedLogger.emit] 2026-08-28T19:07:29.228Z [32minfo[39m: Registering class routes.AuthLogoutRoute
[DerivedLogger.emit] 2026-08-28T19:07:29.229Z [32minfo[39m: Registering class routes.RegistrationRoute
[DerivedLogger.emit] 2026-08-28T19:07:29.229Z [32minfo[39m: Registering class routes.AuthMicrosoftRoute
[DerivedLogger.emit] 2026-08-28T19:07:29.229Z [32minfo[39m: Registering class routes.AuthGoogleRoute
[DerivedLogger.emit] 2026-08-28T19:07:29.229Z [32minfo[39m: Registering class routes.AuthFacebookRoute
[DerivedLogger.emit] 2026-08-28T19:07:29.230Z [32minfo[39m: Registering class routes.AuthAppleRoute
[DerivedLogger.emit] 2026-08-28T19:07:29.230Z [32minfo[39m: Scanning for data models...
[DerivedLogger.emit] 2026-08-28T19:07:29.231Z [32minfo[39m: Initializing database connection(s)...
[ConnectionManager.emit] 2026-08-28T19:07:29.232Z [32minfo[39m: Connecting to database cache [redis://localhost]...

[ConnectionManager.emit] 2026-08-28T19:07:29.241Z [32minfo[39m: Connecting to database events [redis://localhost]...

[ConnectionManager.emit] 2026-08-28T19:07:29.242Z [32minfo[39m: Connecting to database logs [redis://localhost]...

[ConnectionManager.emit] 2026-08-28T19:07:29.242Z [32minfo[39m: Connecting to database acl [mongodb://localhost:9999/acls]...
[ConnectionManager.emit] 2026-08-28T19:07:29.243Z [32minfo[39m: Connecting to database mongo [mongodb://localhost:9999/rrst_auth]...

[ConnectionManager.emit] 2026-08-28T19:07:29.267Z [33mwarn[39m: Datastore &apos;acl&apos; is a standalone MongoDB instance and does not support multi-document transactions. @Transactional will run without a transaction for models on this datastore. Configure MongoDB as a replica set (or sharded cluster) to enable it.

[ConnectionManager.emit] 2026-08-28T19:07:29.269Z [33mwarn[39m: Datastore &apos;mongo&apos; is a standalone MongoDB instance and does not support multi-document transactions. @Transactional will run without a transaction for models on this datastore. Configure MongoDB as a replica set (or sharded cluster) to enable it.

[ConnectionManager.emit] 2026-08-28T19:07:29.282Z [34mdebug[39m: Created collection: access_control_list_mongo

[ConnectionManager.emit] 2026-08-28T19:07:29.284Z [34mdebug[39m: Created collection: user_mongo

[ConnectionManager.emit] 2026-08-28T19:07:29.285Z [34mdebug[39m: Creating index parentUid on collection access_control_list_mongo.

[ConnectionManager.emit] 2026-08-28T19:07:29.286Z [34mdebug[39m: Creating index uid on collection user_mongo.

[ConnectionManager.emit] 2026-08-28T19:07:29.288Z [34mdebug[39m: Creating index uid on collection access_control_list_mongo.

[ConnectionManager.emit] 2026-08-28T19:07:29.290Z [34mdebug[39m: Creating index uid_version on collection user_mongo.

[ConnectionManager.emit] 2026-08-28T19:07:29.291Z [34mdebug[39m: Creating index uid_version on collection access_control_list_mongo.

[ConnectionManager.emit] 2026-08-28T19:07:29.298Z [34mdebug[39m: Created collection: alias_mongo

[ConnectionManager.emit] 2026-08-28T19:07:29.299Z [34mdebug[39m: Creating index alias on collection alias_mongo.

[ConnectionManager.emit] 2026-08-28T19:07:29.302Z [34mdebug[39m: Creating index alias_userUid on collection alias_mongo.

[ConnectionManager.emit] 2026-08-28T19:07:29.305Z [34mdebug[39m: Creating index uid on collection alias_mongo.

[ConnectionManager.emit] 2026-08-28T19:07:29.308Z [34mdebug[39m: Creating index uid_version on collection alias_mongo.

[ConnectionManager.emit] 2026-08-28T19:07:29.315Z [34mdebug[39m: Created collection: profile_mongo

[ConnectionManager.emit] 2026-08-28T19:07:29.316Z [34mdebug[39m: Creating index uid on collection profile_mongo.

[ConnectionManager.emit] 2026-08-28T19:07:29.318Z [34mdebug[39m: Creating index uid_version on collection profile_mongo.

[ConnectionManager.emit] 2026-08-28T19:07:29.325Z [34mdebug[39m: Created collection: secret_mongo

[ConnectionManager.emit] 2026-08-28T19:07:29.326Z [34mdebug[39m: Creating index secret_userUid on collection secret_mongo.

[ConnectionManager.emit] 2026-08-28T19:07:29.332Z [34mdebug[39m: Creating index uid on collection secret_mongo.

[ConnectionManager.emit] 2026-08-28T19:07:29.335Z [34mdebug[39m: Creating index uid_version on collection secret_mongo.

[ConnectionManager.emit] 2026-08-28T19:07:29.338Z [32minfo[39m: Successfully connected to all configured databases.

[DerivedLogger.emit] 2026-08-28T19:07:29.338Z [32minfo[39m: Registering class ACLUtils
[DerivedLogger.emit] 2026-08-28T19:07:29.339Z [34mdebug[39m: Creating new instance of class [ACLUtils] with name [ACLUtils:default]
[DerivedLogger.emit] 2026-08-28T19:07:29.339Z [32minfo[39m: Registering class RedisCache
[DerivedLogger.emit] 2026-08-28T19:07:29.341Z [34mdebug[39m: Creating new instance of class [RedisCache] with name [RedisCache:AccessControlListMongo]

[ACLUtils.emit] 2026-08-28T19:07:29.342Z [32minfo[39m: RBAC system is enabled and ready.

[DerivedLogger.emit] 2026-08-28T19:07:29.352Z [32minfo[39m: Registering class SessionManager
[DerivedLogger.emit] 2026-08-28T19:07:29.353Z [34mdebug[39m: Creating new instance of class [SessionManager] with name [SessionManager:default]

[DerivedLogger.emit] 2026-08-28T19:07:29.353Z [32minfo[39m: Registering class RedisSessionStore
[DerivedLogger.emit] 2026-08-28T19:07:29.354Z [34mdebug[39m: Creating new instance of class [RedisSessionStore] with name [RedisSessionStore:a1f8215b-e7f2-4e91-9434-51a52f27a9fc]

[SessionManager.emit] 2026-08-28T19:07:29.354Z [32minfo[39m: Session support enabled (store: redis).

[DerivedLogger.emit] 2026-08-28T19:07:29.355Z [32minfo[39m: Registering class RouteUtils
[DerivedLogger.emit] 2026-08-28T19:07:29.355Z [34mdebug[39m: Creating new instance of class [RouteUtils] with name [RouteUtils:default]
[DerivedLogger.emit] 2026-08-28T19:07:29.356Z [32minfo[39m: Registering class AuthMiddleware
[DerivedLogger.emit] 2026-08-28T19:07:29.356Z [34mdebug[39m: Creating new instance of class [AuthMiddleware] with name [AuthMiddleware:default]
[DerivedLogger.emit] 2026-08-28T19:07:29.357Z [32minfo[39m: Registering class auth.JWTStrategy
[DerivedLogger.emit] 2026-08-28T19:07:29.357Z [34mdebug[39m: Creating new instance of class [auth.JWTStrategy] with name [auth.JWTStrategy:102c3111-16e5-4275-983b-bcc9ee60da14]

[DerivedLogger.emit] 2026-08-28T19:07:29.358Z [32minfo[39m: Starting background services...
[DerivedLogger.emit] 2026-08-28T19:07:29.359Z [32minfo[39m: Registering class BackgroundServiceManager
[DerivedLogger.emit] 2026-08-28T19:07:29.359Z [34mdebug[39m: Creating new instance of class [BackgroundServiceManager] with name [BackgroundServiceManager:default]

[BackgroundServiceManager.emit] 2026-08-28T19:07:29.359Z [32minfo[39m: Starting service DefaultAccountsMongo...
[DerivedLogger.emit] 2026-08-28T19:07:29.360Z [34mdebug[39m: Creating new instance of class [DefaultAccountsMongo] with name [DefaultAccountsMongo:DefaultAccountsMongo]
[DerivedLogger.emit] 2026-08-28T19:07:29.361Z [32minfo[39m: Registering class RepoUtils
[DerivedLogger.emit] 2026-08-28T19:07:29.361Z [34mdebug[39m: Creating new instance of class [RepoUtils] with name [RepoUtils:AliasMongo]
[DerivedLogger.emit] 2026-08-28T19:07:29.362Z [32minfo[39m: Unable to register class undefined for ACLUtils/undefined
[DerivedLogger.emit] 2026-08-28T19:07:29.363Z [32minfo[39m: Registering class NotificationUtils
[DerivedLogger.emit] 2026-08-28T19:07:29.363Z [34mdebug[39m: Creating new instance of class [NotificationUtils] with name [NotificationUtils:default]

[DerivedLogger.emit] 2026-08-28T19:07:29.369Z [34mdebug[39m: Creating new instance of class [RepoUtils] with name [RepoUtils:ProfileMongo]
[DerivedLogger.emit] 2026-08-28T19:07:29.369Z [32minfo[39m: Unable to register class undefined for ACLUtils/undefined

[DerivedLogger.emit] 2026-08-28T19:07:29.372Z [34mdebug[39m: Creating new instance of class [RepoUtils] with name [RepoUtils:SecretMongo]
[DerivedLogger.emit] 2026-08-28T19:07:29.373Z [32minfo[39m: Unable to register class undefined for ACLUtils/undefined

[DerivedLogger.emit] 2026-08-28T19:07:29.375Z [34mdebug[39m: Creating new instance of class [RepoUtils] with name [RepoUtils:UserMongo]
[DerivedLogger.emit] 2026-08-28T19:07:29.376Z [32minfo[39m: Unable to register class undefined for ACLUtils/undefined

[DefaultAccountsMongo.emit] 2026-08-28T19:07:29.428Z [32minfo[39m: ================================================================================
[DefaultAccountsMongo.emit] 2026-08-28T19:07:29.428Z [32minfo[39m: !!!IMPORTANT!!! Write down this information. It won&apos;t be shown again.
[DefaultAccountsMongo.emit] 2026-08-28T19:07:29.429Z [32minfo[39m: ================================================================================
[DefaultAccountsMongo.emit] 2026-08-28T19:07:29.429Z [32minfo[39m: An account has been created with the following details:
[DefaultAccountsMongo.emit] 2026-08-28T19:07:29.430Z [32minfo[39m: ------------------------------

[DefaultAccountsMongo.emit] 2026-08-28T19:07:29.431Z [32minfo[39m: Name: admin
[DefaultAccountsMongo.emit] 2026-08-28T19:07:29.432Z [32minfo[39m: Password: See &apos;D:\github\rapidrest\auth-server\passwords&apos;
[DefaultAccountsMongo.emit] 2026-08-28T19:07:29.432Z [32minfo[39m: Roles: admin
[DefaultAccountsMongo.emit] 2026-08-28T19:07:29.433Z [32minfo[39m: ================================================================================

[DerivedLogger.emit] 2026-08-28T19:07:29.433Z [32minfo[39m: Initializing event manager...
[DerivedLogger.emit] 2026-08-28T19:07:29.434Z [32minfo[39m: Registering class EventListenerManager
[DerivedLogger.emit] 2026-08-28T19:07:29.434Z [34mdebug[39m: Creating new instance of class [EventListenerManager] with name [EventListenerManager:default]

[DerivedLogger.emit] 2026-08-28T19:07:29.435Z [32minfo[39m: Scanning for routes...
[DerivedLogger.emit] 2026-08-28T19:07:29.436Z [34mdebug[39m: Creating new instance of class [routes.AdminRoute] with name [routes.AdminRoute:default]

[routes.AdminRoute.emit] 2026-08-28T19:07:29.436Z [32minfo[39m: Cache is enabled and ready.

[RouteUtils.emit] 2026-08-28T19:07:29.438Z [32minfo[39m: Registered Route: GET /api/admin/clear-cache
[RouteUtils.emit] 2026-08-28T19:07:29.440Z [32minfo[39m: Registered Route: WS /api/admin/logs
[RouteUtils.emit] 2026-08-28T19:07:29.440Z [32minfo[39m: Registered Route: GET /api/admin/release-notes
[RouteUtils.emit] 2026-08-28T19:07:29.441Z [32minfo[39m: Registered Route: GET /api/admin/restart

[DerivedLogger.emit] 2026-08-28T19:07:29.441Z [34mdebug[39m: Creating new instance of class [routes.AdminConsoleRoute] with name [routes.AdminConsoleRoute:default]
[DerivedLogger.emit] 2026-08-28T19:07:29.442Z [32minfo[39m: Registering class RedisStore
[DerivedLogger.emit] 2026-08-28T19:07:29.442Z [34mdebug[39m: Creating new instance of class [RedisStore] with name [RedisStore:default]
[DerivedLogger.emit] 2026-08-28T19:07:29.443Z [32minfo[39m: Registering class ObjectFactory

[RouteUtils.emit] 2026-08-28T19:07:29.444Z [32minfo[39m: Registered Route: GET /admin/*
[RouteUtils.emit] 2026-08-28T19:07:29.444Z [32minfo[39m: Registered Route: GET /admin

[DerivedLogger.emit] 2026-08-28T19:07:29.444Z [34mdebug[39m: Creating new instance of class [routes.OpenAPIRoute] with name [routes.OpenAPIRoute:default]

[RouteUtils.emit] 2026-08-28T19:07:29.445Z [32minfo[39m: Registered Route: GET /api/openapi
[RouteUtils.emit] 2026-08-28T19:07:29.445Z [32minfo[39m: Registered Route: GET /api/openapi/json
[RouteUtils.emit] 2026-08-28T19:07:29.446Z [32minfo[39m: Registered Route: GET /api/openapi/yaml

[DerivedLogger.emit] 2026-08-28T19:07:29.446Z [34mdebug[39m: Creating new instance of class [routes.StatusRoute] with name [routes.StatusRoute:default]
[DerivedLogger.emit] 2026-08-28T19:07:29.447Z [32minfo[39m: Registering class StatusExtraData
[DerivedLogger.emit] 2026-08-28T19:07:29.447Z [34mdebug[39m: Creating new instance of class [StatusExtraData] with name [StatusExtraData:default]

[RouteUtils.emit] 2026-08-28T19:07:29.448Z [32minfo[39m: Registered Route: GET /api/status

[DerivedLogger.emit] 2026-08-28T19:07:29.448Z [34mdebug[39m: Creating new instance of class [routes.MetricsRoute] with name [routes.MetricsRoute:default]

[RouteUtils.emit] 2026-08-28T19:07:29.449Z [32minfo[39m: Registered Route: GET /api/metrics
[RouteUtils.emit] 2026-08-28T19:07:29.450Z [32minfo[39m: Registered Route: GET /api/metrics/:metric

[DerivedLogger.emit] 2026-08-28T19:07:29.450Z [34mdebug[39m: Creating new instance of class [routes.WwwRoute] with name [routes.WwwRoute:default]

[RouteUtils.emit] 2026-08-28T19:07:29.451Z [32minfo[39m: Registered Route: GET /*
[RouteUtils.emit] 2026-08-28T19:07:29.451Z [32minfo[39m: Registered Route: GET /

[DerivedLogger.emit] 2026-08-28T19:07:29.452Z [34mdebug[39m: Creating new instance of class [routes.AccountRoute] with name [routes.AccountRoute:default]
[DerivedLogger.emit] 2026-08-28T19:07:29.452Z [32minfo[39m: Registering class MessagingUtils
[DerivedLogger.emit] 2026-08-28T19:07:29.453Z [34mdebug[39m: Creating new instance of class [MessagingUtils] with name [MessagingUtils:default]
[DerivedLogger.emit] 2026-08-28T19:07:29.454Z [32minfo[39m: Registering class TokenUtils
[DerivedLogger.emit] 2026-08-28T19:07:29.454Z [34mdebug[39m: Creating new instance of class [TokenUtils] with name [TokenUtils:default]
[DerivedLogger.emit] 2026-08-28T19:07:29.455Z [32minfo[39m: Registering class RateLimiter
[DerivedLogger.emit] 2026-08-28T19:07:29.455Z [34mdebug[39m: Creating new instance of class [RateLimiter] with name [RateLimiter:default]
[DerivedLogger.emit] 2026-08-28T19:07:29.456Z [32minfo[39m: Registering class MemoryStore
[DerivedLogger.emit] 2026-08-28T19:07:29.456Z [34mdebug[39m: Creating new instance of class [MemoryStore] with name [MemoryStore:default]

[RouteUtils.emit] 2026-08-28T19:07:29.457Z [32minfo[39m: Registered Route: DELETE /api/accounts/:id
[RouteUtils.emit] 2026-08-28T19:07:29.458Z [32minfo[39m: Registered Route: GET /api/accounts/:id
[RouteUtils.emit] 2026-08-28T19:07:29.458Z [32minfo[39m: Registered Route: POST /api/accounts/:id/revokeSessions

[DerivedLogger.emit] 2026-08-28T19:07:29.459Z [34mdebug[39m: Creating new instance of class [routes.AuthBasicRoute] with name [routes.AuthBasicRoute:default]

[DerivedLogger.emit] 2026-08-28T19:07:29.459Z [32minfo[39m: Registering class UserUtils
[DerivedLogger.emit] 2026-08-28T19:07:29.460Z [34mdebug[39m: Creating new instance of class [UserUtils] with name [UserUtils:default]

[DerivedLogger.emit] 2026-08-28T19:07:29.460Z [32minfo[39m: Registering class BasicStrategy
[DerivedLogger.emit] 2026-08-28T19:07:29.461Z [34mdebug[39m: Creating new instance of class [BasicStrategy] with name [BasicStrategy:default]

[RouteUtils.emit] 2026-08-28T19:07:29.461Z [32minfo[39m: Registered Route: GET /api/auth/password

[DerivedLogger.emit] 2026-08-28T19:07:29.462Z [34mdebug[39m: Creating new instance of class [routes.AuthDiscoverRoute] with name [routes.AuthDiscoverRoute:default]

[RouteUtils.emit] 2026-08-28T19:07:29.463Z [32minfo[39m: Registered Route: GET /api/auth/discover

[DerivedLogger.emit] 2026-08-28T19:07:29.463Z [34mdebug[39m: Creating new instance of class [routes.AuthElevationRoute] with name [routes.AuthElevationRoute:default]

[RouteUtils.emit] 2026-08-28T19:07:29.464Z [32minfo[39m: Registered Route: GET /api/auth/elevation
[RouteUtils.emit] 2026-08-28T19:07:29.464Z [32minfo[39m: Registered Route: POST /api/auth/elevation

[DerivedLogger.emit] 2026-08-28T19:07:29.465Z [34mdebug[39m: Creating new instance of class [routes.AuthFIDO2Route] with name [routes.AuthFIDO2Route:default]

[DerivedLogger.emit] 2026-08-28T19:07:29.466Z [32minfo[39m: Registering class FIDO2Strategy
[DerivedLogger.emit] 2026-08-28T19:07:29.466Z [34mdebug[39m: Creating new instance of class [FIDO2Strategy] with name [FIDO2Strategy:default]

[RouteUtils.emit] 2026-08-28T19:07:29.467Z [32minfo[39m: Registered Route: POST /api/auth/fido2
[RouteUtils.emit] 2026-08-28T19:07:29.467Z [32minfo[39m: Registered Route: GET /api/auth/fido2

[DerivedLogger.emit] 2026-08-28T19:07:29.468Z [34mdebug[39m: Creating new instance of class [routes.AliasRoute] with name [routes.AliasRoute:default]

[RouteUtils.emit] 2026-08-28T19:07:29.469Z [32minfo[39m: Registered Route: POST /api/aliases
[RouteUtils.emit] 2026-08-28T19:07:29.469Z [32minfo[39m: Registered Route: DELETE /api/aliases/:id
[RouteUtils.emit] 2026-08-28T19:07:29.470Z [32minfo[39m: Registered Route: GET /api/aliases
[RouteUtils.emit] 2026-08-28T19:07:29.470Z [32minfo[39m: Registered Route: GET /api/aliases/:id/sendCode
[RouteUtils.emit] 2026-08-28T19:07:29.471Z [32minfo[39m: Registered Route: PUT /api/aliases/:id
[RouteUtils.emit] 2026-08-28T19:07:29.471Z [32minfo[39m: Registered Route: PUT /api/aliases
[RouteUtils.emit] 2026-08-28T19:07:29.471Z [32minfo[39m: Registered Route: PUT /api/aliases/:id/:property
[RouteUtils.emit] 2026-08-28T19:07:29.472Z [32minfo[39m: Registered Route: POST /api/aliases/:id/verify
[RouteUtils.emit] 2026-08-28T19:07:29.472Z [32minfo[39m: Registered Route: HEAD /api/aliases
[RouteUtils.emit] 2026-08-28T19:07:29.473Z [32minfo[39m: Registered Route: HEAD /api/aliases/:id
[RouteUtils.emit] 2026-08-28T19:07:29.473Z [32minfo[39m: Registered Route: GET /api/aliases/:id
[RouteUtils.emit] 2026-08-28T19:07:29.474Z [32minfo[39m: Registered Route: DELETE /api/aliases

[DerivedLogger.emit] 2026-08-28T19:07:29.474Z [34mdebug[39m: Creating new instance of class [routes.AuthPasskeyRoute] with name [routes.AuthPasskeyRoute:default]

[DerivedLogger.emit] 2026-08-28T19:07:29.475Z [32minfo[39m: Registering class PasskeyStrategy
[DerivedLogger.emit] 2026-08-28T19:07:29.476Z [34mdebug[39m: Creating new instance of class [PasskeyStrategy] with name [PasskeyStrategy:default]

[RouteUtils.emit] 2026-08-28T19:07:29.476Z [32minfo[39m: Registered Route: POST /api/auth/passkey
[RouteUtils.emit] 2026-08-28T19:07:29.476Z [32minfo[39m: Registered Route: GET /api/auth/passkey

[DerivedLogger.emit] 2026-08-28T19:07:29.477Z [34mdebug[39m: Creating new instance of class [routes.SecretRoute] with name [routes.SecretRoute:default]

[RouteUtils.emit] 2026-08-28T19:07:29.478Z [32minfo[39m: Registered Route: HEAD /api/secrets
[RouteUtils.emit] 2026-08-28T19:07:29.478Z [32minfo[39m: Registered Route: GET /api/secrets/passkey/register
[RouteUtils.emit] 2026-08-28T19:07:29.479Z [32minfo[39m: Registered Route: GET /api/secrets/password
[RouteUtils.emit] 2026-08-28T19:07:29.479Z [32minfo[39m: Registered Route: GET /api/secrets/fido2/register
[RouteUtils.emit] 2026-08-28T19:07:29.480Z [32minfo[39m: Registered Route: POST /api/secrets
[RouteUtils.emit] 2026-08-28T19:07:29.480Z [32minfo[39m: Registered Route: DELETE /api/secrets/:id
[RouteUtils.emit] 2026-08-28T19:07:29.480Z [32minfo[39m: Registered Route: HEAD /api/secrets/:id
[RouteUtils.emit] 2026-08-28T19:07:29.481Z [32minfo[39m: Registered Route: GET /api/secrets
[RouteUtils.emit] 2026-08-28T19:07:29.481Z [32minfo[39m: Registered Route: GET /api/secrets/:id
[RouteUtils.emit] 2026-08-28T19:07:29.482Z [32minfo[39m: Registered Route: DELETE /api/secrets
[RouteUtils.emit] 2026-08-28T19:07:29.482Z [32minfo[39m: Registered Route: PUT /api/secrets/:id

[DerivedLogger.emit] 2026-08-28T19:07:29.488Z [34mdebug[39m: Creating new instance of class [routes.AuthRefreshRoute] with name [routes.AuthRefreshRoute:default]

[RouteUtils.emit] 2026-08-28T19:07:29.489Z [32minfo[39m: Registered Route: POST /api/auth/refresh
[RouteUtils.emit] 2026-08-28T19:07:29.489Z [32minfo[39m: Registered Route: GET /api/auth/refresh

[DerivedLogger.emit] 2026-08-28T19:07:29.490Z [34mdebug[39m: Creating new instance of class [routes.AuthOTPRoute] with name [routes.AuthOTPRoute:default]

[DerivedLogger.emit] 2026-08-28T19:07:29.491Z [32minfo[39m: Registering class OTPStrategy
[DerivedLogger.emit] 2026-08-28T19:07:29.491Z [34mdebug[39m: Creating new instance of class [OTPStrategy] with name [OTPStrategy:default]

[RouteUtils.emit] 2026-08-28T19:07:29.492Z [32minfo[39m: Registered Route: POST /api/auth/otp
[RouteUtils.emit] 2026-08-28T19:07:29.492Z [32minfo[39m: Registered Route: GET /api/auth/otp

[DerivedLogger.emit] 2026-08-28T19:07:29.493Z [34mdebug[39m: Creating new instance of class [routes.ProfileRoute] with name [routes.ProfileRoute:default]

[RouteUtils.emit] 2026-08-28T19:07:29.494Z [32minfo[39m: Registered Route: POST /api/profiles
[RouteUtils.emit] 2026-08-28T19:07:29.494Z [32minfo[39m: Registered Route: DELETE /api/profiles/:id
[RouteUtils.emit] 2026-08-28T19:07:29.494Z [32minfo[39m: Registered Route: GET /api/profiles
[RouteUtils.emit] 2026-08-28T19:07:29.495Z [32minfo[39m: Registered Route: GET /api/profiles/:id
[RouteUtils.emit] 2026-08-28T19:07:29.495Z [32minfo[39m: Registered Route: GET /api/profiles/:id/contacts/sendCode
[RouteUtils.emit] 2026-08-28T19:07:29.495Z [32minfo[39m: Registered Route: PUT /api/profiles/:id
[RouteUtils.emit] 2026-08-28T19:07:29.496Z [32minfo[39m: Registered Route: POST /api/profiles/:id/contacts/verify
[RouteUtils.emit] 2026-08-28T19:07:29.496Z [32minfo[39m: Registered Route: PUT /api/profiles/:id/:property
[RouteUtils.emit] 2026-08-28T19:07:29.497Z [32minfo[39m: Registered Route: HEAD /api/profiles
[RouteUtils.emit] 2026-08-28T19:07:29.497Z [32minfo[39m: Registered Route: HEAD /api/profiles/:id
[RouteUtils.emit] 2026-08-28T19:07:29.497Z [32minfo[39m: Registered Route: DELETE /api/profiles
[RouteUtils.emit] 2026-08-28T19:07:29.498Z [32minfo[39m: Registered Route: PUT /api/profiles

[DerivedLogger.emit] 2026-08-28T19:07:29.498Z [34mdebug[39m: Creating new instance of class [routes.AuthTOTPRoute] with name [routes.AuthTOTPRoute:default]

[DerivedLogger.emit] 2026-08-28T19:07:29.499Z [32minfo[39m: Registering class TOTPStrategy
[DerivedLogger.emit] 2026-08-28T19:07:29.500Z [34mdebug[39m: Creating new instance of class [TOTPStrategy] with name [TOTPStrategy:default]

[RouteUtils.emit] 2026-08-28T19:07:29.500Z [32minfo[39m: Registered Route: POST /api/auth/totp
[RouteUtils.emit] 2026-08-28T19:07:29.501Z [32minfo[39m: Registered Route: GET /api/auth/totp

[DerivedLogger.emit] 2026-08-28T19:07:29.501Z [34mdebug[39m: Creating new instance of class [routes.AuthMFARoute] with name [routes.AuthMFARoute:default]

[DerivedLogger.emit] 2026-08-28T19:07:29.502Z [32minfo[39m: Registering class MFAStrategy
[DerivedLogger.emit] 2026-08-28T19:07:29.503Z [34mdebug[39m: Creating new instance of class [MFAStrategy] with name [MFAStrategy:default]

[RouteUtils.emit] 2026-08-28T19:07:29.504Z [32minfo[39m: Registered Route: POST /api/auth/mfa
[RouteUtils.emit] 2026-08-28T19:07:29.504Z [32minfo[39m: Registered Route: GET /api/auth/mfa

[DerivedLogger.emit] 2026-08-28T19:07:29.505Z [34mdebug[39m: Creating new instance of class [routes.UserRoute] with name [routes.UserRoute:default]

[RouteUtils.emit] 2026-08-28T19:07:29.506Z [32minfo[39m: Registered Route: HEAD /api/users
[RouteUtils.emit] 2026-08-28T19:07:29.506Z [32minfo[39m: Registered Route: POST /api/users
[RouteUtils.emit] 2026-08-28T19:07:29.507Z [32minfo[39m: Registered Route: DELETE /api/users/:id
[RouteUtils.emit] 2026-08-28T19:07:29.507Z [32minfo[39m: Registered Route: HEAD /api/users/:id
[RouteUtils.emit] 2026-08-28T19:07:29.507Z [32minfo[39m: Registered Route: GET /api/users
[RouteUtils.emit] 2026-08-28T19:07:29.508Z [32minfo[39m: Registered Route: GET /api/users/:id
[RouteUtils.emit] 2026-08-28T19:07:29.508Z [32minfo[39m: Registered Route: DELETE /api/users
[RouteUtils.emit] 2026-08-28T19:07:29.509Z [32minfo[39m: Registered Route: PUT /api/users/:id

[DerivedLogger.emit] 2026-08-28T19:07:29.509Z [34mdebug[39m: Creating new instance of class [routes.AuthLogoutRoute] with name [routes.AuthLogoutRoute:default]

[RouteUtils.emit] 2026-08-28T19:07:29.510Z [32minfo[39m: Registered Route: POST /api/auth/logout

[DerivedLogger.emit] 2026-08-28T19:07:29.510Z [34mdebug[39m: Creating new instance of class [routes.RegistrationRoute] with name [routes.RegistrationRoute:default]

[RouteUtils.emit] 2026-08-28T19:07:29.511Z [32minfo[39m: Registered Route: POST /api/register/start
[RouteUtils.emit] 2026-08-28T19:07:29.511Z [32minfo[39m: Registered Route: POST /api/register/verify

[DerivedLogger.emit] 2026-08-28T19:07:29.512Z [34mdebug[39m: Creating new instance of class [routes.AuthMicrosoftRoute] with name [routes.AuthMicrosoftRoute:default]

[DerivedLogger.emit] 2026-08-28T19:07:29.513Z [32minfo[39m: Registering class OIDCStrategy
[DerivedLogger.emit] 2026-08-28T19:07:29.514Z [34mdebug[39m: Creating new instance of class [OIDCStrategy] with name [OIDCStrategy:microsoft]

[RouteUtils.emit] 2026-08-28T19:07:29.514Z [32minfo[39m: Registered Route: POST /api/auth/microsoft
[RouteUtils.emit] 2026-08-28T19:07:29.515Z [32minfo[39m: Registered Route: GET /api/auth/microsoft
[RouteUtils.emit] 2026-08-28T19:07:29.515Z [32minfo[39m: Registered Route: GET /api/auth/microsoft/authorize

[DerivedLogger.emit] 2026-08-28T19:07:29.516Z [34mdebug[39m: Creating new instance of class [routes.AuthGoogleRoute] with name [routes.AuthGoogleRoute:default]

[DerivedLogger.emit] 2026-08-28T19:07:29.517Z [34mdebug[39m: Creating new instance of class [OIDCStrategy] with name [OIDCStrategy:google]

[RouteUtils.emit] 2026-08-28T19:07:29.517Z [32minfo[39m: Registered Route: POST /api/auth/google
[RouteUtils.emit] 2026-08-28T19:07:29.517Z [32minfo[39m: Registered Route: GET /api/auth/google
[RouteUtils.emit] 2026-08-28T19:07:29.518Z [32minfo[39m: Registered Route: GET /api/auth/google/authorize

[DerivedLogger.emit] 2026-08-28T19:07:29.518Z [34mdebug[39m: Creating new instance of class [routes.AuthFacebookRoute] with name [routes.AuthFacebookRoute:default]

[DerivedLogger.emit] 2026-08-28T19:07:29.519Z [34mdebug[39m: Creating new instance of class [OIDCStrategy] with name [OIDCStrategy:facebook]

[RouteUtils.emit] 2026-08-28T19:07:29.520Z [32minfo[39m: Registered Route: POST /api/auth/facebook
[RouteUtils.emit] 2026-08-28T19:07:29.520Z [32minfo[39m: Registered Route: GET /api/auth/facebook
[RouteUtils.emit] 2026-08-28T19:07:29.521Z [32minfo[39m: Registered Route: GET /api/auth/facebook/authorize

[DerivedLogger.emit] 2026-08-28T19:07:29.521Z [34mdebug[39m: Creating new instance of class [routes.AuthAppleRoute] with name [routes.AuthAppleRoute:default]

[DerivedLogger.emit] 2026-08-28T19:07:29.524Z [34mdebug[39m: Creating new instance of class [OIDCStrategy] with name [OIDCStrategy:apple]

[RouteUtils.emit] 2026-08-28T19:07:29.525Z [32minfo[39m: Registered Route: POST /api/auth/apple
[RouteUtils.emit] 2026-08-28T19:07:29.525Z [32minfo[39m: Registered Route: GET /api/auth/apple
[RouteUtils.emit] 2026-08-28T19:07:29.525Z [32minfo[39m: Registered Route: GET /api/auth/apple/authorize

[DerivedLogger.emit] 2026-08-28T19:07:29.526Z [32minfo[39m: Listening on 0.0.0.0:3000...

[DerivedLogger.emit] 2026-08-28T19:07:30.541Z [32minfo[39m: Stopping background services...

[DerivedLogger.emit] 2026-08-28T19:07:30.542Z [32minfo[39m: Stopping server...
[DerivedLogger.emit] 2026-08-28T19:07:30.542Z [32minfo[39m: Closing database connections...

[ConnectionManager.emit] 2026-08-28T19:07:30.545Z [32minfo[39m: Successfully disconnected from all configured databases.

            </system-out>
        </testcase>
        <testcase classname="test/Server.mongo.test.ts" name="Server Tests &gt; Can stop server." time="1.0994948">
            <system-out>
[DerivedLogger.emit] 2026-08-28T19:07:30.546Z [32minfo[39m: Starting server...

[DerivedLogger.emit] 2026-08-28T19:07:30.546Z [32minfo[39m: Loading all service classes...

[DerivedLogger.emit] 2026-08-28T19:07:30.552Z [32minfo[39m: Scanning for data models...
[DerivedLogger.emit] 2026-08-28T19:07:30.552Z [32minfo[39m: Initializing database connection(s)...
[ConnectionManager.emit] 2026-08-28T19:07:30.553Z [32minfo[39m: Connecting to database cache [redis://localhost]...

[ConnectionManager.emit] 2026-08-28T19:07:30.553Z [32minfo[39m: Connecting to database events [redis://localhost]...

[ConnectionManager.emit] 2026-08-28T19:07:30.554Z [32minfo[39m: Connecting to database logs [redis://localhost]...

[ConnectionManager.emit] 2026-08-28T19:07:30.554Z [32minfo[39m: Connecting to database acl [mongodb://localhost:9999/acls]...
[ConnectionManager.emit] 2026-08-28T19:07:30.555Z [32minfo[39m: Connecting to database mongo [mongodb://localhost:9999/rrst_auth]...

[ConnectionManager.emit] 2026-08-28T19:07:30.560Z [33mwarn[39m: Datastore &apos;acl&apos; is a standalone MongoDB instance and does not support multi-document transactions. @Transactional will run without a transaction for models on this datastore. Configure MongoDB as a replica set (or sharded cluster) to enable it.

[ConnectionManager.emit] 2026-08-28T19:07:30.561Z [33mwarn[39m: Datastore &apos;mongo&apos; is a standalone MongoDB instance and does not support multi-document transactions. @Transactional will run without a transaction for models on this datastore. Configure MongoDB as a replica set (or sharded cluster) to enable it.

[ConnectionManager.emit] 2026-08-28T19:07:30.573Z [32minfo[39m: Successfully connected to all configured databases.

[DerivedLogger.emit] 2026-08-28T19:07:30.573Z [32minfo[39m: Starting background services...

[BackgroundServiceManager.emit] 2026-08-28T19:07:30.574Z [32minfo[39m: Starting service DefaultAccountsMongo...
[DerivedLogger.emit] 2026-08-28T19:07:30.574Z [34mdebug[39m: Creating new instance of class [DefaultAccountsMongo] with name [DefaultAccountsMongo:DefaultAccountsMongo]

[BackgroundServiceManager.emit] 2026-08-28T19:07:30.575Z [31merror[39m: Failed to start service: DefaultAccountsMongo
[BackgroundServiceManager.emit] 2026-08-28T19:07:30.578Z [34mdebug[39m: Client must be connected before running operations

[DerivedLogger.emit] 2026-08-28T19:07:30.579Z [32minfo[39m: Initializing event manager...

[DerivedLogger.emit] 2026-08-28T19:07:30.579Z [32minfo[39m: Scanning for routes...

[RouteUtils.emit] 2026-08-28T19:07:30.580Z [32minfo[39m: Registered Route: GET /api/admin/clear-cache
[RouteUtils.emit] 2026-08-28T19:07:30.580Z [32minfo[39m: Registered Route: WS /api/admin/logs
[RouteUtils.emit] 2026-08-28T19:07:30.581Z [32minfo[39m: Registered Route: GET /api/admin/release-notes
[RouteUtils.emit] 2026-08-28T19:07:30.581Z [32minfo[39m: Registered Route: GET /api/admin/restart

[RouteUtils.emit] 2026-08-28T19:07:30.582Z [32minfo[39m: Registered Route: GET /admin/*
[RouteUtils.emit] 2026-08-28T19:07:30.582Z [32minfo[39m: Registered Route: GET /admin

[RouteUtils.emit] 2026-08-28T19:07:30.583Z [32minfo[39m: Registered Route: GET /api/openapi
[RouteUtils.emit] 2026-08-28T19:07:30.584Z [32minfo[39m: Registered Route: GET /api/openapi/json
[RouteUtils.emit] 2026-08-28T19:07:30.584Z [32minfo[39m: Registered Route: GET /api/openapi/yaml

[RouteUtils.emit] 2026-08-28T19:07:30.585Z [32minfo[39m: Registered Route: GET /api/status

[RouteUtils.emit] 2026-08-28T19:07:30.585Z [32minfo[39m: Registered Route: GET /api/metrics
[RouteUtils.emit] 2026-08-28T19:07:30.586Z [32minfo[39m: Registered Route: GET /api/metrics/:metric

[RouteUtils.emit] 2026-08-28T19:07:30.586Z [32minfo[39m: Registered Route: GET /*
[RouteUtils.emit] 2026-08-28T19:07:30.587Z [32minfo[39m: Registered Route: GET /

[RouteUtils.emit] 2026-08-28T19:07:30.587Z [32minfo[39m: Registered Route: DELETE /api/accounts/:id
[RouteUtils.emit] 2026-08-28T19:07:30.588Z [32minfo[39m: Registered Route: GET /api/accounts/:id
[RouteUtils.emit] 2026-08-28T19:07:30.588Z [32minfo[39m: Registered Route: POST /api/accounts/:id/revokeSessions

[RouteUtils.emit] 2026-08-28T19:07:30.589Z [32minfo[39m: Registered Route: GET /api/auth/password

[RouteUtils.emit] 2026-08-28T19:07:30.590Z [32minfo[39m: Registered Route: GET /api/auth/discover

[RouteUtils.emit] 2026-08-28T19:07:30.590Z [32minfo[39m: Registered Route: GET /api/auth/elevation
[RouteUtils.emit] 2026-08-28T19:07:30.591Z [32minfo[39m: Registered Route: POST /api/auth/elevation

[RouteUtils.emit] 2026-08-28T19:07:30.591Z [32minfo[39m: Registered Route: POST /api/auth/fido2
[RouteUtils.emit] 2026-08-28T19:07:30.592Z [32minfo[39m: Registered Route: GET /api/auth/fido2

[RouteUtils.emit] 2026-08-28T19:07:30.593Z [32minfo[39m: Registered Route: POST /api/aliases
[RouteUtils.emit] 2026-08-28T19:07:30.593Z [32minfo[39m: Registered Route: DELETE /api/aliases/:id
[RouteUtils.emit] 2026-08-28T19:07:30.594Z [32minfo[39m: Registered Route: GET /api/aliases
[RouteUtils.emit] 2026-08-28T19:07:30.594Z [32minfo[39m: Registered Route: GET /api/aliases/:id/sendCode
[RouteUtils.emit] 2026-08-28T19:07:30.595Z [32minfo[39m: Registered Route: PUT /api/aliases/:id
[RouteUtils.emit] 2026-08-28T19:07:30.595Z [32minfo[39m: Registered Route: PUT /api/aliases
[RouteUtils.emit] 2026-08-28T19:07:30.596Z [32minfo[39m: Registered Route: PUT /api/aliases/:id/:property
[RouteUtils.emit] 2026-08-28T19:07:30.596Z [32minfo[39m: Registered Route: POST /api/aliases/:id/verify
[RouteUtils.emit] 2026-08-28T19:07:30.597Z [32minfo[39m: Registered Route: HEAD /api/aliases
[RouteUtils.emit] 2026-08-28T19:07:30.597Z [32minfo[39m: Registered Route: HEAD /api/aliases/:id
[RouteUtils.emit] 2026-08-28T19:07:30.598Z [32minfo[39m: Registered Route: GET /api/aliases/:id
[RouteUtils.emit] 2026-08-28T19:07:30.598Z [32minfo[39m: Registered Route: DELETE /api/aliases

[RouteUtils.emit] 2026-08-28T19:07:30.599Z [32minfo[39m: Registered Route: POST /api/auth/passkey
[RouteUtils.emit] 2026-08-28T19:07:30.599Z [32minfo[39m: Registered Route: GET /api/auth/passkey

[RouteUtils.emit] 2026-08-28T19:07:30.600Z [32minfo[39m: Registered Route: HEAD /api/secrets
[RouteUtils.emit] 2026-08-28T19:07:30.600Z [32minfo[39m: Registered Route: GET /api/secrets/passkey/register
[RouteUtils.emit] 2026-08-28T19:07:30.601Z [32minfo[39m: Registered Route: GET /api/secrets/password
[RouteUtils.emit] 2026-08-28T19:07:30.601Z [32minfo[39m: Registered Route: GET /api/secrets/fido2/register
[RouteUtils.emit] 2026-08-28T19:07:30.602Z [32minfo[39m: Registered Route: POST /api/secrets
[RouteUtils.emit] 2026-08-28T19:07:30.602Z [32minfo[39m: Registered Route: DELETE /api/secrets/:id
[RouteUtils.emit] 2026-08-28T19:07:30.603Z [32minfo[39m: Registered Route: HEAD /api/secrets/:id
[RouteUtils.emit] 2026-08-28T19:07:30.603Z [32minfo[39m: Registered Route: GET /api/secrets
[RouteUtils.emit] 2026-08-28T19:07:30.604Z [32minfo[39m: Registered Route: GET /api/secrets/:id
[RouteUtils.emit] 2026-08-28T19:07:30.604Z [32minfo[39m: Registered Route: DELETE /api/secrets
[RouteUtils.emit] 2026-08-28T19:07:30.605Z [32minfo[39m: Registered Route: PUT /api/secrets/:id

[RouteUtils.emit] 2026-08-28T19:07:30.606Z [32minfo[39m: Registered Route: POST /api/auth/refresh
[RouteUtils.emit] 2026-08-28T19:07:30.606Z [32minfo[39m: Registered Route: GET /api/auth/refresh

[RouteUtils.emit] 2026-08-28T19:07:30.607Z [32minfo[39m: Registered Route: POST /api/auth/otp
[RouteUtils.emit] 2026-08-28T19:07:30.607Z [32minfo[39m: Registered Route: GET /api/auth/otp

[RouteUtils.emit] 2026-08-28T19:07:30.608Z [32minfo[39m: Registered Route: POST /api/profiles
[RouteUtils.emit] 2026-08-28T19:07:30.608Z [32minfo[39m: Registered Route: DELETE /api/profiles/:id
[RouteUtils.emit] 2026-08-28T19:07:30.609Z [32minfo[39m: Registered Route: GET /api/profiles
[RouteUtils.emit] 2026-08-28T19:07:30.609Z [32minfo[39m: Registered Route: GET /api/profiles/:id
[RouteUtils.emit] 2026-08-28T19:07:30.610Z [32minfo[39m: Registered Route: GET /api/profiles/:id/contacts/sendCode
[RouteUtils.emit] 2026-08-28T19:07:30.610Z [32minfo[39m: Registered Route: PUT /api/profiles/:id
[RouteUtils.emit] 2026-08-28T19:07:30.611Z [32minfo[39m: Registered Route: POST /api/profiles/:id/contacts/verify
[RouteUtils.emit] 2026-08-28T19:07:30.611Z [32minfo[39m: Registered Route: PUT /api/profiles/:id/:property
[RouteUtils.emit] 2026-08-28T19:07:30.612Z [32minfo[39m: Registered Route: HEAD /api/profiles
[RouteUtils.emit] 2026-08-28T19:07:30.612Z [32minfo[39m: Registered Route: HEAD /api/profiles/:id
[RouteUtils.emit] 2026-08-28T19:07:30.613Z [32minfo[39m: Registered Route: DELETE /api/profiles
[RouteUtils.emit] 2026-08-28T19:07:30.613Z [32minfo[39m: Registered Route: PUT /api/profiles

[RouteUtils.emit] 2026-08-28T19:07:30.614Z [32minfo[39m: Registered Route: POST /api/auth/totp
[RouteUtils.emit] 2026-08-28T19:07:30.614Z [32minfo[39m: Registered Route: GET /api/auth/totp

[RouteUtils.emit] 2026-08-28T19:07:30.615Z [32minfo[39m: Registered Route: POST /api/auth/mfa
[RouteUtils.emit] 2026-08-28T19:07:30.615Z [32minfo[39m: Registered Route: GET /api/auth/mfa

[RouteUtils.emit] 2026-08-28T19:07:30.616Z [32minfo[39m: Registered Route: HEAD /api/users
[RouteUtils.emit] 2026-08-28T19:07:30.617Z [32minfo[39m: Registered Route: POST /api/users
[RouteUtils.emit] 2026-08-28T19:07:30.617Z [32minfo[39m: Registered Route: DELETE /api/users/:id
[RouteUtils.emit] 2026-08-28T19:07:30.618Z [32minfo[39m: Registered Route: HEAD /api/users/:id
[RouteUtils.emit] 2026-08-28T19:07:30.618Z [32minfo[39m: Registered Route: GET /api/users
[RouteUtils.emit] 2026-08-28T19:07:30.619Z [32minfo[39m: Registered Route: GET /api/users/:id
[RouteUtils.emit] 2026-08-28T19:07:30.619Z [32minfo[39m: Registered Route: DELETE /api/users
[RouteUtils.emit] 2026-08-28T19:07:30.620Z [32minfo[39m: Registered Route: PUT /api/users/:id

[RouteUtils.emit] 2026-08-28T19:07:30.620Z [32minfo[39m: Registered Route: POST /api/auth/logout

[RouteUtils.emit] 2026-08-28T19:07:30.621Z [32minfo[39m: Registered Route: POST /api/register/start
[RouteUtils.emit] 2026-08-28T19:07:30.621Z [32minfo[39m: Registered Route: POST /api/register/verify

[RouteUtils.emit] 2026-08-28T19:07:30.622Z [32minfo[39m: Registered Route: POST /api/auth/microsoft
[RouteUtils.emit] 2026-08-28T19:07:30.622Z [32minfo[39m: Registered Route: GET /api/auth/microsoft
[RouteUtils.emit] 2026-08-28T19:07:30.623Z [32minfo[39m: Registered Route: GET /api/auth/microsoft/authorize

[RouteUtils.emit] 2026-08-28T19:07:30.624Z [32minfo[39m: Registered Route: POST /api/auth/google
[RouteUtils.emit] 2026-08-28T19:07:30.624Z [32minfo[39m: Registered Route: GET /api/auth/google
[RouteUtils.emit] 2026-08-28T19:07:30.625Z [32minfo[39m: Registered Route: GET /api/auth/google/authorize

[RouteUtils.emit] 2026-08-28T19:07:30.633Z [32minfo[39m: Registered Route: POST /api/auth/facebook
[RouteUtils.emit] 2026-08-28T19:07:30.633Z [32minfo[39m: Registered Route: GET /api/auth/facebook
[RouteUtils.emit] 2026-08-28T19:07:30.634Z [32minfo[39m: Registered Route: GET /api/auth/facebook/authorize

[RouteUtils.emit] 2026-08-28T19:07:30.634Z [32minfo[39m: Registered Route: POST /api/auth/apple
[RouteUtils.emit] 2026-08-28T19:07:30.634Z [32minfo[39m: Registered Route: GET /api/auth/apple
[RouteUtils.emit] 2026-08-28T19:07:30.635Z [32minfo[39m: Registered Route: GET /api/auth/apple/authorize

[DerivedLogger.emit] 2026-08-28T19:07:30.635Z [32minfo[39m: Listening on 0.0.0.0:3000...

[DerivedLogger.emit] 2026-08-28T19:07:31.641Z [32minfo[39m: Stopping background services...

[DerivedLogger.emit] 2026-08-28T19:07:31.641Z [32minfo[39m: Stopping server...
[DerivedLogger.emit] 2026-08-28T19:07:31.642Z [32minfo[39m: Closing database connections...

[ConnectionManager.emit] 2026-08-28T19:07:31.643Z [32minfo[39m: Successfully disconnected from all configured databases.

[DerivedLogger.emit] 2026-08-28T19:07:31.644Z [32minfo[39m: Stopping background services...

[DerivedLogger.emit] 2026-08-28T19:07:31.644Z [32minfo[39m: Stopping server...
[DerivedLogger.emit] 2026-08-28T19:07:31.644Z [32minfo[39m: Closing database connections...
[ConnectionManager.emit] 2026-08-28T19:07:31.645Z [32minfo[39m: Successfully disconnected from all configured databases.

            </system-out>
        </testcase>
        <testcase classname="test/Server.mongo.test.ts" name="Server Tests &gt; Can restart server." time="1.1417985">
            <system-out>
[DerivedLogger.emit] 2026-08-28T19:07:31.645Z [32minfo[39m: Starting server...

[DerivedLogger.emit] 2026-08-28T19:07:31.645Z [32minfo[39m: Loading all service classes...

[DerivedLogger.emit] 2026-08-28T19:07:31.650Z [32minfo[39m: Scanning for data models...
[DerivedLogger.emit] 2026-08-28T19:07:31.651Z [32minfo[39m: Initializing database connection(s)...
[ConnectionManager.emit] 2026-08-28T19:07:31.651Z [32minfo[39m: Connecting to database cache [redis://localhost]...

[ConnectionManager.emit] 2026-08-28T19:07:31.652Z [32minfo[39m: Connecting to database events [redis://localhost]...

[ConnectionManager.emit] 2026-08-28T19:07:31.652Z [32minfo[39m: Connecting to database logs [redis://localhost]...

[ConnectionManager.emit] 2026-08-28T19:07:31.653Z [32minfo[39m: Connecting to database acl [mongodb://localhost:9999/acls]...
[ConnectionManager.emit] 2026-08-28T19:07:31.653Z [32minfo[39m: Connecting to database mongo [mongodb://localhost:9999/rrst_auth]...

[ConnectionManager.emit] 2026-08-28T19:07:31.659Z [33mwarn[39m: Datastore &apos;acl&apos; is a standalone MongoDB instance and does not support multi-document transactions. @Transactional will run without a transaction for models on this datastore. Configure MongoDB as a replica set (or sharded cluster) to enable it.

[ConnectionManager.emit] 2026-08-28T19:07:31.660Z [33mwarn[39m: Datastore &apos;mongo&apos; is a standalone MongoDB instance and does not support multi-document transactions. @Transactional will run without a transaction for models on this datastore. Configure MongoDB as a replica set (or sharded cluster) to enable it.

[ConnectionManager.emit] 2026-08-28T19:07:31.663Z [32minfo[39m: Successfully connected to all configured databases.

[DerivedLogger.emit] 2026-08-28T19:07:31.664Z [32minfo[39m: Starting background services...

[BackgroundServiceManager.emit] 2026-08-28T19:07:31.664Z [32minfo[39m: Starting service DefaultAccountsMongo...

[BackgroundServiceManager.emit] 2026-08-28T19:07:31.665Z [31merror[39m: Failed to start service: DefaultAccountsMongo
[BackgroundServiceManager.emit] 2026-08-28T19:07:31.665Z [34mdebug[39m: Client must be connected before running operations

[DerivedLogger.emit] 2026-08-28T19:07:31.666Z [32minfo[39m: Initializing event manager...

[DerivedLogger.emit] 2026-08-28T19:07:31.666Z [32minfo[39m: Scanning for routes...

[RouteUtils.emit] 2026-08-28T19:07:31.666Z [32minfo[39m: Registered Route: GET /api/admin/clear-cache
[RouteUtils.emit] 2026-08-28T19:07:31.667Z [32minfo[39m: Registered Route: WS /api/admin/logs
[RouteUtils.emit] 2026-08-28T19:07:31.667Z [32minfo[39m: Registered Route: GET /api/admin/release-notes
[RouteUtils.emit] 2026-08-28T19:07:31.668Z [32minfo[39m: Registered Route: GET /api/admin/restart

[RouteUtils.emit] 2026-08-28T19:07:31.669Z [32minfo[39m: Registered Route: GET /admin/*
[RouteUtils.emit] 2026-08-28T19:07:31.669Z [32minfo[39m: Registered Route: GET /admin

[RouteUtils.emit] 2026-08-28T19:07:31.670Z [32minfo[39m: Registered Route: GET /api/openapi
[RouteUtils.emit] 2026-08-28T19:07:31.670Z [32minfo[39m: Registered Route: GET /api/openapi/json
[RouteUtils.emit] 2026-08-28T19:07:31.671Z [32minfo[39m: Registered Route: GET /api/openapi/yaml

[RouteUtils.emit] 2026-08-28T19:07:31.671Z [32minfo[39m: Registered Route: GET /api/status

[RouteUtils.emit] 2026-08-28T19:07:31.672Z [32minfo[39m: Registered Route: GET /api/metrics
[RouteUtils.emit] 2026-08-28T19:07:31.672Z [32minfo[39m: Registered Route: GET /api/metrics/:metric

[RouteUtils.emit] 2026-08-28T19:07:31.673Z [32minfo[39m: Registered Route: GET /*
[RouteUtils.emit] 2026-08-28T19:07:31.673Z [32minfo[39m: Registered Route: GET /

[RouteUtils.emit] 2026-08-28T19:07:31.673Z [32minfo[39m: Registered Route: DELETE /api/accounts/:id
[RouteUtils.emit] 2026-08-28T19:07:31.674Z [32minfo[39m: Registered Route: GET /api/accounts/:id
[RouteUtils.emit] 2026-08-28T19:07:31.674Z [32minfo[39m: Registered Route: POST /api/accounts/:id/revokeSessions

[RouteUtils.emit] 2026-08-28T19:07:31.675Z [32minfo[39m: Registered Route: GET /api/auth/password

[RouteUtils.emit] 2026-08-28T19:07:31.675Z [32minfo[39m: Registered Route: GET /api/auth/discover

[RouteUtils.emit] 2026-08-28T19:07:31.675Z [32minfo[39m: Registered Route: GET /api/auth/elevation
[RouteUtils.emit] 2026-08-28T19:07:31.676Z [32minfo[39m: Registered Route: POST /api/auth/elevation

[RouteUtils.emit] 2026-08-28T19:07:31.676Z [32minfo[39m: Registered Route: POST /api/auth/fido2
[RouteUtils.emit] 2026-08-28T19:07:31.677Z [32minfo[39m: Registered Route: GET /api/auth/fido2

[RouteUtils.emit] 2026-08-28T19:07:31.677Z [32minfo[39m: Registered Route: POST /api/aliases
[RouteUtils.emit] 2026-08-28T19:07:31.678Z [32minfo[39m: Registered Route: DELETE /api/aliases/:id
[RouteUtils.emit] 2026-08-28T19:07:31.678Z [32minfo[39m: Registered Route: GET /api/aliases
[RouteUtils.emit] 2026-08-28T19:07:31.679Z [32minfo[39m: Registered Route: GET /api/aliases/:id/sendCode
[RouteUtils.emit] 2026-08-28T19:07:31.679Z [32minfo[39m: Registered Route: PUT /api/aliases/:id
[RouteUtils.emit] 2026-08-28T19:07:31.680Z [32minfo[39m: Registered Route: PUT /api/aliases
[RouteUtils.emit] 2026-08-28T19:07:31.680Z [32minfo[39m: Registered Route: PUT /api/aliases/:id/:property
[RouteUtils.emit] 2026-08-28T19:07:31.681Z [32minfo[39m: Registered Route: POST /api/aliases/:id/verify
[RouteUtils.emit] 2026-08-28T19:07:31.681Z [32minfo[39m: Registered Route: HEAD /api/aliases
[RouteUtils.emit] 2026-08-28T19:07:31.681Z [32minfo[39m: Registered Route: HEAD /api/aliases/:id
[RouteUtils.emit] 2026-08-28T19:07:31.682Z [32minfo[39m: Registered Route: GET /api/aliases/:id
[RouteUtils.emit] 2026-08-28T19:07:31.682Z [32minfo[39m: Registered Route: DELETE /api/aliases

[RouteUtils.emit] 2026-08-28T19:07:31.683Z [32minfo[39m: Registered Route: POST /api/auth/passkey
[RouteUtils.emit] 2026-08-28T19:07:31.683Z [32minfo[39m: Registered Route: GET /api/auth/passkey

[RouteUtils.emit] 2026-08-28T19:07:31.684Z [32minfo[39m: Registered Route: HEAD /api/secrets
[RouteUtils.emit] 2026-08-28T19:07:31.684Z [32minfo[39m: Registered Route: GET /api/secrets/passkey/register
[RouteUtils.emit] 2026-08-28T19:07:31.684Z [32minfo[39m: Registered Route: GET /api/secrets/password
[RouteUtils.emit] 2026-08-28T19:07:31.685Z [32minfo[39m: Registered Route: GET /api/secrets/fido2/register
[RouteUtils.emit] 2026-08-28T19:07:31.685Z [32minfo[39m: Registered Route: POST /api/secrets
[RouteUtils.emit] 2026-08-28T19:07:31.685Z [32minfo[39m: Registered Route: DELETE /api/secrets/:id
[RouteUtils.emit] 2026-08-28T19:07:31.686Z [32minfo[39m: Registered Route: HEAD /api/secrets/:id
[RouteUtils.emit] 2026-08-28T19:07:31.686Z [32minfo[39m: Registered Route: GET /api/secrets
[RouteUtils.emit] 2026-08-28T19:07:31.686Z [32minfo[39m: Registered Route: GET /api/secrets/:id
[RouteUtils.emit] 2026-08-28T19:07:31.687Z [32minfo[39m: Registered Route: DELETE /api/secrets
[RouteUtils.emit] 2026-08-28T19:07:31.687Z [32minfo[39m: Registered Route: PUT /api/secrets/:id

[RouteUtils.emit] 2026-08-28T19:07:31.688Z [32minfo[39m: Registered Route: POST /api/auth/refresh
[RouteUtils.emit] 2026-08-28T19:07:31.688Z [32minfo[39m: Registered Route: GET /api/auth/refresh

[RouteUtils.emit] 2026-08-28T19:07:31.688Z [32minfo[39m: Registered Route: POST /api/auth/otp
[RouteUtils.emit] 2026-08-28T19:07:31.689Z [32minfo[39m: Registered Route: GET /api/auth/otp

[RouteUtils.emit] 2026-08-28T19:07:31.689Z [32minfo[39m: Registered Route: POST /api/profiles
[RouteUtils.emit] 2026-08-28T19:07:31.690Z [32minfo[39m: Registered Route: DELETE /api/profiles/:id
[RouteUtils.emit] 2026-08-28T19:07:31.691Z [32minfo[39m: Registered Route: GET /api/profiles
[RouteUtils.emit] 2026-08-28T19:07:31.691Z [32minfo[39m: Registered Route: GET /api/profiles/:id
[RouteUtils.emit] 2026-08-28T19:07:31.692Z [32minfo[39m: Registered Route: GET /api/profiles/:id/contacts/sendCode
[RouteUtils.emit] 2026-08-28T19:07:31.692Z [32minfo[39m: Registered Route: PUT /api/profiles/:id
[RouteUtils.emit] 2026-08-28T19:07:31.692Z [32minfo[39m: Registered Route: POST /api/profiles/:id/contacts/verify
[RouteUtils.emit] 2026-08-28T19:07:31.693Z [32minfo[39m: Registered Route: PUT /api/profiles/:id/:property
[RouteUtils.emit] 2026-08-28T19:07:31.693Z [32minfo[39m: Registered Route: HEAD /api/profiles
[RouteUtils.emit] 2026-08-28T19:07:31.693Z [32minfo[39m: Registered Route: HEAD /api/profiles/:id
[RouteUtils.emit] 2026-08-28T19:07:31.694Z [32minfo[39m: Registered Route: DELETE /api/profiles
[RouteUtils.emit] 2026-08-28T19:07:31.694Z [32minfo[39m: Registered Route: PUT /api/profiles

[RouteUtils.emit] 2026-08-28T19:07:31.694Z [32minfo[39m: Registered Route: POST /api/auth/totp
[RouteUtils.emit] 2026-08-28T19:07:31.695Z [32minfo[39m: Registered Route: GET /api/auth/totp

[RouteUtils.emit] 2026-08-28T19:07:31.695Z [32minfo[39m: Registered Route: POST /api/auth/mfa
[RouteUtils.emit] 2026-08-28T19:07:31.695Z [32minfo[39m: Registered Route: GET /api/auth/mfa

[RouteUtils.emit] 2026-08-28T19:07:31.696Z [32minfo[39m: Registered Route: HEAD /api/users
[RouteUtils.emit] 2026-08-28T19:07:31.696Z [32minfo[39m: Registered Route: POST /api/users
[RouteUtils.emit] 2026-08-28T19:07:31.697Z [32minfo[39m: Registered Route: DELETE /api/users/:id
[RouteUtils.emit] 2026-08-28T19:07:31.697Z [32minfo[39m: Registered Route: HEAD /api/users/:id
[RouteUtils.emit] 2026-08-28T19:07:31.697Z [32minfo[39m: Registered Route: GET /api/users
[RouteUtils.emit] 2026-08-28T19:07:31.698Z [32minfo[39m: Registered Route: GET /api/users/:id
[RouteUtils.emit] 2026-08-28T19:07:31.698Z [32minfo[39m: Registered Route: DELETE /api/users
[RouteUtils.emit] 2026-08-28T19:07:31.698Z [32minfo[39m: Registered Route: PUT /api/users/:id

[RouteUtils.emit] 2026-08-28T19:07:31.699Z [32minfo[39m: Registered Route: POST /api/auth/logout

[RouteUtils.emit] 2026-08-28T19:07:31.699Z [32minfo[39m: Registered Route: POST /api/register/start
[RouteUtils.emit] 2026-08-28T19:07:31.700Z [32minfo[39m: Registered Route: POST /api/register/verify

[RouteUtils.emit] 2026-08-28T19:07:31.700Z [32minfo[39m: Registered Route: POST /api/auth/microsoft
[RouteUtils.emit] 2026-08-28T19:07:31.701Z [32minfo[39m: Registered Route: GET /api/auth/microsoft
[RouteUtils.emit] 2026-08-28T19:07:31.701Z [32minfo[39m: Registered Route: GET /api/auth/microsoft/authorize

[RouteUtils.emit] 2026-08-28T19:07:31.702Z [32minfo[39m: Registered Route: POST /api/auth/google
[RouteUtils.emit] 2026-08-28T19:07:31.702Z [32minfo[39m: Registered Route: GET /api/auth/google
[RouteUtils.emit] 2026-08-28T19:07:31.703Z [32minfo[39m: Registered Route: GET /api/auth/google/authorize

[RouteUtils.emit] 2026-08-28T19:07:31.703Z [32minfo[39m: Registered Route: POST /api/auth/facebook
[RouteUtils.emit] 2026-08-28T19:07:31.703Z [32minfo[39m: Registered Route: GET /api/auth/facebook
[RouteUtils.emit] 2026-08-28T19:07:31.704Z [32minfo[39m: Registered Route: GET /api/auth/facebook/authorize

[RouteUtils.emit] 2026-08-28T19:07:31.704Z [32minfo[39m: Registered Route: POST /api/auth/apple
[RouteUtils.emit] 2026-08-28T19:07:31.705Z [32minfo[39m: Registered Route: GET /api/auth/apple
[RouteUtils.emit] 2026-08-28T19:07:31.705Z [32minfo[39m: Registered Route: GET /api/auth/apple/authorize

[DerivedLogger.emit] 2026-08-28T19:07:31.705Z [32minfo[39m: Listening on 0.0.0.0:3000...

[DerivedLogger.emit] 2026-08-28T19:07:32.723Z [32minfo[39m: Stopping background services...

[DerivedLogger.emit] 2026-08-28T19:07:32.723Z [32minfo[39m: Stopping server...
[DerivedLogger.emit] 2026-08-28T19:07:32.724Z [32minfo[39m: Closing database connections...

[ConnectionManager.emit] 2026-08-28T19:07:32.725Z [32minfo[39m: Successfully disconnected from all configured databases.

[DerivedLogger.emit] 2026-08-28T19:07:32.725Z [32minfo[39m: Starting server...

[DerivedLogger.emit] 2026-08-28T19:07:32.726Z [32minfo[39m: Loading all service classes...

[DerivedLogger.emit] 2026-08-28T19:07:32.734Z [32minfo[39m: Scanning for data models...
[DerivedLogger.emit] 2026-08-28T19:07:32.735Z [32minfo[39m: Initializing database connection(s)...
[ConnectionManager.emit] 2026-08-28T19:07:32.736Z [32minfo[39m: Connecting to database cache [redis://localhost]...

[ConnectionManager.emit] 2026-08-28T19:07:32.736Z [32minfo[39m: Connecting to database events [redis://localhost]...

[ConnectionManager.emit] 2026-08-28T19:07:32.737Z [32minfo[39m: Connecting to database logs [redis://localhost]...

[ConnectionManager.emit] 2026-08-28T19:07:32.737Z [32minfo[39m: Connecting to database acl [mongodb://localhost:9999/acls]...
[ConnectionManager.emit] 2026-08-28T19:07:32.738Z [32minfo[39m: Connecting to database mongo [mongodb://localhost:9999/rrst_auth]...

[ConnectionManager.emit] 2026-08-28T19:07:32.743Z [33mwarn[39m: Datastore &apos;acl&apos; is a standalone MongoDB instance and does not support multi-document transactions. @Transactional will run without a transaction for models on this datastore. Configure MongoDB as a replica set (or sharded cluster) to enable it.

[ConnectionManager.emit] 2026-08-28T19:07:32.744Z [33mwarn[39m: Datastore &apos;mongo&apos; is a standalone MongoDB instance and does not support multi-document transactions. @Transactional will run without a transaction for models on this datastore. Configure MongoDB as a replica set (or sharded cluster) to enable it.

[ConnectionManager.emit] 2026-08-28T19:07:32.748Z [32minfo[39m: Successfully connected to all configured databases.

[DerivedLogger.emit] 2026-08-28T19:07:32.748Z [32minfo[39m: Starting background services...

[BackgroundServiceManager.emit] 2026-08-28T19:07:32.748Z [32minfo[39m: Starting service DefaultAccountsMongo...

[BackgroundServiceManager.emit] 2026-08-28T19:07:32.749Z [31merror[39m: Failed to start service: DefaultAccountsMongo
[BackgroundServiceManager.emit] 2026-08-28T19:07:32.749Z [34mdebug[39m: Client must be connected before running operations

[DerivedLogger.emit] 2026-08-28T19:07:32.750Z [32minfo[39m: Initializing event manager...

[DerivedLogger.emit] 2026-08-28T19:07:32.750Z [32minfo[39m: Scanning for routes...

[RouteUtils.emit] 2026-08-28T19:07:32.750Z [32minfo[39m: Registered Route: GET /api/admin/clear-cache
[RouteUtils.emit] 2026-08-28T19:07:32.751Z [32minfo[39m: Registered Route: WS /api/admin/logs
[RouteUtils.emit] 2026-08-28T19:07:32.751Z [32minfo[39m: Registered Route: GET /api/admin/release-notes
[RouteUtils.emit] 2026-08-28T19:07:32.751Z [32minfo[39m: Registered Route: GET /api/admin/restart

[RouteUtils.emit] 2026-08-28T19:07:32.752Z [32minfo[39m: Registered Route: GET /admin/*
[RouteUtils.emit] 2026-08-28T19:07:32.752Z [32minfo[39m: Registered Route: GET /admin

[RouteUtils.emit] 2026-08-28T19:07:32.753Z [32minfo[39m: Registered Route: GET /api/openapi
[RouteUtils.emit] 2026-08-28T19:07:32.753Z [32minfo[39m: Registered Route: GET /api/openapi/json
[RouteUtils.emit] 2026-08-28T19:07:32.753Z [32minfo[39m: Registered Route: GET /api/openapi/yaml

[RouteUtils.emit] 2026-08-28T19:07:32.754Z [32minfo[39m: Registered Route: GET /api/status

[RouteUtils.emit] 2026-08-28T19:07:32.754Z [32minfo[39m: Registered Route: GET /api/metrics
[RouteUtils.emit] 2026-08-28T19:07:32.754Z [32minfo[39m: Registered Route: GET /api/metrics/:metric

[RouteUtils.emit] 2026-08-28T19:07:32.755Z [32minfo[39m: Registered Route: GET /*
[RouteUtils.emit] 2026-08-28T19:07:32.755Z [32minfo[39m: Registered Route: GET /

[RouteUtils.emit] 2026-08-28T19:07:32.756Z [32minfo[39m: Registered Route: DELETE /api/accounts/:id
[RouteUtils.emit] 2026-08-28T19:07:32.756Z [32minfo[39m: Registered Route: GET /api/accounts/:id
[RouteUtils.emit] 2026-08-28T19:07:32.756Z [32minfo[39m: Registered Route: POST /api/accounts/:id/revokeSessions

[RouteUtils.emit] 2026-08-28T19:07:32.757Z [32minfo[39m: Registered Route: GET /api/auth/password

[RouteUtils.emit] 2026-08-28T19:07:32.757Z [32minfo[39m: Registered Route: GET /api/auth/discover

[RouteUtils.emit] 2026-08-28T19:07:32.758Z [32minfo[39m: Registered Route: GET /api/auth/elevation
[RouteUtils.emit] 2026-08-28T19:07:32.758Z [32minfo[39m: Registered Route: POST /api/auth/elevation

[RouteUtils.emit] 2026-08-28T19:07:32.759Z [32minfo[39m: Registered Route: POST /api/auth/fido2
[RouteUtils.emit] 2026-08-28T19:07:32.759Z [32minfo[39m: Registered Route: GET /api/auth/fido2

[RouteUtils.emit] 2026-08-28T19:07:32.759Z [32minfo[39m: Registered Route: POST /api/aliases
[RouteUtils.emit] 2026-08-28T19:07:32.760Z [32minfo[39m: Registered Route: DELETE /api/aliases/:id
[RouteUtils.emit] 2026-08-28T19:07:32.760Z [32minfo[39m: Registered Route: GET /api/aliases
[RouteUtils.emit] 2026-08-28T19:07:32.760Z [32minfo[39m: Registered Route: GET /api/aliases/:id/sendCode
[RouteUtils.emit] 2026-08-28T19:07:32.761Z [32minfo[39m: Registered Route: PUT /api/aliases/:id
[RouteUtils.emit] 2026-08-28T19:07:32.761Z [32minfo[39m: Registered Route: PUT /api/aliases
[RouteUtils.emit] 2026-08-28T19:07:32.761Z [32minfo[39m: Registered Route: PUT /api/aliases/:id/:property
[RouteUtils.emit] 2026-08-28T19:07:32.762Z [32minfo[39m: Registered Route: POST /api/aliases/:id/verify
[RouteUtils.emit] 2026-08-28T19:07:32.762Z [32minfo[39m: Registered Route: HEAD /api/aliases
[RouteUtils.emit] 2026-08-28T19:07:32.762Z [32minfo[39m: Registered Route: HEAD /api/aliases/:id
[RouteUtils.emit] 2026-08-28T19:07:32.763Z [32minfo[39m: Registered Route: GET /api/aliases/:id
[RouteUtils.emit] 2026-08-28T19:07:32.763Z [32minfo[39m: Registered Route: DELETE /api/aliases

[RouteUtils.emit] 2026-08-28T19:07:32.763Z [32minfo[39m: Registered Route: POST /api/auth/passkey
[RouteUtils.emit] 2026-08-28T19:07:32.764Z [32minfo[39m: Registered Route: GET /api/auth/passkey

[RouteUtils.emit] 2026-08-28T19:07:32.764Z [32minfo[39m: Registered Route: HEAD /api/secrets
[RouteUtils.emit] 2026-08-28T19:07:32.765Z [32minfo[39m: Registered Route: GET /api/secrets/passkey/register
[RouteUtils.emit] 2026-08-28T19:07:32.765Z [32minfo[39m: Registered Route: GET /api/secrets/password
[RouteUtils.emit] 2026-08-28T19:07:32.765Z [32minfo[39m: Registered Route: GET /api/secrets/fido2/register
[RouteUtils.emit] 2026-08-28T19:07:32.766Z [32minfo[39m: Registered Route: POST /api/secrets
[RouteUtils.emit] 2026-08-28T19:07:32.766Z [32minfo[39m: Registered Route: DELETE /api/secrets/:id
[RouteUtils.emit] 2026-08-28T19:07:32.766Z [32minfo[39m: Registered Route: HEAD /api/secrets/:id
[RouteUtils.emit] 2026-08-28T19:07:32.767Z [32minfo[39m: Registered Route: GET /api/secrets
[RouteUtils.emit] 2026-08-28T19:07:32.767Z [32minfo[39m: Registered Route: GET /api/secrets/:id
[RouteUtils.emit] 2026-08-28T19:07:32.767Z [32minfo[39m: Registered Route: DELETE /api/secrets
[RouteUtils.emit] 2026-08-28T19:07:32.768Z [32minfo[39m: Registered Route: PUT /api/secrets/:id

[RouteUtils.emit] 2026-08-28T19:07:32.768Z [32minfo[39m: Registered Route: POST /api/auth/refresh
[RouteUtils.emit] 2026-08-28T19:07:32.768Z [32minfo[39m: Registered Route: GET /api/auth/refresh

[RouteUtils.emit] 2026-08-28T19:07:32.769Z [32minfo[39m: Registered Route: POST /api/auth/otp
[RouteUtils.emit] 2026-08-28T19:07:32.769Z [32minfo[39m: Registered Route: GET /api/auth/otp

[RouteUtils.emit] 2026-08-28T19:07:32.770Z [32minfo[39m: Registered Route: POST /api/profiles
[RouteUtils.emit] 2026-08-28T19:07:32.770Z [32minfo[39m: Registered Route: DELETE /api/profiles/:id
[RouteUtils.emit] 2026-08-28T19:07:32.770Z [32minfo[39m: Registered Route: GET /api/profiles
[RouteUtils.emit] 2026-08-28T19:07:32.771Z [32minfo[39m: Registered Route: GET /api/profiles/:id
[RouteUtils.emit] 2026-08-28T19:07:32.771Z [32minfo[39m: Registered Route: GET /api/profiles/:id/contacts/sendCode
[RouteUtils.emit] 2026-08-28T19:07:32.771Z [32minfo[39m: Registered Route: PUT /api/profiles/:id
[RouteUtils.emit] 2026-08-28T19:07:32.772Z [32minfo[39m: Registered Route: POST /api/profiles/:id/contacts/verify
[RouteUtils.emit] 2026-08-28T19:07:32.772Z [32minfo[39m: Registered Route: PUT /api/profiles/:id/:property
[RouteUtils.emit] 2026-08-28T19:07:32.773Z [32minfo[39m: Registered Route: HEAD /api/profiles
[RouteUtils.emit] 2026-08-28T19:07:32.773Z [32minfo[39m: Registered Route: HEAD /api/profiles/:id
[RouteUtils.emit] 2026-08-28T19:07:32.773Z [32minfo[39m: Registered Route: DELETE /api/profiles
[RouteUtils.emit] 2026-08-28T19:07:32.774Z [32minfo[39m: Registered Route: PUT /api/profiles

[RouteUtils.emit] 2026-08-28T19:07:32.774Z [32minfo[39m: Registered Route: POST /api/auth/totp
[RouteUtils.emit] 2026-08-28T19:07:32.774Z [32minfo[39m: Registered Route: GET /api/auth/totp

[RouteUtils.emit] 2026-08-28T19:07:32.775Z [32minfo[39m: Registered Route: POST /api/auth/mfa
[RouteUtils.emit] 2026-08-28T19:07:32.775Z [32minfo[39m: Registered Route: GET /api/auth/mfa

[RouteUtils.emit] 2026-08-28T19:07:32.776Z [32minfo[39m: Registered Route: HEAD /api/users
[RouteUtils.emit] 2026-08-28T19:07:32.776Z [32minfo[39m: Registered Route: POST /api/users
[RouteUtils.emit] 2026-08-28T19:07:32.776Z [32minfo[39m: Registered Route: DELETE /api/users/:id
[RouteUtils.emit] 2026-08-28T19:07:32.777Z [32minfo[39m: Registered Route: HEAD /api/users/:id
[RouteUtils.emit] 2026-08-28T19:07:32.777Z [32minfo[39m: Registered Route: GET /api/users
[RouteUtils.emit] 2026-08-28T19:07:32.777Z [32minfo[39m: Registered Route: GET /api/users/:id
[RouteUtils.emit] 2026-08-28T19:07:32.778Z [32minfo[39m: Registered Route: DELETE /api/users
[RouteUtils.emit] 2026-08-28T19:07:32.778Z [32minfo[39m: Registered Route: PUT /api/users/:id

[RouteUtils.emit] 2026-08-28T19:07:32.778Z [32minfo[39m: Registered Route: POST /api/auth/logout

[RouteUtils.emit] 2026-08-28T19:07:32.779Z [32minfo[39m: Registered Route: POST /api/register/start
[RouteUtils.emit] 2026-08-28T19:07:32.779Z [32minfo[39m: Registered Route: POST /api/register/verify

[RouteUtils.emit] 2026-08-28T19:07:32.780Z [32minfo[39m: Registered Route: POST /api/auth/microsoft
[RouteUtils.emit] 2026-08-28T19:07:32.780Z [32minfo[39m: Registered Route: GET /api/auth/microsoft
[RouteUtils.emit] 2026-08-28T19:07:32.780Z [32minfo[39m: Registered Route: GET /api/auth/microsoft/authorize

[RouteUtils.emit] 2026-08-28T19:07:32.781Z [32minfo[39m: Registered Route: POST /api/auth/google
[RouteUtils.emit] 2026-08-28T19:07:32.781Z [32minfo[39m: Registered Route: GET /api/auth/google
[RouteUtils.emit] 2026-08-28T19:07:32.781Z [32minfo[39m: Registered Route: GET /api/auth/google/authorize

[RouteUtils.emit] 2026-08-28T19:07:32.782Z [32minfo[39m: Registered Route: POST /api/auth/facebook
[RouteUtils.emit] 2026-08-28T19:07:32.782Z [32minfo[39m: Registered Route: GET /api/auth/facebook
[RouteUtils.emit] 2026-08-28T19:07:32.782Z [32minfo[39m: Registered Route: GET /api/auth/facebook/authorize

[RouteUtils.emit] 2026-08-28T19:07:32.783Z [32minfo[39m: Registered Route: POST /api/auth/apple
[RouteUtils.emit] 2026-08-28T19:07:32.783Z [32minfo[39m: Registered Route: GET /api/auth/apple
[RouteUtils.emit] 2026-08-28T19:07:32.784Z [32minfo[39m: Registered Route: GET /api/auth/apple/authorize

[DerivedLogger.emit] 2026-08-28T19:07:32.784Z [32minfo[39m: Listening on 0.0.0.0:3000...

[DerivedLogger.emit] 2026-08-28T19:07:32.784Z [32minfo[39m: Stopping background services...

[DerivedLogger.emit] 2026-08-28T19:07:32.785Z [32minfo[39m: Stopping server...
[DerivedLogger.emit] 2026-08-28T19:07:32.785Z [32minfo[39m: Closing database connections...

[ConnectionManager.emit] 2026-08-28T19:07:32.786Z [32minfo[39m: Successfully disconnected from all configured databases.

            </system-out>
        </testcase>
    </testsuite>
    <testsuite name="test/Server.sql.test.ts" timestamp="2026-08-28T19:09:03.028Z" hostname="Jane" tests="3" failures="0" errors="0" skipped="0" time="4.043744">
        <testcase classname="test/Server.sql.test.ts" name="Server Tests &gt; Can start server." time="1.7873765">
            <system-out>
[DerivedLogger.emit] 2026-08-28T19:07:39.577Z [32minfo[39m: Starting server...

[DerivedLogger.emit] 2026-08-28T19:07:39.582Z [32minfo[39m: Registering class OpenApiSpec
[DerivedLogger.emit] 2026-08-28T19:07:39.583Z [34mdebug[39m: Creating new instance of class [OpenApiSpec] with name [OpenApiSpec:default]

[DerivedLogger.emit] 2026-08-28T19:07:39.585Z [32minfo[39m: Registering class ConnectionManager
[DerivedLogger.emit] 2026-08-28T19:07:39.585Z [34mdebug[39m: Creating new instance of class [ConnectionManager] with name [ConnectionManager:default]

[DerivedLogger.emit] 2026-08-28T19:07:39.586Z [32minfo[39m: Loading all service classes...

[DerivedLogger.emit] 2026-08-28T19:07:39.837Z [32minfo[39m: Registering class routes.AdminRoute
[DerivedLogger.emit] 2026-08-28T19:07:39.837Z [32minfo[39m: Registering class routes.OpenAPIRoute
[DerivedLogger.emit] 2026-08-28T19:07:39.838Z [32minfo[39m: Registering class routes.StatusRoute
[DerivedLogger.emit] 2026-08-28T19:07:39.838Z [32minfo[39m: Registering class routes.MetricsRoute
[DerivedLogger.emit] 2026-08-28T19:07:39.839Z [32minfo[39m: Registering class routes.AdminConsoleRoute
[DerivedLogger.emit] 2026-08-28T19:07:39.839Z [32minfo[39m: Registering class routes.AppRoute
[DerivedLogger.emit] 2026-08-28T19:07:39.839Z [32minfo[39m: Registering class routes.AuthLogoutRoute
[DerivedLogger.emit] 2026-08-28T19:07:39.840Z [32minfo[39m: Registering class DefaultAccountsSQL
[DerivedLogger.emit] 2026-08-28T19:07:39.840Z [32minfo[39m: Registering class UserSQL
[DerivedLogger.emit] 2026-08-28T19:07:39.840Z [32minfo[39m: Registering class AliasSQL
[DerivedLogger.emit] 2026-08-28T19:07:39.841Z [32minfo[39m: Registering class ProfileSQL
[DerivedLogger.emit] 2026-08-28T19:07:39.841Z [32minfo[39m: Registering class SecretSQL
[DerivedLogger.emit] 2026-08-28T19:07:39.841Z [32minfo[39m: Registering class routes.AliasRoute
[DerivedLogger.emit] 2026-08-28T19:07:39.842Z [32minfo[39m: Registering class routes.AuthOTPRoute
[DerivedLogger.emit] 2026-08-28T19:07:39.842Z [32minfo[39m: Registering class routes.AuthMFARoute
[DerivedLogger.emit] 2026-08-28T19:07:39.842Z [32minfo[39m: Registering class routes.AuthFIDO2Route
[DerivedLogger.emit] 2026-08-28T19:07:39.843Z [32minfo[39m: Registering class routes.AccountRoute
[DerivedLogger.emit] 2026-08-28T19:07:39.843Z [32minfo[39m: Registering class routes.AuthElevationRoute
[DerivedLogger.emit] 2026-08-28T19:07:39.843Z [32minfo[39m: Registering class routes.AuthBasicRoute
[DerivedLogger.emit] 2026-08-28T19:07:39.844Z [32minfo[39m: Registering class routes.AuthDiscoverRoute
[DerivedLogger.emit] 2026-08-28T19:07:39.844Z [32minfo[39m: Registering class routes.ProfileRoute
[DerivedLogger.emit] 2026-08-28T19:07:39.844Z [32minfo[39m: Registering class routes.AuthRefreshRoute
[DerivedLogger.emit] 2026-08-28T19:07:39.845Z [32minfo[39m: Registering class routes.AuthTOTPRoute
[DerivedLogger.emit] 2026-08-28T19:07:39.845Z [32minfo[39m: Registering class routes.AuthPasskeyRoute
[DerivedLogger.emit] 2026-08-28T19:07:39.846Z [32minfo[39m: Registering class routes.SecretRoute
[DerivedLogger.emit] 2026-08-28T19:07:39.846Z [32minfo[39m: Registering class routes.RegistrationRoute
[DerivedLogger.emit] 2026-08-28T19:07:39.846Z [32minfo[39m: Registering class routes.UserRoute
[DerivedLogger.emit] 2026-08-28T19:07:39.847Z [32minfo[39m: Registering class routes.AuthFacebookRoute
[DerivedLogger.emit] 2026-08-28T19:07:39.847Z [32minfo[39m: Registering class routes.AuthGoogleRoute
[DerivedLogger.emit] 2026-08-28T19:07:39.847Z [32minfo[39m: Registering class routes.AuthMicrosoftRoute
[DerivedLogger.emit] 2026-08-28T19:07:39.848Z [32minfo[39m: Registering class routes.AuthAppleRoute
[DerivedLogger.emit] 2026-08-28T19:07:39.848Z [32minfo[39m: Scanning for data models...
[DerivedLogger.emit] 2026-08-28T19:07:39.850Z [32minfo[39m: Initializing database connection(s)...
[ConnectionManager.emit] 2026-08-28T19:07:39.850Z [32minfo[39m: Connecting to database cache [redis://localhost]...

[ConnectionManager.emit] 2026-08-28T19:07:39.858Z [32minfo[39m: Connecting to database events [redis://localhost]...

[ConnectionManager.emit] 2026-08-28T19:07:39.858Z [32minfo[39m: Connecting to database logs [redis://localhost]...

[ConnectionManager.emit] 2026-08-28T19:07:39.859Z [32minfo[39m: Connecting to database acl [better-sqlite3://localhost/rrst-test-acl]...
[ConnectionManager.emit] 2026-08-28T19:07:39.859Z [32minfo[39m: Connecting to database sql [better-sqlite3://localhost/rrst-test]...

[ConnectionManager.emit] 2026-08-28T19:07:40.107Z [32minfo[39m: Successfully connected to all configured databases.

[DerivedLogger.emit] 2026-08-28T19:07:40.108Z [32minfo[39m: Registering class ACLUtils
[DerivedLogger.emit] 2026-08-28T19:07:40.109Z [34mdebug[39m: Creating new instance of class [ACLUtils] with name [ACLUtils:default]
[DerivedLogger.emit] 2026-08-28T19:07:40.109Z [32minfo[39m: Registering class RedisCache
[DerivedLogger.emit] 2026-08-28T19:07:40.111Z [34mdebug[39m: Creating new instance of class [RedisCache] with name [RedisCache:AccessControlListSQL]

[ACLUtils.emit] 2026-08-28T19:07:40.112Z [32minfo[39m: RBAC system is enabled and ready.

[DerivedLogger.emit] 2026-08-28T19:07:40.116Z [32minfo[39m: Registering class SessionManager
[DerivedLogger.emit] 2026-08-28T19:07:40.116Z [34mdebug[39m: Creating new instance of class [SessionManager] with name [SessionManager:default]

[DerivedLogger.emit] 2026-08-28T19:07:40.117Z [32minfo[39m: Registering class RedisSessionStore
[DerivedLogger.emit] 2026-08-28T19:07:40.117Z [34mdebug[39m: Creating new instance of class [RedisSessionStore] with name [RedisSessionStore:7e9e9fb1-701c-4451-a84c-f13c56d3534d]

[SessionManager.emit] 2026-08-28T19:07:40.118Z [32minfo[39m: Session support enabled (store: redis).

[DerivedLogger.emit] 2026-08-28T19:07:40.118Z [32minfo[39m: Registering class RouteUtils
[DerivedLogger.emit] 2026-08-28T19:07:40.119Z [34mdebug[39m: Creating new instance of class [RouteUtils] with name [RouteUtils:default]
[DerivedLogger.emit] 2026-08-28T19:07:40.119Z [32minfo[39m: Registering class AuthMiddleware
[DerivedLogger.emit] 2026-08-28T19:07:40.120Z [34mdebug[39m: Creating new instance of class [AuthMiddleware] with name [AuthMiddleware:default]
[DerivedLogger.emit] 2026-08-28T19:07:40.120Z [32minfo[39m: Registering class auth.JWTStrategy
[DerivedLogger.emit] 2026-08-28T19:07:40.121Z [34mdebug[39m: Creating new instance of class [auth.JWTStrategy] with name [auth.JWTStrategy:6ce2b463-9a62-4b17-ad74-9a3e9b27a7cc]

[DerivedLogger.emit] 2026-08-28T19:07:40.122Z [32minfo[39m: Starting background services...
[DerivedLogger.emit] 2026-08-28T19:07:40.122Z [32minfo[39m: Registering class BackgroundServiceManager
[DerivedLogger.emit] 2026-08-28T19:07:40.123Z [34mdebug[39m: Creating new instance of class [BackgroundServiceManager] with name [BackgroundServiceManager:default]

[BackgroundServiceManager.emit] 2026-08-28T19:07:40.123Z [32minfo[39m: Starting service DefaultAccountsSQL...
[DerivedLogger.emit] 2026-08-28T19:07:40.124Z [34mdebug[39m: Creating new instance of class [DefaultAccountsSQL] with name [DefaultAccountsSQL:DefaultAccountsSQL]
[DerivedLogger.emit] 2026-08-28T19:07:40.125Z [32minfo[39m: Registering class RepoUtils
[DerivedLogger.emit] 2026-08-28T19:07:40.126Z [34mdebug[39m: Creating new instance of class [RepoUtils] with name [RepoUtils:AliasSQL]
[DerivedLogger.emit] 2026-08-28T19:07:40.127Z [32minfo[39m: Unable to register class undefined for ACLUtils/undefined
[DerivedLogger.emit] 2026-08-28T19:07:40.127Z [32minfo[39m: Registering class NotificationUtils
[DerivedLogger.emit] 2026-08-28T19:07:40.128Z [34mdebug[39m: Creating new instance of class [NotificationUtils] with name [NotificationUtils:default]

[DerivedLogger.emit] 2026-08-28T19:07:40.144Z [34mdebug[39m: Creating new instance of class [RepoUtils] with name [RepoUtils:ProfileSQL]
[DerivedLogger.emit] 2026-08-28T19:07:40.147Z [32minfo[39m: Unable to register class undefined for ACLUtils/undefined

[DerivedLogger.emit] 2026-08-28T19:07:40.154Z [34mdebug[39m: Creating new instance of class [RepoUtils] with name [RepoUtils:SecretSQL]
[DerivedLogger.emit] 2026-08-28T19:07:40.155Z [32minfo[39m: Unable to register class undefined for ACLUtils/undefined

[DerivedLogger.emit] 2026-08-28T19:07:40.161Z [34mdebug[39m: Creating new instance of class [RepoUtils] with name [RepoUtils:UserSQL]
[DerivedLogger.emit] 2026-08-28T19:07:40.161Z [32minfo[39m: Unable to register class undefined for ACLUtils/undefined

[DefaultAccountsSQL.emit] 2026-08-28T19:07:40.243Z [32minfo[39m: ================================================================================
[DefaultAccountsSQL.emit] 2026-08-28T19:07:40.244Z [32minfo[39m: !!!IMPORTANT!!! Write down this information. It won&apos;t be shown again.
[DefaultAccountsSQL.emit] 2026-08-28T19:07:40.244Z [32minfo[39m: ================================================================================
[DefaultAccountsSQL.emit] 2026-08-28T19:07:40.245Z [32minfo[39m: An account has been created with the following details:
[DefaultAccountsSQL.emit] 2026-08-28T19:07:40.245Z [32minfo[39m: ------------------------------

[DefaultAccountsSQL.emit] 2026-08-28T19:07:40.249Z [32minfo[39m: Name: admin
[DefaultAccountsSQL.emit] 2026-08-28T19:07:40.250Z [32minfo[39m: Password: See &apos;D:\github\rapidrest\auth-server\passwords&apos;
[DefaultAccountsSQL.emit] 2026-08-28T19:07:40.250Z [32minfo[39m: Roles: admin
[DefaultAccountsSQL.emit] 2026-08-28T19:07:40.251Z [32minfo[39m: ================================================================================

[DerivedLogger.emit] 2026-08-28T19:07:40.251Z [32minfo[39m: Initializing event manager...
[DerivedLogger.emit] 2026-08-28T19:07:40.252Z [32minfo[39m: Registering class EventListenerManager
[DerivedLogger.emit] 2026-08-28T19:07:40.252Z [34mdebug[39m: Creating new instance of class [EventListenerManager] with name [EventListenerManager:default]

[DerivedLogger.emit] 2026-08-28T19:07:40.253Z [32minfo[39m: Scanning for routes...
[DerivedLogger.emit] 2026-08-28T19:07:40.253Z [34mdebug[39m: Creating new instance of class [routes.AdminRoute] with name [routes.AdminRoute:default]

[routes.AdminRoute.emit] 2026-08-28T19:07:40.254Z [32minfo[39m: Cache is enabled and ready.

[RouteUtils.emit] 2026-08-28T19:07:40.255Z [32minfo[39m: Registered Route: GET /api/admin/clear-cache
[RouteUtils.emit] 2026-08-28T19:07:40.257Z [32minfo[39m: Registered Route: WS /api/admin/logs
[RouteUtils.emit] 2026-08-28T19:07:40.258Z [32minfo[39m: Registered Route: GET /api/admin/release-notes
[RouteUtils.emit] 2026-08-28T19:07:40.258Z [32minfo[39m: Registered Route: GET /api/admin/restart

[DerivedLogger.emit] 2026-08-28T19:07:40.258Z [34mdebug[39m: Creating new instance of class [routes.OpenAPIRoute] with name [routes.OpenAPIRoute:default]

[RouteUtils.emit] 2026-08-28T19:07:40.259Z [32minfo[39m: Registered Route: GET /api/openapi
[RouteUtils.emit] 2026-08-28T19:07:40.259Z [32minfo[39m: Registered Route: GET /api/openapi/json
[RouteUtils.emit] 2026-08-28T19:07:40.260Z [32minfo[39m: Registered Route: GET /api/openapi/yaml

[DerivedLogger.emit] 2026-08-28T19:07:40.260Z [34mdebug[39m: Creating new instance of class [routes.StatusRoute] with name [routes.StatusRoute:default]
[DerivedLogger.emit] 2026-08-28T19:07:40.261Z [32minfo[39m: Registering class StatusExtraData
[DerivedLogger.emit] 2026-08-28T19:07:40.261Z [34mdebug[39m: Creating new instance of class [StatusExtraData] with name [StatusExtraData:default]

[RouteUtils.emit] 2026-08-28T19:07:40.261Z [32minfo[39m: Registered Route: GET /api/status

[DerivedLogger.emit] 2026-08-28T19:07:40.262Z [34mdebug[39m: Creating new instance of class [routes.MetricsRoute] with name [routes.MetricsRoute:default]

[RouteUtils.emit] 2026-08-28T19:07:40.262Z [32minfo[39m: Registered Route: GET /api/metrics
[RouteUtils.emit] 2026-08-28T19:07:40.263Z [32minfo[39m: Registered Route: GET /api/metrics/:metric

[DerivedLogger.emit] 2026-08-28T19:07:40.263Z [34mdebug[39m: Creating new instance of class [routes.AdminConsoleRoute] with name [routes.AdminConsoleRoute:default]
[DerivedLogger.emit] 2026-08-28T19:07:40.264Z [32minfo[39m: Registering class RedisStore
[DerivedLogger.emit] 2026-08-28T19:07:40.264Z [34mdebug[39m: Creating new instance of class [RedisStore] with name [RedisStore:default]
[DerivedLogger.emit] 2026-08-28T19:07:40.265Z [32minfo[39m: Registering class ObjectFactory

[RouteUtils.emit] 2026-08-28T19:07:40.266Z [32minfo[39m: Registered Route: GET /admin/*
[RouteUtils.emit] 2026-08-28T19:07:40.266Z [32minfo[39m: Registered Route: GET /admin

[DerivedLogger.emit] 2026-08-28T19:07:40.266Z [34mdebug[39m: Creating new instance of class [routes.AppRoute] with name [routes.AppRoute:default]

[RouteUtils.emit] 2026-08-28T19:07:40.267Z [32minfo[39m: Registered Route: GET /*
[RouteUtils.emit] 2026-08-28T19:07:40.267Z [32minfo[39m: Registered Route: GET /

[DerivedLogger.emit] 2026-08-28T19:07:40.268Z [34mdebug[39m: Creating new instance of class [routes.AuthLogoutRoute] with name [routes.AuthLogoutRoute:default]
[DerivedLogger.emit] 2026-08-28T19:07:40.268Z [32minfo[39m: Registering class TokenUtils
[DerivedLogger.emit] 2026-08-28T19:07:40.268Z [34mdebug[39m: Creating new instance of class [TokenUtils] with name [TokenUtils:default]

[RouteUtils.emit] 2026-08-28T19:07:40.269Z [32minfo[39m: Registered Route: POST /api/auth/logout

[DerivedLogger.emit] 2026-08-28T19:07:40.269Z [34mdebug[39m: Creating new instance of class [routes.AliasRoute] with name [routes.AliasRoute:default]
[DerivedLogger.emit] 2026-08-28T19:07:40.270Z [32minfo[39m: Registering class MessagingUtils
[DerivedLogger.emit] 2026-08-28T19:07:40.271Z [34mdebug[39m: Creating new instance of class [MessagingUtils] with name [MessagingUtils:default]
[DerivedLogger.emit] 2026-08-28T19:07:40.271Z [32minfo[39m: Registering class RateLimiter
[DerivedLogger.emit] 2026-08-28T19:07:40.272Z [34mdebug[39m: Creating new instance of class [RateLimiter] with name [RateLimiter:default]
[DerivedLogger.emit] 2026-08-28T19:07:40.272Z [32minfo[39m: Registering class MemoryStore
[DerivedLogger.emit] 2026-08-28T19:07:40.273Z [34mdebug[39m: Creating new instance of class [MemoryStore] with name [MemoryStore:default]

[RouteUtils.emit] 2026-08-28T19:07:40.273Z [32minfo[39m: Registered Route: POST /api/aliases
[RouteUtils.emit] 2026-08-28T19:07:40.274Z [32minfo[39m: Registered Route: DELETE /api/aliases/:id
[RouteUtils.emit] 2026-08-28T19:07:40.274Z [32minfo[39m: Registered Route: GET /api/aliases
[RouteUtils.emit] 2026-08-28T19:07:40.275Z [32minfo[39m: Registered Route: GET /api/aliases/:id/sendCode
[RouteUtils.emit] 2026-08-28T19:07:40.275Z [32minfo[39m: Registered Route: PUT /api/aliases/:id
[RouteUtils.emit] 2026-08-28T19:07:40.275Z [32minfo[39m: Registered Route: PUT /api/aliases
[RouteUtils.emit] 2026-08-28T19:07:40.276Z [32minfo[39m: Registered Route: PUT /api/aliases/:id/:property
[RouteUtils.emit] 2026-08-28T19:07:40.276Z [32minfo[39m: Registered Route: POST /api/aliases/:id/verify
[RouteUtils.emit] 2026-08-28T19:07:40.277Z [32minfo[39m: Registered Route: HEAD /api/aliases
[RouteUtils.emit] 2026-08-28T19:07:40.277Z [32minfo[39m: Registered Route: HEAD /api/aliases/:id
[RouteUtils.emit] 2026-08-28T19:07:40.277Z [32minfo[39m: Registered Route: GET /api/aliases/:id
[RouteUtils.emit] 2026-08-28T19:07:40.278Z [32minfo[39m: Registered Route: DELETE /api/aliases

[DerivedLogger.emit] 2026-08-28T19:07:40.278Z [34mdebug[39m: Creating new instance of class [routes.AuthOTPRoute] with name [routes.AuthOTPRoute:default]

[DerivedLogger.emit] 2026-08-28T19:07:40.279Z [32minfo[39m: Registering class UserUtils
[DerivedLogger.emit] 2026-08-28T19:07:40.280Z [34mdebug[39m: Creating new instance of class [UserUtils] with name [UserUtils:default]

[DerivedLogger.emit] 2026-08-28T19:07:40.280Z [32minfo[39m: Registering class OTPStrategy
[DerivedLogger.emit] 2026-08-28T19:07:40.281Z [34mdebug[39m: Creating new instance of class [OTPStrategy] with name [OTPStrategy:default]

[RouteUtils.emit] 2026-08-28T19:07:40.281Z [32minfo[39m: Registered Route: POST /api/auth/otp
[RouteUtils.emit] 2026-08-28T19:07:40.282Z [32minfo[39m: Registered Route: GET /api/auth/otp

[DerivedLogger.emit] 2026-08-28T19:07:40.282Z [34mdebug[39m: Creating new instance of class [routes.AuthMFARoute] with name [routes.AuthMFARoute:default]

[DerivedLogger.emit] 2026-08-28T19:07:40.283Z [32minfo[39m: Registering class MFAStrategy
[DerivedLogger.emit] 2026-08-28T19:07:40.284Z [34mdebug[39m: Creating new instance of class [MFAStrategy] with name [MFAStrategy:default]

[RouteUtils.emit] 2026-08-28T19:07:40.285Z [32minfo[39m: Registered Route: POST /api/auth/mfa
[RouteUtils.emit] 2026-08-28T19:07:40.285Z [32minfo[39m: Registered Route: GET /api/auth/mfa

[DerivedLogger.emit] 2026-08-28T19:07:40.286Z [34mdebug[39m: Creating new instance of class [routes.AuthFIDO2Route] with name [routes.AuthFIDO2Route:default]

[DerivedLogger.emit] 2026-08-28T19:07:40.286Z [32minfo[39m: Registering class FIDO2Strategy
[DerivedLogger.emit] 2026-08-28T19:07:40.287Z [34mdebug[39m: Creating new instance of class [FIDO2Strategy] with name [FIDO2Strategy:default]

[RouteUtils.emit] 2026-08-28T19:07:40.288Z [32minfo[39m: Registered Route: POST /api/auth/fido2
[RouteUtils.emit] 2026-08-28T19:07:40.288Z [32minfo[39m: Registered Route: GET /api/auth/fido2

[DerivedLogger.emit] 2026-08-28T19:07:40.288Z [34mdebug[39m: Creating new instance of class [routes.AccountRoute] with name [routes.AccountRoute:default]

[RouteUtils.emit] 2026-08-28T19:07:40.289Z [32minfo[39m: Registered Route: DELETE /api/accounts/:id
[RouteUtils.emit] 2026-08-28T19:07:40.289Z [32minfo[39m: Registered Route: GET /api/accounts/:id
[RouteUtils.emit] 2026-08-28T19:07:40.290Z [32minfo[39m: Registered Route: POST /api/accounts/:id/revokeSessions

[DerivedLogger.emit] 2026-08-28T19:07:40.290Z [34mdebug[39m: Creating new instance of class [routes.AuthElevationRoute] with name [routes.AuthElevationRoute:default]

[RouteUtils.emit] 2026-08-28T19:07:40.291Z [32minfo[39m: Registered Route: GET /api/auth/elevation
[RouteUtils.emit] 2026-08-28T19:07:40.292Z [32minfo[39m: Registered Route: POST /api/auth/elevation

[DerivedLogger.emit] 2026-08-28T19:07:40.292Z [34mdebug[39m: Creating new instance of class [routes.AuthBasicRoute] with name [routes.AuthBasicRoute:default]

[DerivedLogger.emit] 2026-08-28T19:07:40.293Z [32minfo[39m: Registering class BasicStrategy
[DerivedLogger.emit] 2026-08-28T19:07:40.293Z [34mdebug[39m: Creating new instance of class [BasicStrategy] with name [BasicStrategy:default]

[RouteUtils.emit] 2026-08-28T19:07:40.294Z [32minfo[39m: Registered Route: GET /api/auth/password

[DerivedLogger.emit] 2026-08-28T19:07:40.294Z [34mdebug[39m: Creating new instance of class [routes.AuthDiscoverRoute] with name [routes.AuthDiscoverRoute:default]

[RouteUtils.emit] 2026-08-28T19:07:40.295Z [32minfo[39m: Registered Route: GET /api/auth/discover

[DerivedLogger.emit] 2026-08-28T19:07:40.295Z [34mdebug[39m: Creating new instance of class [routes.ProfileRoute] with name [routes.ProfileRoute:default]

[RouteUtils.emit] 2026-08-28T19:07:40.297Z [32minfo[39m: Registered Route: POST /api/profiles
[RouteUtils.emit] 2026-08-28T19:07:40.297Z [32minfo[39m: Registered Route: DELETE /api/profiles/:id
[RouteUtils.emit] 2026-08-28T19:07:40.297Z [32minfo[39m: Registered Route: GET /api/profiles
[RouteUtils.emit] 2026-08-28T19:07:40.298Z [32minfo[39m: Registered Route: GET /api/profiles/:id
[RouteUtils.emit] 2026-08-28T19:07:40.298Z [32minfo[39m: Registered Route: GET /api/profiles/:id/contacts/sendCode
[RouteUtils.emit] 2026-08-28T19:07:40.299Z [32minfo[39m: Registered Route: PUT /api/profiles/:id
[RouteUtils.emit] 2026-08-28T19:07:40.299Z [32minfo[39m: Registered Route: POST /api/profiles/:id/contacts/verify
[RouteUtils.emit] 2026-08-28T19:07:40.300Z [32minfo[39m: Registered Route: PUT /api/profiles/:id/:property
[RouteUtils.emit] 2026-08-28T19:07:40.300Z [32minfo[39m: Registered Route: HEAD /api/profiles
[RouteUtils.emit] 2026-08-28T19:07:40.300Z [32minfo[39m: Registered Route: HEAD /api/profiles/:id
[RouteUtils.emit] 2026-08-28T19:07:40.301Z [32minfo[39m: Registered Route: DELETE /api/profiles
[RouteUtils.emit] 2026-08-28T19:07:40.301Z [32minfo[39m: Registered Route: PUT /api/profiles

[DerivedLogger.emit] 2026-08-28T19:07:40.302Z [34mdebug[39m: Creating new instance of class [routes.AuthRefreshRoute] with name [routes.AuthRefreshRoute:default]

[RouteUtils.emit] 2026-08-28T19:07:40.302Z [32minfo[39m: Registered Route: POST /api/auth/refresh
[RouteUtils.emit] 2026-08-28T19:07:40.303Z [32minfo[39m: Registered Route: GET /api/auth/refresh

[DerivedLogger.emit] 2026-08-28T19:07:40.303Z [34mdebug[39m: Creating new instance of class [routes.AuthTOTPRoute] with name [routes.AuthTOTPRoute:default]

[DerivedLogger.emit] 2026-08-28T19:07:40.304Z [32minfo[39m: Registering class TOTPStrategy
[DerivedLogger.emit] 2026-08-28T19:07:40.304Z [34mdebug[39m: Creating new instance of class [TOTPStrategy] with name [TOTPStrategy:default]

[RouteUtils.emit] 2026-08-28T19:07:40.305Z [32minfo[39m: Registered Route: POST /api/auth/totp
[RouteUtils.emit] 2026-08-28T19:07:40.305Z [32minfo[39m: Registered Route: GET /api/auth/totp

[DerivedLogger.emit] 2026-08-28T19:07:40.306Z [34mdebug[39m: Creating new instance of class [routes.AuthPasskeyRoute] with name [routes.AuthPasskeyRoute:default]

[DerivedLogger.emit] 2026-08-28T19:07:40.307Z [32minfo[39m: Registering class PasskeyStrategy
[DerivedLogger.emit] 2026-08-28T19:07:40.307Z [34mdebug[39m: Creating new instance of class [PasskeyStrategy] with name [PasskeyStrategy:default]

[RouteUtils.emit] 2026-08-28T19:07:40.308Z [32minfo[39m: Registered Route: POST /api/auth/passkey
[RouteUtils.emit] 2026-08-28T19:07:40.308Z [32minfo[39m: Registered Route: GET /api/auth/passkey

[DerivedLogger.emit] 2026-08-28T19:07:40.309Z [34mdebug[39m: Creating new instance of class [routes.SecretRoute] with name [routes.SecretRoute:default]

[RouteUtils.emit] 2026-08-28T19:07:40.310Z [32minfo[39m: Registered Route: HEAD /api/secrets
[RouteUtils.emit] 2026-08-28T19:07:40.310Z [32minfo[39m: Registered Route: GET /api/secrets/passkey/register
[RouteUtils.emit] 2026-08-28T19:07:40.311Z [32minfo[39m: Registered Route: GET /api/secrets/password
[RouteUtils.emit] 2026-08-28T19:07:40.311Z [32minfo[39m: Registered Route: GET /api/secrets/fido2/register
[RouteUtils.emit] 2026-08-28T19:07:40.312Z [32minfo[39m: Registered Route: POST /api/secrets
[RouteUtils.emit] 2026-08-28T19:07:40.312Z [32minfo[39m: Registered Route: DELETE /api/secrets/:id
[RouteUtils.emit] 2026-08-28T19:07:40.312Z [32minfo[39m: Registered Route: HEAD /api/secrets/:id
[RouteUtils.emit] 2026-08-28T19:07:40.313Z [32minfo[39m: Registered Route: GET /api/secrets
[RouteUtils.emit] 2026-08-28T19:07:40.313Z [32minfo[39m: Registered Route: GET /api/secrets/:id
[RouteUtils.emit] 2026-08-28T19:07:40.314Z [32minfo[39m: Registered Route: DELETE /api/secrets
[RouteUtils.emit] 2026-08-28T19:07:40.314Z [32minfo[39m: Registered Route: PUT /api/secrets/:id

[DerivedLogger.emit] 2026-08-28T19:07:40.315Z [34mdebug[39m: Creating new instance of class [routes.RegistrationRoute] with name [routes.RegistrationRoute:default]

[RouteUtils.emit] 2026-08-28T19:07:40.315Z [32minfo[39m: Registered Route: POST /api/register/start
[RouteUtils.emit] 2026-08-28T19:07:40.316Z [32minfo[39m: Registered Route: POST /api/register/verify

[DerivedLogger.emit] 2026-08-28T19:07:40.316Z [34mdebug[39m: Creating new instance of class [routes.UserRoute] with name [routes.UserRoute:default]

[RouteUtils.emit] 2026-08-28T19:07:40.317Z [32minfo[39m: Registered Route: HEAD /api/users
[RouteUtils.emit] 2026-08-28T19:07:40.317Z [32minfo[39m: Registered Route: POST /api/users
[RouteUtils.emit] 2026-08-28T19:07:40.318Z [32minfo[39m: Registered Route: DELETE /api/users/:id
[RouteUtils.emit] 2026-08-28T19:07:40.318Z [32minfo[39m: Registered Route: HEAD /api/users/:id
[RouteUtils.emit] 2026-08-28T19:07:40.319Z [32minfo[39m: Registered Route: GET /api/users
[RouteUtils.emit] 2026-08-28T19:07:40.319Z [32minfo[39m: Registered Route: GET /api/users/:id
[RouteUtils.emit] 2026-08-28T19:07:40.319Z [32minfo[39m: Registered Route: DELETE /api/users
[RouteUtils.emit] 2026-08-28T19:07:40.320Z [32minfo[39m: Registered Route: PUT /api/users/:id

[DerivedLogger.emit] 2026-08-28T19:07:40.320Z [34mdebug[39m: Creating new instance of class [routes.AuthFacebookRoute] with name [routes.AuthFacebookRoute:default]

[DerivedLogger.emit] 2026-08-28T19:07:40.321Z [32minfo[39m: Registering class OIDCStrategy
[DerivedLogger.emit] 2026-08-28T19:07:40.322Z [34mdebug[39m: Creating new instance of class [OIDCStrategy] with name [OIDCStrategy:facebook]

[RouteUtils.emit] 2026-08-28T19:07:40.322Z [32minfo[39m: Registered Route: POST /api/auth/facebook
[RouteUtils.emit] 2026-08-28T19:07:40.323Z [32minfo[39m: Registered Route: GET /api/auth/facebook
[RouteUtils.emit] 2026-08-28T19:07:40.323Z [32minfo[39m: Registered Route: GET /api/auth/facebook/authorize

[DerivedLogger.emit] 2026-08-28T19:07:40.324Z [34mdebug[39m: Creating new instance of class [routes.AuthGoogleRoute] with name [routes.AuthGoogleRoute:default]

[DerivedLogger.emit] 2026-08-28T19:07:40.330Z [34mdebug[39m: Creating new instance of class [OIDCStrategy] with name [OIDCStrategy:google]

[RouteUtils.emit] 2026-08-28T19:07:40.331Z [32minfo[39m: Registered Route: POST /api/auth/google
[RouteUtils.emit] 2026-08-28T19:07:40.331Z [32minfo[39m: Registered Route: GET /api/auth/google
[RouteUtils.emit] 2026-08-28T19:07:40.332Z [32minfo[39m: Registered Route: GET /api/auth/google/authorize

[DerivedLogger.emit] 2026-08-28T19:07:40.332Z [34mdebug[39m: Creating new instance of class [routes.AuthMicrosoftRoute] with name [routes.AuthMicrosoftRoute:default]

[DerivedLogger.emit] 2026-08-28T19:07:40.333Z [34mdebug[39m: Creating new instance of class [OIDCStrategy] with name [OIDCStrategy:microsoft]

[RouteUtils.emit] 2026-08-28T19:07:40.333Z [32minfo[39m: Registered Route: POST /api/auth/microsoft
[RouteUtils.emit] 2026-08-28T19:07:40.334Z [32minfo[39m: Registered Route: GET /api/auth/microsoft
[RouteUtils.emit] 2026-08-28T19:07:40.334Z [32minfo[39m: Registered Route: GET /api/auth/microsoft/authorize

[DerivedLogger.emit] 2026-08-28T19:07:40.334Z [34mdebug[39m: Creating new instance of class [routes.AuthAppleRoute] with name [routes.AuthAppleRoute:default]

[DerivedLogger.emit] 2026-08-28T19:07:40.337Z [34mdebug[39m: Creating new instance of class [OIDCStrategy] with name [OIDCStrategy:apple]

[RouteUtils.emit] 2026-08-28T19:07:40.338Z [32minfo[39m: Registered Route: POST /api/auth/apple
[RouteUtils.emit] 2026-08-28T19:07:40.338Z [32minfo[39m: Registered Route: GET /api/auth/apple
[RouteUtils.emit] 2026-08-28T19:07:40.339Z [32minfo[39m: Registered Route: GET /api/auth/apple/authorize

[DerivedLogger.emit] 2026-08-28T19:07:40.339Z [32minfo[39m: Listening on 0.0.0.0:3000...

[DerivedLogger.emit] 2026-08-28T19:07:41.361Z [32minfo[39m: Stopping background services...

[DerivedLogger.emit] 2026-08-28T19:07:41.361Z [32minfo[39m: Stopping server...
[DerivedLogger.emit] 2026-08-28T19:07:41.361Z [32minfo[39m: Closing database connections...

[ConnectionManager.emit] 2026-08-28T19:07:41.362Z [32minfo[39m: Successfully disconnected from all configured databases.

            </system-out>
        </testcase>
        <testcase classname="test/Server.sql.test.ts" name="Server Tests &gt; Can stop server." time="1.09765">
            <system-out>
[DerivedLogger.emit] 2026-08-28T19:07:41.363Z [32minfo[39m: Starting server...

[DerivedLogger.emit] 2026-08-28T19:07:41.363Z [32minfo[39m: Loading all service classes...

[DerivedLogger.emit] 2026-08-28T19:07:41.371Z [32minfo[39m: Scanning for data models...
[DerivedLogger.emit] 2026-08-28T19:07:41.371Z [32minfo[39m: Initializing database connection(s)...
[ConnectionManager.emit] 2026-08-28T19:07:41.372Z [32minfo[39m: Connecting to database cache [redis://localhost]...

[ConnectionManager.emit] 2026-08-28T19:07:41.372Z [32minfo[39m: Connecting to database events [redis://localhost]...

[ConnectionManager.emit] 2026-08-28T19:07:41.372Z [32minfo[39m: Connecting to database logs [redis://localhost]...

[ConnectionManager.emit] 2026-08-28T19:07:41.373Z [32minfo[39m: Connecting to database acl [better-sqlite3://localhost/rrst-test-acl]...
[ConnectionManager.emit] 2026-08-28T19:07:41.373Z [32minfo[39m: Connecting to database sql [better-sqlite3://localhost/rrst-test]...

[ConnectionManager.emit] 2026-08-28T19:07:41.379Z [32minfo[39m: Successfully connected to all configured databases.

[DerivedLogger.emit] 2026-08-28T19:07:41.380Z [32minfo[39m: Starting background services...

[BackgroundServiceManager.emit] 2026-08-28T19:07:41.380Z [32minfo[39m: Starting service DefaultAccountsSQL...
[DerivedLogger.emit] 2026-08-28T19:07:41.380Z [34mdebug[39m: Creating new instance of class [DefaultAccountsSQL] with name [DefaultAccountsSQL:DefaultAccountsSQL]

[DerivedLogger.emit] 2026-08-28T19:07:41.404Z [32minfo[39m: Initializing event manager...

[DerivedLogger.emit] 2026-08-28T19:07:41.405Z [32minfo[39m: Scanning for routes...

[RouteUtils.emit] 2026-08-28T19:07:41.405Z [32minfo[39m: Registered Route: GET /api/admin/clear-cache
[RouteUtils.emit] 2026-08-28T19:07:41.405Z [32minfo[39m: Registered Route: WS /api/admin/logs
[RouteUtils.emit] 2026-08-28T19:07:41.406Z [32minfo[39m: Registered Route: GET /api/admin/release-notes
[RouteUtils.emit] 2026-08-28T19:07:41.406Z [32minfo[39m: Registered Route: GET /api/admin/restart

[RouteUtils.emit] 2026-08-28T19:07:41.406Z [32minfo[39m: Registered Route: GET /api/openapi
[RouteUtils.emit] 2026-08-28T19:07:41.407Z [32minfo[39m: Registered Route: GET /api/openapi/json
[RouteUtils.emit] 2026-08-28T19:07:41.407Z [32minfo[39m: Registered Route: GET /api/openapi/yaml

[RouteUtils.emit] 2026-08-28T19:07:41.408Z [32minfo[39m: Registered Route: GET /api/status

[RouteUtils.emit] 2026-08-28T19:07:41.408Z [32minfo[39m: Registered Route: GET /api/metrics
[RouteUtils.emit] 2026-08-28T19:07:41.408Z [32minfo[39m: Registered Route: GET /api/metrics/:metric

[RouteUtils.emit] 2026-08-28T19:07:41.409Z [32minfo[39m: Registered Route: GET /admin/*
[RouteUtils.emit] 2026-08-28T19:07:41.409Z [32minfo[39m: Registered Route: GET /admin

[RouteUtils.emit] 2026-08-28T19:07:41.410Z [32minfo[39m: Registered Route: GET /*
[RouteUtils.emit] 2026-08-28T19:07:41.410Z [32minfo[39m: Registered Route: GET /

[RouteUtils.emit] 2026-08-28T19:07:41.410Z [32minfo[39m: Registered Route: POST /api/auth/logout

[RouteUtils.emit] 2026-08-28T19:07:41.411Z [32minfo[39m: Registered Route: POST /api/aliases
[RouteUtils.emit] 2026-08-28T19:07:41.411Z [32minfo[39m: Registered Route: DELETE /api/aliases/:id
[RouteUtils.emit] 2026-08-28T19:07:41.412Z [32minfo[39m: Registered Route: GET /api/aliases
[RouteUtils.emit] 2026-08-28T19:07:41.412Z [32minfo[39m: Registered Route: GET /api/aliases/:id/sendCode
[RouteUtils.emit] 2026-08-28T19:07:41.412Z [32minfo[39m: Registered Route: PUT /api/aliases/:id
[RouteUtils.emit] 2026-08-28T19:07:41.413Z [32minfo[39m: Registered Route: PUT /api/aliases
[RouteUtils.emit] 2026-08-28T19:07:41.413Z [32minfo[39m: Registered Route: PUT /api/aliases/:id/:property
[RouteUtils.emit] 2026-08-28T19:07:41.413Z [32minfo[39m: Registered Route: POST /api/aliases/:id/verify
[RouteUtils.emit] 2026-08-28T19:07:41.414Z [32minfo[39m: Registered Route: HEAD /api/aliases
[RouteUtils.emit] 2026-08-28T19:07:41.414Z [32minfo[39m: Registered Route: HEAD /api/aliases/:id
[RouteUtils.emit] 2026-08-28T19:07:41.414Z [32minfo[39m: Registered Route: GET /api/aliases/:id
[RouteUtils.emit] 2026-08-28T19:07:41.415Z [32minfo[39m: Registered Route: DELETE /api/aliases

[RouteUtils.emit] 2026-08-28T19:07:41.415Z [32minfo[39m: Registered Route: POST /api/auth/otp
[RouteUtils.emit] 2026-08-28T19:07:41.416Z [32minfo[39m: Registered Route: GET /api/auth/otp

[RouteUtils.emit] 2026-08-28T19:07:41.416Z [32minfo[39m: Registered Route: POST /api/auth/mfa
[RouteUtils.emit] 2026-08-28T19:07:41.416Z [32minfo[39m: Registered Route: GET /api/auth/mfa

[RouteUtils.emit] 2026-08-28T19:07:41.417Z [32minfo[39m: Registered Route: POST /api/auth/fido2
[RouteUtils.emit] 2026-08-28T19:07:41.417Z [32minfo[39m: Registered Route: GET /api/auth/fido2

[RouteUtils.emit] 2026-08-28T19:07:41.418Z [32minfo[39m: Registered Route: DELETE /api/accounts/:id
[RouteUtils.emit] 2026-08-28T19:07:41.418Z [32minfo[39m: Registered Route: GET /api/accounts/:id
[RouteUtils.emit] 2026-08-28T19:07:41.418Z [32minfo[39m: Registered Route: POST /api/accounts/:id/revokeSessions

[RouteUtils.emit] 2026-08-28T19:07:41.419Z [32minfo[39m: Registered Route: GET /api/auth/elevation
[RouteUtils.emit] 2026-08-28T19:07:41.419Z [32minfo[39m: Registered Route: POST /api/auth/elevation

[RouteUtils.emit] 2026-08-28T19:07:41.420Z [32minfo[39m: Registered Route: GET /api/auth/password

[RouteUtils.emit] 2026-08-28T19:07:41.420Z [32minfo[39m: Registered Route: GET /api/auth/discover

[RouteUtils.emit] 2026-08-28T19:07:41.421Z [32minfo[39m: Registered Route: POST /api/profiles
[RouteUtils.emit] 2026-08-28T19:07:41.421Z [32minfo[39m: Registered Route: DELETE /api/profiles/:id
[RouteUtils.emit] 2026-08-28T19:07:41.421Z [32minfo[39m: Registered Route: GET /api/profiles
[RouteUtils.emit] 2026-08-28T19:07:41.422Z [32minfo[39m: Registered Route: GET /api/profiles/:id
[RouteUtils.emit] 2026-08-28T19:07:41.422Z [32minfo[39m: Registered Route: GET /api/profiles/:id/contacts/sendCode
[RouteUtils.emit] 2026-08-28T19:07:41.422Z [32minfo[39m: Registered Route: PUT /api/profiles/:id
[RouteUtils.emit] 2026-08-28T19:07:41.423Z [32minfo[39m: Registered Route: POST /api/profiles/:id/contacts/verify
[RouteUtils.emit] 2026-08-28T19:07:41.423Z [32minfo[39m: Registered Route: PUT /api/profiles/:id/:property
[RouteUtils.emit] 2026-08-28T19:07:41.424Z [32minfo[39m: Registered Route: HEAD /api/profiles
[RouteUtils.emit] 2026-08-28T19:07:41.424Z [32minfo[39m: Registered Route: HEAD /api/profiles/:id
[RouteUtils.emit] 2026-08-28T19:07:41.424Z [32minfo[39m: Registered Route: DELETE /api/profiles
[RouteUtils.emit] 2026-08-28T19:07:41.425Z [32minfo[39m: Registered Route: PUT /api/profiles

[RouteUtils.emit] 2026-08-28T19:07:41.425Z [32minfo[39m: Registered Route: POST /api/auth/refresh
[RouteUtils.emit] 2026-08-28T19:07:41.426Z [32minfo[39m: Registered Route: GET /api/auth/refresh

[RouteUtils.emit] 2026-08-28T19:07:41.426Z [32minfo[39m: Registered Route: POST /api/auth/totp
[RouteUtils.emit] 2026-08-28T19:07:41.427Z [32minfo[39m: Registered Route: GET /api/auth/totp

[RouteUtils.emit] 2026-08-28T19:07:41.427Z [32minfo[39m: Registered Route: POST /api/auth/passkey
[RouteUtils.emit] 2026-08-28T19:07:41.428Z [32minfo[39m: Registered Route: GET /api/auth/passkey

[RouteUtils.emit] 2026-08-28T19:07:41.428Z [32minfo[39m: Registered Route: HEAD /api/secrets
[RouteUtils.emit] 2026-08-28T19:07:41.429Z [32minfo[39m: Registered Route: GET /api/secrets/passkey/register
[RouteUtils.emit] 2026-08-28T19:07:41.429Z [32minfo[39m: Registered Route: GET /api/secrets/password
[RouteUtils.emit] 2026-08-28T19:07:41.429Z [32minfo[39m: Registered Route: GET /api/secrets/fido2/register
[RouteUtils.emit] 2026-08-28T19:07:41.430Z [32minfo[39m: Registered Route: POST /api/secrets
[RouteUtils.emit] 2026-08-28T19:07:41.430Z [32minfo[39m: Registered Route: DELETE /api/secrets/:id
[RouteUtils.emit] 2026-08-28T19:07:41.431Z [32minfo[39m: Registered Route: HEAD /api/secrets/:id
[RouteUtils.emit] 2026-08-28T19:07:41.431Z [32minfo[39m: Registered Route: GET /api/secrets
[RouteUtils.emit] 2026-08-28T19:07:41.431Z [32minfo[39m: Registered Route: GET /api/secrets/:id
[RouteUtils.emit] 2026-08-28T19:07:41.432Z [32minfo[39m: Registered Route: DELETE /api/secrets
[RouteUtils.emit] 2026-08-28T19:07:41.432Z [32minfo[39m: Registered Route: PUT /api/secrets/:id

[RouteUtils.emit] 2026-08-28T19:07:41.433Z [32minfo[39m: Registered Route: POST /api/register/start
[RouteUtils.emit] 2026-08-28T19:07:41.433Z [32minfo[39m: Registered Route: POST /api/register/verify

[RouteUtils.emit] 2026-08-28T19:07:41.434Z [32minfo[39m: Registered Route: HEAD /api/users
[RouteUtils.emit] 2026-08-28T19:07:41.434Z [32minfo[39m: Registered Route: POST /api/users
[RouteUtils.emit] 2026-08-28T19:07:41.434Z [32minfo[39m: Registered Route: DELETE /api/users/:id
[RouteUtils.emit] 2026-08-28T19:07:41.435Z [32minfo[39m: Registered Route: HEAD /api/users/:id
[RouteUtils.emit] 2026-08-28T19:07:41.435Z [32minfo[39m: Registered Route: GET /api/users
[RouteUtils.emit] 2026-08-28T19:07:41.435Z [32minfo[39m: Registered Route: GET /api/users/:id
[RouteUtils.emit] 2026-08-28T19:07:41.436Z [32minfo[39m: Registered Route: DELETE /api/users
[RouteUtils.emit] 2026-08-28T19:07:41.437Z [32minfo[39m: Registered Route: PUT /api/users/:id

[RouteUtils.emit] 2026-08-28T19:07:41.437Z [32minfo[39m: Registered Route: POST /api/auth/facebook
[RouteUtils.emit] 2026-08-28T19:07:41.438Z [32minfo[39m: Registered Route: GET /api/auth/facebook
[RouteUtils.emit] 2026-08-28T19:07:41.438Z [32minfo[39m: Registered Route: GET /api/auth/facebook/authorize

[RouteUtils.emit] 2026-08-28T19:07:41.439Z [32minfo[39m: Registered Route: POST /api/auth/google
[RouteUtils.emit] 2026-08-28T19:07:41.446Z [32minfo[39m: Registered Route: GET /api/auth/google
[RouteUtils.emit] 2026-08-28T19:07:41.446Z [32minfo[39m: Registered Route: GET /api/auth/google/authorize

[RouteUtils.emit] 2026-08-28T19:07:41.447Z [32minfo[39m: Registered Route: POST /api/auth/microsoft
[RouteUtils.emit] 2026-08-28T19:07:41.447Z [32minfo[39m: Registered Route: GET /api/auth/microsoft
[RouteUtils.emit] 2026-08-28T19:07:41.448Z [32minfo[39m: Registered Route: GET /api/auth/microsoft/authorize

[RouteUtils.emit] 2026-08-28T19:07:41.448Z [32minfo[39m: Registered Route: POST /api/auth/apple
[RouteUtils.emit] 2026-08-28T19:07:41.449Z [32minfo[39m: Registered Route: GET /api/auth/apple
[RouteUtils.emit] 2026-08-28T19:07:41.449Z [32minfo[39m: Registered Route: GET /api/auth/apple/authorize

[DerivedLogger.emit] 2026-08-28T19:07:41.450Z [32minfo[39m: Listening on 0.0.0.0:3000...

[DerivedLogger.emit] 2026-08-28T19:07:42.457Z [32minfo[39m: Stopping background services...

[DerivedLogger.emit] 2026-08-28T19:07:42.458Z [32minfo[39m: Stopping server...
[DerivedLogger.emit] 2026-08-28T19:07:42.458Z [32minfo[39m: Closing database connections...

[ConnectionManager.emit] 2026-08-28T19:07:42.459Z [32minfo[39m: Successfully disconnected from all configured databases.

[DerivedLogger.emit] 2026-08-28T19:07:42.459Z [32minfo[39m: Stopping background services...

[DerivedLogger.emit] 2026-08-28T19:07:42.460Z [32minfo[39m: Stopping server...
[DerivedLogger.emit] 2026-08-28T19:07:42.460Z [32minfo[39m: Closing database connections...
[ConnectionManager.emit] 2026-08-28T19:07:42.460Z [32minfo[39m: Successfully disconnected from all configured databases.

            </system-out>
        </testcase>
        <testcase classname="test/Server.sql.test.ts" name="Server Tests &gt; Can restart server." time="1.1549115">
            <system-out>
[DerivedLogger.emit] 2026-08-28T19:07:42.461Z [32minfo[39m: Starting server...

[DerivedLogger.emit] 2026-08-28T19:07:42.461Z [32minfo[39m: Loading all service classes...

[DerivedLogger.emit] 2026-08-28T19:07:42.466Z [32minfo[39m: Scanning for data models...
[DerivedLogger.emit] 2026-08-28T19:07:42.467Z [32minfo[39m: Initializing database connection(s)...
[ConnectionManager.emit] 2026-08-28T19:07:42.467Z [32minfo[39m: Connecting to database cache [redis://localhost]...

[ConnectionManager.emit] 2026-08-28T19:07:42.468Z [32minfo[39m: Connecting to database events [redis://localhost]...

[ConnectionManager.emit] 2026-08-28T19:07:42.468Z [32minfo[39m: Connecting to database logs [redis://localhost]...

[ConnectionManager.emit] 2026-08-28T19:07:42.469Z [32minfo[39m: Connecting to database acl [better-sqlite3://localhost/rrst-test-acl]...
[ConnectionManager.emit] 2026-08-28T19:07:42.469Z [32minfo[39m: Connecting to database sql [better-sqlite3://localhost/rrst-test]...

[ConnectionManager.emit] 2026-08-28T19:07:42.471Z [32minfo[39m: Successfully connected to all configured databases.

[DerivedLogger.emit] 2026-08-28T19:07:42.472Z [32minfo[39m: Starting background services...

[BackgroundServiceManager.emit] 2026-08-28T19:07:42.472Z [32minfo[39m: Starting service DefaultAccountsSQL...
[DerivedLogger.emit] 2026-08-28T19:07:42.473Z [34mdebug[39m: Creating new instance of class [DefaultAccountsSQL] with name [DefaultAccountsSQL:DefaultAccountsSQL]

[DerivedLogger.emit] 2026-08-28T19:07:42.495Z [32minfo[39m: Initializing event manager...

[DerivedLogger.emit] 2026-08-28T19:07:42.495Z [32minfo[39m: Scanning for routes...

[RouteUtils.emit] 2026-08-28T19:07:42.495Z [32minfo[39m: Registered Route: GET /api/admin/clear-cache
[RouteUtils.emit] 2026-08-28T19:07:42.496Z [32minfo[39m: Registered Route: WS /api/admin/logs
[RouteUtils.emit] 2026-08-28T19:07:42.496Z [32minfo[39m: Registered Route: GET /api/admin/release-notes
[RouteUtils.emit] 2026-08-28T19:07:42.496Z [32minfo[39m: Registered Route: GET /api/admin/restart

[RouteUtils.emit] 2026-08-28T19:07:42.497Z [32minfo[39m: Registered Route: GET /api/openapi
[RouteUtils.emit] 2026-08-28T19:07:42.497Z [32minfo[39m: Registered Route: GET /api/openapi/json
[RouteUtils.emit] 2026-08-28T19:07:42.497Z [32minfo[39m: Registered Route: GET /api/openapi/yaml

[RouteUtils.emit] 2026-08-28T19:07:42.498Z [32minfo[39m: Registered Route: GET /api/status

[RouteUtils.emit] 2026-08-28T19:07:42.498Z [32minfo[39m: Registered Route: GET /api/metrics
[RouteUtils.emit] 2026-08-28T19:07:42.499Z [32minfo[39m: Registered Route: GET /api/metrics/:metric

[RouteUtils.emit] 2026-08-28T19:07:42.499Z [32minfo[39m: Registered Route: GET /admin/*
[RouteUtils.emit] 2026-08-28T19:07:42.499Z [32minfo[39m: Registered Route: GET /admin

[RouteUtils.emit] 2026-08-28T19:07:42.500Z [32minfo[39m: Registered Route: GET /*
[RouteUtils.emit] 2026-08-28T19:07:42.500Z [32minfo[39m: Registered Route: GET /

[RouteUtils.emit] 2026-08-28T19:07:42.500Z [32minfo[39m: Registered Route: POST /api/auth/logout

[RouteUtils.emit] 2026-08-28T19:07:42.501Z [32minfo[39m: Registered Route: POST /api/aliases
[RouteUtils.emit] 2026-08-28T19:07:42.501Z [32minfo[39m: Registered Route: DELETE /api/aliases/:id
[RouteUtils.emit] 2026-08-28T19:07:42.502Z [32minfo[39m: Registered Route: GET /api/aliases
[RouteUtils.emit] 2026-08-28T19:07:42.502Z [32minfo[39m: Registered Route: GET /api/aliases/:id/sendCode
[RouteUtils.emit] 2026-08-28T19:07:42.502Z [32minfo[39m: Registered Route: PUT /api/aliases/:id
[RouteUtils.emit] 2026-08-28T19:07:42.503Z [32minfo[39m: Registered Route: PUT /api/aliases
[RouteUtils.emit] 2026-08-28T19:07:42.503Z [32minfo[39m: Registered Route: PUT /api/aliases/:id/:property
[RouteUtils.emit] 2026-08-28T19:07:42.503Z [32minfo[39m: Registered Route: POST /api/aliases/:id/verify
[RouteUtils.emit] 2026-08-28T19:07:42.504Z [32minfo[39m: Registered Route: HEAD /api/aliases
[RouteUtils.emit] 2026-08-28T19:07:42.504Z [32minfo[39m: Registered Route: HEAD /api/aliases/:id
[RouteUtils.emit] 2026-08-28T19:07:42.504Z [32minfo[39m: Registered Route: GET /api/aliases/:id
[RouteUtils.emit] 2026-08-28T19:07:42.505Z [32minfo[39m: Registered Route: DELETE /api/aliases

[RouteUtils.emit] 2026-08-28T19:07:42.505Z [32minfo[39m: Registered Route: POST /api/auth/otp
[RouteUtils.emit] 2026-08-28T19:07:42.505Z [32minfo[39m: Registered Route: GET /api/auth/otp

[RouteUtils.emit] 2026-08-28T19:07:42.506Z [32minfo[39m: Registered Route: POST /api/auth/mfa
[RouteUtils.emit] 2026-08-28T19:07:42.506Z [32minfo[39m: Registered Route: GET /api/auth/mfa

[RouteUtils.emit] 2026-08-28T19:07:42.507Z [32minfo[39m: Registered Route: POST /api/auth/fido2
[RouteUtils.emit] 2026-08-28T19:07:42.507Z [32minfo[39m: Registered Route: GET /api/auth/fido2

[RouteUtils.emit] 2026-08-28T19:07:42.507Z [32minfo[39m: Registered Route: DELETE /api/accounts/:id
[RouteUtils.emit] 2026-08-28T19:07:42.508Z [32minfo[39m: Registered Route: GET /api/accounts/:id
[RouteUtils.emit] 2026-08-28T19:07:42.508Z [32minfo[39m: Registered Route: POST /api/accounts/:id/revokeSessions

[RouteUtils.emit] 2026-08-28T19:07:42.509Z [32minfo[39m: Registered Route: GET /api/auth/elevation
[RouteUtils.emit] 2026-08-28T19:07:42.509Z [32minfo[39m: Registered Route: POST /api/auth/elevation

[RouteUtils.emit] 2026-08-28T19:07:42.509Z [32minfo[39m: Registered Route: GET /api/auth/password

[RouteUtils.emit] 2026-08-28T19:07:42.510Z [32minfo[39m: Registered Route: GET /api/auth/discover

[RouteUtils.emit] 2026-08-28T19:07:42.510Z [32minfo[39m: Registered Route: POST /api/profiles
[RouteUtils.emit] 2026-08-28T19:07:42.511Z [32minfo[39m: Registered Route: DELETE /api/profiles/:id
[RouteUtils.emit] 2026-08-28T19:07:42.511Z [32minfo[39m: Registered Route: GET /api/profiles
[RouteUtils.emit] 2026-08-28T19:07:42.511Z [32minfo[39m: Registered Route: GET /api/profiles/:id
[RouteUtils.emit] 2026-08-28T19:07:42.512Z [32minfo[39m: Registered Route: GET /api/profiles/:id/contacts/sendCode
[RouteUtils.emit] 2026-08-28T19:07:42.512Z [32minfo[39m: Registered Route: PUT /api/profiles/:id
[RouteUtils.emit] 2026-08-28T19:07:42.512Z [32minfo[39m: Registered Route: POST /api/profiles/:id/contacts/verify
[RouteUtils.emit] 2026-08-28T19:07:42.513Z [32minfo[39m: Registered Route: PUT /api/profiles/:id/:property
[RouteUtils.emit] 2026-08-28T19:07:42.513Z [32minfo[39m: Registered Route: HEAD /api/profiles
[RouteUtils.emit] 2026-08-28T19:07:42.513Z [32minfo[39m: Registered Route: HEAD /api/profiles/:id
[RouteUtils.emit] 2026-08-28T19:07:42.514Z [32minfo[39m: Registered Route: DELETE /api/profiles
[RouteUtils.emit] 2026-08-28T19:07:42.514Z [32minfo[39m: Registered Route: PUT /api/profiles

[RouteUtils.emit] 2026-08-28T19:07:42.514Z [32minfo[39m: Registered Route: POST /api/auth/refresh
[RouteUtils.emit] 2026-08-28T19:07:42.515Z [32minfo[39m: Registered Route: GET /api/auth/refresh

[RouteUtils.emit] 2026-08-28T19:07:42.515Z [32minfo[39m: Registered Route: POST /api/auth/totp
[RouteUtils.emit] 2026-08-28T19:07:42.515Z [32minfo[39m: Registered Route: GET /api/auth/totp

[RouteUtils.emit] 2026-08-28T19:07:42.516Z [32minfo[39m: Registered Route: POST /api/auth/passkey
[RouteUtils.emit] 2026-08-28T19:07:42.516Z [32minfo[39m: Registered Route: GET /api/auth/passkey

[RouteUtils.emit] 2026-08-28T19:07:42.517Z [32minfo[39m: Registered Route: HEAD /api/secrets
[RouteUtils.emit] 2026-08-28T19:07:42.517Z [32minfo[39m: Registered Route: GET /api/secrets/passkey/register
[RouteUtils.emit] 2026-08-28T19:07:42.517Z [32minfo[39m: Registered Route: GET /api/secrets/password
[RouteUtils.emit] 2026-08-28T19:07:42.518Z [32minfo[39m: Registered Route: GET /api/secrets/fido2/register
[RouteUtils.emit] 2026-08-28T19:07:42.518Z [32minfo[39m: Registered Route: POST /api/secrets
[RouteUtils.emit] 2026-08-28T19:07:42.518Z [32minfo[39m: Registered Route: DELETE /api/secrets/:id
[RouteUtils.emit] 2026-08-28T19:07:42.519Z [32minfo[39m: Registered Route: HEAD /api/secrets/:id
[RouteUtils.emit] 2026-08-28T19:07:42.519Z [32minfo[39m: Registered Route: GET /api/secrets
[RouteUtils.emit] 2026-08-28T19:07:42.519Z [32minfo[39m: Registered Route: GET /api/secrets/:id
[RouteUtils.emit] 2026-08-28T19:07:42.520Z [32minfo[39m: Registered Route: DELETE /api/secrets
[RouteUtils.emit] 2026-08-28T19:07:42.520Z [32minfo[39m: Registered Route: PUT /api/secrets/:id

[RouteUtils.emit] 2026-08-28T19:07:42.520Z [32minfo[39m: Registered Route: POST /api/register/start
[RouteUtils.emit] 2026-08-28T19:07:42.521Z [32minfo[39m: Registered Route: POST /api/register/verify

[RouteUtils.emit] 2026-08-28T19:07:42.521Z [32minfo[39m: Registered Route: HEAD /api/users
[RouteUtils.emit] 2026-08-28T19:07:42.521Z [32minfo[39m: Registered Route: POST /api/users
[RouteUtils.emit] 2026-08-28T19:07:42.522Z [32minfo[39m: Registered Route: DELETE /api/users/:id
[RouteUtils.emit] 2026-08-28T19:07:42.522Z [32minfo[39m: Registered Route: HEAD /api/users/:id
[RouteUtils.emit] 2026-08-28T19:07:42.523Z [32minfo[39m: Registered Route: GET /api/users
[RouteUtils.emit] 2026-08-28T19:07:42.523Z [32minfo[39m: Registered Route: GET /api/users/:id
[RouteUtils.emit] 2026-08-28T19:07:42.523Z [32minfo[39m: Registered Route: DELETE /api/users
[RouteUtils.emit] 2026-08-28T19:07:42.523Z [32minfo[39m: Registered Route: PUT /api/users/:id

[RouteUtils.emit] 2026-08-28T19:07:42.524Z [32minfo[39m: Registered Route: POST /api/auth/facebook
[RouteUtils.emit] 2026-08-28T19:07:42.524Z [32minfo[39m: Registered Route: GET /api/auth/facebook
[RouteUtils.emit] 2026-08-28T19:07:42.525Z [32minfo[39m: Registered Route: GET /api/auth/facebook/authorize

[RouteUtils.emit] 2026-08-28T19:07:42.525Z [32minfo[39m: Registered Route: POST /api/auth/google
[RouteUtils.emit] 2026-08-28T19:07:42.525Z [32minfo[39m: Registered Route: GET /api/auth/google
[RouteUtils.emit] 2026-08-28T19:07:42.526Z [32minfo[39m: Registered Route: GET /api/auth/google/authorize

[RouteUtils.emit] 2026-08-28T19:07:42.526Z [32minfo[39m: Registered Route: POST /api/auth/microsoft
[RouteUtils.emit] 2026-08-28T19:07:42.526Z [32minfo[39m: Registered Route: GET /api/auth/microsoft
[RouteUtils.emit] 2026-08-28T19:07:42.527Z [32minfo[39m: Registered Route: GET /api/auth/microsoft/authorize

[RouteUtils.emit] 2026-08-28T19:07:42.527Z [32minfo[39m: Registered Route: POST /api/auth/apple
[RouteUtils.emit] 2026-08-28T19:07:42.527Z [32minfo[39m: Registered Route: GET /api/auth/apple
[RouteUtils.emit] 2026-08-28T19:07:42.528Z [32minfo[39m: Registered Route: GET /api/auth/apple/authorize

[DerivedLogger.emit] 2026-08-28T19:07:42.528Z [32minfo[39m: Listening on 0.0.0.0:3000...

[DerivedLogger.emit] 2026-08-28T19:07:43.534Z [32minfo[39m: Stopping background services...

[DerivedLogger.emit] 2026-08-28T19:07:43.535Z [32minfo[39m: Stopping server...
[DerivedLogger.emit] 2026-08-28T19:07:43.535Z [32minfo[39m: Closing database connections...

[ConnectionManager.emit] 2026-08-28T19:07:43.536Z [32minfo[39m: Successfully disconnected from all configured databases.

[DerivedLogger.emit] 2026-08-28T19:07:43.536Z [32minfo[39m: Starting server...

[DerivedLogger.emit] 2026-08-28T19:07:43.537Z [32minfo[39m: Loading all service classes...

[DerivedLogger.emit] 2026-08-28T19:07:43.541Z [32minfo[39m: Scanning for data models...
[DerivedLogger.emit] 2026-08-28T19:07:43.542Z [32minfo[39m: Initializing database connection(s)...
[ConnectionManager.emit] 2026-08-28T19:07:43.545Z [32minfo[39m: Connecting to database cache [redis://localhost]...

[ConnectionManager.emit] 2026-08-28T19:07:43.545Z [32minfo[39m: Connecting to database events [redis://localhost]...

[ConnectionManager.emit] 2026-08-28T19:07:43.546Z [32minfo[39m: Connecting to database logs [redis://localhost]...

[ConnectionManager.emit] 2026-08-28T19:07:43.546Z [32minfo[39m: Connecting to database acl [better-sqlite3://localhost/rrst-test-acl]...
[ConnectionManager.emit] 2026-08-28T19:07:43.546Z [32minfo[39m: Connecting to database sql [better-sqlite3://localhost/rrst-test]...

[ConnectionManager.emit] 2026-08-28T19:07:43.549Z [32minfo[39m: Successfully connected to all configured databases.

[DerivedLogger.emit] 2026-08-28T19:07:43.549Z [32minfo[39m: Starting background services...

[BackgroundServiceManager.emit] 2026-08-28T19:07:43.549Z [32minfo[39m: Starting service DefaultAccountsSQL...
[DerivedLogger.emit] 2026-08-28T19:07:43.550Z [34mdebug[39m: Creating new instance of class [DefaultAccountsSQL] with name [DefaultAccountsSQL:DefaultAccountsSQL]

[DerivedLogger.emit] 2026-08-28T19:07:43.563Z [32minfo[39m: Initializing event manager...

[DerivedLogger.emit] 2026-08-28T19:07:43.563Z [32minfo[39m: Scanning for routes...

[RouteUtils.emit] 2026-08-28T19:07:43.566Z [32minfo[39m: Registered Route: GET /api/admin/clear-cache
[RouteUtils.emit] 2026-08-28T19:07:43.567Z [32minfo[39m: Registered Route: WS /api/admin/logs
[RouteUtils.emit] 2026-08-28T19:07:43.567Z [32minfo[39m: Registered Route: GET /api/admin/release-notes
[RouteUtils.emit] 2026-08-28T19:07:43.567Z [32minfo[39m: Registered Route: GET /api/admin/restart

[RouteUtils.emit] 2026-08-28T19:07:43.568Z [32minfo[39m: Registered Route: GET /api/openapi
[RouteUtils.emit] 2026-08-28T19:07:43.568Z [32minfo[39m: Registered Route: GET /api/openapi/json
[RouteUtils.emit] 2026-08-28T19:07:43.568Z [32minfo[39m: Registered Route: GET /api/openapi/yaml

[RouteUtils.emit] 2026-08-28T19:07:43.569Z [32minfo[39m: Registered Route: GET /api/status

[RouteUtils.emit] 2026-08-28T19:07:43.569Z [32minfo[39m: Registered Route: GET /api/metrics
[RouteUtils.emit] 2026-08-28T19:07:43.570Z [32minfo[39m: Registered Route: GET /api/metrics/:metric

[RouteUtils.emit] 2026-08-28T19:07:43.570Z [32minfo[39m: Registered Route: GET /admin/*
[RouteUtils.emit] 2026-08-28T19:07:43.570Z [32minfo[39m: Registered Route: GET /admin

[RouteUtils.emit] 2026-08-28T19:07:43.571Z [32minfo[39m: Registered Route: GET /*
[RouteUtils.emit] 2026-08-28T19:07:43.571Z [32minfo[39m: Registered Route: GET /

[RouteUtils.emit] 2026-08-28T19:07:43.571Z [32minfo[39m: Registered Route: POST /api/auth/logout

[RouteUtils.emit] 2026-08-28T19:07:43.572Z [32minfo[39m: Registered Route: POST /api/aliases
[RouteUtils.emit] 2026-08-28T19:07:43.572Z [32minfo[39m: Registered Route: DELETE /api/aliases/:id
[RouteUtils.emit] 2026-08-28T19:07:43.573Z [32minfo[39m: Registered Route: GET /api/aliases
[RouteUtils.emit] 2026-08-28T19:07:43.573Z [32minfo[39m: Registered Route: GET /api/aliases/:id/sendCode
[RouteUtils.emit] 2026-08-28T19:07:43.573Z [32minfo[39m: Registered Route: PUT /api/aliases/:id
[RouteUtils.emit] 2026-08-28T19:07:43.574Z [32minfo[39m: Registered Route: PUT /api/aliases
[RouteUtils.emit] 2026-08-28T19:07:43.574Z [32minfo[39m: Registered Route: PUT /api/aliases/:id/:property
[RouteUtils.emit] 2026-08-28T19:07:43.577Z [32minfo[39m: Registered Route: POST /api/aliases/:id/verify
[RouteUtils.emit] 2026-08-28T19:07:43.577Z [32minfo[39m: Registered Route: HEAD /api/aliases
[RouteUtils.emit] 2026-08-28T19:07:43.577Z [32minfo[39m: Registered Route: HEAD /api/aliases/:id
[RouteUtils.emit] 2026-08-28T19:07:43.578Z [32minfo[39m: Registered Route: GET /api/aliases/:id
[RouteUtils.emit] 2026-08-28T19:07:43.578Z [32minfo[39m: Registered Route: DELETE /api/aliases

[RouteUtils.emit] 2026-08-28T19:07:43.579Z [32minfo[39m: Registered Route: POST /api/auth/otp
[RouteUtils.emit] 2026-08-28T19:07:43.579Z [32minfo[39m: Registered Route: GET /api/auth/otp

[RouteUtils.emit] 2026-08-28T19:07:43.579Z [32minfo[39m: Registered Route: POST /api/auth/mfa
[RouteUtils.emit] 2026-08-28T19:07:43.580Z [32minfo[39m: Registered Route: GET /api/auth/mfa

[RouteUtils.emit] 2026-08-28T19:07:43.580Z [32minfo[39m: Registered Route: POST /api/auth/fido2
[RouteUtils.emit] 2026-08-28T19:07:43.583Z [32minfo[39m: Registered Route: GET /api/auth/fido2

[RouteUtils.emit] 2026-08-28T19:07:43.583Z [32minfo[39m: Registered Route: DELETE /api/accounts/:id
[RouteUtils.emit] 2026-08-28T19:07:43.583Z [32minfo[39m: Registered Route: GET /api/accounts/:id
[RouteUtils.emit] 2026-08-28T19:07:43.584Z [32minfo[39m: Registered Route: POST /api/accounts/:id/revokeSessions

[RouteUtils.emit] 2026-08-28T19:07:43.584Z [32minfo[39m: Registered Route: GET /api/auth/elevation
[RouteUtils.emit] 2026-08-28T19:07:43.588Z [32minfo[39m: Registered Route: POST /api/auth/elevation

[RouteUtils.emit] 2026-08-28T19:07:43.588Z [32minfo[39m: Registered Route: GET /api/auth/password

[RouteUtils.emit] 2026-08-28T19:07:43.588Z [32minfo[39m: Registered Route: GET /api/auth/discover

[RouteUtils.emit] 2026-08-28T19:07:43.589Z [32minfo[39m: Registered Route: POST /api/profiles
[RouteUtils.emit] 2026-08-28T19:07:43.589Z [32minfo[39m: Registered Route: DELETE /api/profiles/:id
[RouteUtils.emit] 2026-08-28T19:07:43.589Z [32minfo[39m: Registered Route: GET /api/profiles
[RouteUtils.emit] 2026-08-28T19:07:43.590Z [32minfo[39m: Registered Route: GET /api/profiles/:id
[RouteUtils.emit] 2026-08-28T19:07:43.590Z [32minfo[39m: Registered Route: GET /api/profiles/:id/contacts/sendCode
[RouteUtils.emit] 2026-08-28T19:07:43.591Z [32minfo[39m: Registered Route: PUT /api/profiles/:id
[RouteUtils.emit] 2026-08-28T19:07:43.591Z [32minfo[39m: Registered Route: POST /api/profiles/:id/contacts/verify
[RouteUtils.emit] 2026-08-28T19:07:43.591Z [32minfo[39m: Registered Route: PUT /api/profiles/:id/:property
[RouteUtils.emit] 2026-08-28T19:07:43.591Z [32minfo[39m: Registered Route: HEAD /api/profiles
[RouteUtils.emit] 2026-08-28T19:07:43.592Z [32minfo[39m: Registered Route: HEAD /api/profiles/:id
[RouteUtils.emit] 2026-08-28T19:07:43.592Z [32minfo[39m: Registered Route: DELETE /api/profiles
[RouteUtils.emit] 2026-08-28T19:07:43.592Z [32minfo[39m: Registered Route: PUT /api/profiles

[RouteUtils.emit] 2026-08-28T19:07:43.593Z [32minfo[39m: Registered Route: POST /api/auth/refresh
[RouteUtils.emit] 2026-08-28T19:07:43.593Z [32minfo[39m: Registered Route: GET /api/auth/refresh

[RouteUtils.emit] 2026-08-28T19:07:43.594Z [32minfo[39m: Registered Route: POST /api/auth/totp
[RouteUtils.emit] 2026-08-28T19:07:43.594Z [32minfo[39m: Registered Route: GET /api/auth/totp

[RouteUtils.emit] 2026-08-28T19:07:43.595Z [32minfo[39m: Registered Route: POST /api/auth/passkey
[RouteUtils.emit] 2026-08-28T19:07:43.595Z [32minfo[39m: Registered Route: GET /api/auth/passkey

[RouteUtils.emit] 2026-08-28T19:07:43.595Z [32minfo[39m: Registered Route: HEAD /api/secrets
[RouteUtils.emit] 2026-08-28T19:07:43.598Z [32minfo[39m: Registered Route: GET /api/secrets/passkey/register
[RouteUtils.emit] 2026-08-28T19:07:43.599Z [32minfo[39m: Registered Route: GET /api/secrets/password
[RouteUtils.emit] 2026-08-28T19:07:43.599Z [32minfo[39m: Registered Route: GET /api/secrets/fido2/register
[RouteUtils.emit] 2026-08-28T19:07:43.599Z [32minfo[39m: Registered Route: POST /api/secrets
[RouteUtils.emit] 2026-08-28T19:07:43.600Z [32minfo[39m: Registered Route: DELETE /api/secrets/:id
[RouteUtils.emit] 2026-08-28T19:07:43.600Z [32minfo[39m: Registered Route: HEAD /api/secrets/:id
[RouteUtils.emit] 2026-08-28T19:07:43.600Z [32minfo[39m: Registered Route: GET /api/secrets
[RouteUtils.emit] 2026-08-28T19:07:43.601Z [32minfo[39m: Registered Route: GET /api/secrets/:id
[RouteUtils.emit] 2026-08-28T19:07:43.601Z [32minfo[39m: Registered Route: DELETE /api/secrets
[RouteUtils.emit] 2026-08-28T19:07:43.601Z [32minfo[39m: Registered Route: PUT /api/secrets/:id

[RouteUtils.emit] 2026-08-28T19:07:43.602Z [32minfo[39m: Registered Route: POST /api/register/start
[RouteUtils.emit] 2026-08-28T19:07:43.602Z [32minfo[39m: Registered Route: POST /api/register/verify

[RouteUtils.emit] 2026-08-28T19:07:43.603Z [32minfo[39m: Registered Route: HEAD /api/users
[RouteUtils.emit] 2026-08-28T19:07:43.603Z [32minfo[39m: Registered Route: POST /api/users
[RouteUtils.emit] 2026-08-28T19:07:43.603Z [32minfo[39m: Registered Route: DELETE /api/users/:id
[RouteUtils.emit] 2026-08-28T19:07:43.604Z [32minfo[39m: Registered Route: HEAD /api/users/:id
[RouteUtils.emit] 2026-08-28T19:07:43.604Z [32minfo[39m: Registered Route: GET /api/users
[RouteUtils.emit] 2026-08-28T19:07:43.604Z [32minfo[39m: Registered Route: GET /api/users/:id
[RouteUtils.emit] 2026-08-28T19:07:43.605Z [32minfo[39m: Registered Route: DELETE /api/users
[RouteUtils.emit] 2026-08-28T19:07:43.605Z [32minfo[39m: Registered Route: PUT /api/users/:id

[RouteUtils.emit] 2026-08-28T19:07:43.609Z [32minfo[39m: Registered Route: POST /api/auth/facebook
[RouteUtils.emit] 2026-08-28T19:07:43.609Z [32minfo[39m: Registered Route: GET /api/auth/facebook
[RouteUtils.emit] 2026-08-28T19:07:43.610Z [32minfo[39m: Registered Route: GET /api/auth/facebook/authorize

[RouteUtils.emit] 2026-08-28T19:07:43.610Z [32minfo[39m: Registered Route: POST /api/auth/google
[RouteUtils.emit] 2026-08-28T19:07:43.610Z [32minfo[39m: Registered Route: GET /api/auth/google
[RouteUtils.emit] 2026-08-28T19:07:43.611Z [32minfo[39m: Registered Route: GET /api/auth/google/authorize

[RouteUtils.emit] 2026-08-28T19:07:43.611Z [32minfo[39m: Registered Route: POST /api/auth/microsoft
[RouteUtils.emit] 2026-08-28T19:07:43.611Z [32minfo[39m: Registered Route: GET /api/auth/microsoft
[RouteUtils.emit] 2026-08-28T19:07:43.612Z [32minfo[39m: Registered Route: GET /api/auth/microsoft/authorize

[RouteUtils.emit] 2026-08-28T19:07:43.612Z [32minfo[39m: Registered Route: POST /api/auth/apple
[RouteUtils.emit] 2026-08-28T19:07:43.613Z [32minfo[39m: Registered Route: GET /api/auth/apple
[RouteUtils.emit] 2026-08-28T19:07:43.613Z [32minfo[39m: Registered Route: GET /api/auth/apple/authorize

[DerivedLogger.emit] 2026-08-28T19:07:43.613Z [32minfo[39m: Listening on 0.0.0.0:3000...

[DerivedLogger.emit] 2026-08-28T19:07:43.614Z [32minfo[39m: Stopping background services...

[DerivedLogger.emit] 2026-08-28T19:07:43.614Z [32minfo[39m: Stopping server...
[DerivedLogger.emit] 2026-08-28T19:07:43.615Z [32minfo[39m: Closing database connections...

[ConnectionManager.emit] 2026-08-28T19:07:43.615Z [32minfo[39m: Successfully disconnected from all configured databases.

            </system-out>
        </testcase>
    </testsuite>
    <testsuite name="test/apps/account.test.tsx" timestamp="2026-08-28T19:09:03.032Z" hostname="Jane" tests="127" failures="0" errors="0" skipped="0" time="31.4788525">
        <testcase classname="test/apps/account.test.tsx" name="AccountPage — auth guard &gt; attempts a silent refresh when there is no userUid, redirecting to /auth/signin when it fails" time="0.0853524">
        </testcase>
        <testcase classname="test/apps/account.test.tsx" name="AccountPage — auth guard &gt; reloads the page when a silent refresh succeeds with no userUid" time="0.053315">
        </testcase>
        <testcase classname="test/apps/account.test.tsx" name="AccountPage — profile loading &gt; shows &apos;there&apos; and no email when no profile exists yet" time="0.0299235">
        </testcase>
        <testcase classname="test/apps/account.test.tsx" name="AccountPage — profile loading &gt; populates the form and header from an existing profile" time="0.0355508">
        </testcase>
        <testcase classname="test/apps/account.test.tsx" name="AccountPage — profile loading &gt; falls back to the e-mail contact and its initial when there is no name" time="0.0303945">
        </testcase>
        <testcase classname="test/apps/account.test.tsx" name="AccountPage — profile loading &gt; shows an error message for a non-404 profile load failure (ApiRequestError)" time="0.0133898">
        </testcase>
        <testcase classname="test/apps/account.test.tsx" name="AccountPage — profile loading &gt; shows a generic message for a non-API profile load failure" time="0.0169956">
        </testcase>
        <testcase classname="test/apps/account.test.tsx" name="AccountPage — profile saving &gt; creates a profile (POST) the first time, when none existed" time="0.6108595">
        </testcase>
        <testcase classname="test/apps/account.test.tsx" name="AccountPage — profile saving &gt; updates the profile (PUT) with uid/version when one already exists" time="0.2652509">
        </testcase>
        <testcase classname="test/apps/account.test.tsx" name="AccountPage — profile saving &gt; clears the &apos;Saved.&apos; indicator again once a field changes" time="0.1407511">
        </testcase>
        <testcase classname="test/apps/account.test.tsx" name="AccountPage — profile saving &gt; shows the ApiRequestError message when saving fails" time="0.0781605">
        </testcase>
        <testcase classname="test/apps/account.test.tsx" name="AccountPage — profile saving &gt; shows a generic message when saving fails with a non-API error" time="0.108329">
        </testcase>
        <testcase classname="test/apps/account.test.tsx" name="AccountPage — username &gt; shows an inline add form when there is no username alias" time="0.009057">
        </testcase>
        <testcase classname="test/apps/account.test.tsx" name="AccountPage — username &gt; adds a username via the inline form" time="0.2413789">
        </testcase>
        <testcase classname="test/apps/account.test.tsx" name="AccountPage — username &gt; shows the ApiRequestError message when adding a username fails" time="0.2317686">
        </testcase>
        <testcase classname="test/apps/account.test.tsx" name="AccountPage — username &gt; shows a generic message when adding a username fails with a non-API error" time="0.2345741">
        </testcase>
        <testcase classname="test/apps/account.test.tsx" name="AccountPage — username &gt; shows the existing username read-only with a Change button" time="0.0169447">
        </testcase>
        <testcase classname="test/apps/account.test.tsx" name="AccountPage — username &gt; changes the username via the modal, replacing the old alias with the new one" time="0.3477603">
        </testcase>
        <testcase classname="test/apps/account.test.tsx" name="AccountPage — username &gt; shows the ApiRequestError message when changing the username fails, without closing the modal" time="0.3681194">
        </testcase>
        <testcase classname="test/apps/account.test.tsx" name="AccountPage — username &gt; shows a generic message when changing the username fails with a non-API error" time="0.3723947">
        </testcase>
        <testcase classname="test/apps/account.test.tsx" name="AccountPage — username &gt; clears the error and value when the change-username modal is closed and reopened" time="0.4720768">
        </testcase>
        <testcase classname="test/apps/account.test.tsx" name="AccountPage — contacts loading &gt; shows the ApiRequestError message on alias load failure" time="0.0138169">
        </testcase>
        <testcase classname="test/apps/account.test.tsx" name="AccountPage — contacts loading &gt; shows a generic message when listing aliases fails with a non-API error" time="0.0156705">
        </testcase>
        <testcase classname="test/apps/account.test.tsx" name="AccountPage — contacts loading &gt; renders no table when there are no contacts" time="0.0090321">
        </testcase>
        <testcase classname="test/apps/account.test.tsx" name="AccountPage — contacts table &gt; renders an unverified contact with a Verify action" time="0.0341023">
        </testcase>
        <testcase classname="test/apps/account.test.tsx" name="AccountPage — contacts table &gt; renders a verified contact with no matching alias as &apos;Enable&apos;" time="0.0265716">
        </testcase>
        <testcase classname="test/apps/account.test.tsx" name="AccountPage — contacts table &gt; renders a verified contact with a matching alias as &apos;Disable&apos;" time="0.0187824">
        </testcase>
        <testcase classname="test/apps/account.test.tsx" name="AccountPage — contacts table &gt; adds a contact (creating the profile, since none existed) and opens the verify modal" time="0.4521241">
        </testcase>
        <testcase classname="test/apps/account.test.tsx" name="AccountPage — contacts table &gt; adds a phone contact via the type selector to an existing profile" time="0.4448695">
        </testcase>
        <testcase classname="test/apps/account.test.tsx" name="AccountPage — contacts table &gt; shows the ApiRequestError message when adding a contact fails, without closing the modal" time="0.4070102">
        </testcase>
        <testcase classname="test/apps/account.test.tsx" name="AccountPage — contacts table &gt; shows a generic message when adding a contact fails with a non-API error" time="0.4204875">
        </testcase>
        <testcase classname="test/apps/account.test.tsx" name="AccountPage — contacts table &gt; clears the type/value and error when the add-contact modal is closed and reopened" time="0.5562639">
        </testcase>
        <testcase classname="test/apps/account.test.tsx" name="AccountPage — contacts table &gt; verifies a contact successfully, updating the profile and closing the modal" time="0.3334296">
        </testcase>
        <testcase classname="test/apps/account.test.tsx" name="AccountPage — contacts table &gt; auto-enables sign-in once a newly-added contact is verified (checkbox checked by default)" time="0.6406185">
        </testcase>
        <testcase classname="test/apps/account.test.tsx" name="AccountPage — contacts table &gt; does not auto-enable sign-in when the checkbox is unchecked before adding a contact" time="0.7039397">
        </testcase>
        <testcase classname="test/apps/account.test.tsx" name="AccountPage — contacts table &gt; does not auto-enable sign-in when re-verifying an existing unverified contact via its own Verify action" time="0.3089106">
        </testcase>
        <testcase classname="test/apps/account.test.tsx" name="AccountPage — contacts table &gt; shows an error but keeps the contact verified when auto-enabling sign-in fails after verification" time="0.6312087">
        </testcase>
        <testcase classname="test/apps/account.test.tsx" name="AccountPage — contacts table &gt; shows a generic message when auto-enabling sign-in fails with a non-API error" time="0.6043987">
        </testcase>
        <testcase classname="test/apps/account.test.tsx" name="AccountPage — contacts table &gt; shows a fixed message on an invalid verification code" time="0.2960541">
        </testcase>
        <testcase classname="test/apps/account.test.tsx" name="AccountPage — contacts table &gt; shows a generic message when verification fails with a non-API error" time="0.314742">
        </testcase>
        <testcase classname="test/apps/account.test.tsx" name="AccountPage — contacts table &gt; resends a verification code and shows a confirmation" time="0.1701193">
        </testcase>
        <testcase classname="test/apps/account.test.tsx" name="AccountPage — contacts table &gt; shows the ApiRequestError message when resending fails" time="0.154977">
        </testcase>
        <testcase classname="test/apps/account.test.tsx" name="AccountPage — contacts table &gt; shows a generic message when resending fails with a non-API error" time="0.1588293">
        </testcase>
        <testcase classname="test/apps/account.test.tsx" name="AccountPage — contacts table &gt; clears the resend confirmation and error when the verify modal is closed and reopened" time="0.2880136">
        </testcase>
        <testcase classname="test/apps/account.test.tsx" name="AccountPage — contacts table &gt; enables sign-in for a verified contact" time="0.1219744">
        </testcase>
        <testcase classname="test/apps/account.test.tsx" name="AccountPage — contacts table &gt; disables sign-in for a verified contact when another enabled alias remains" time="0.092999">
        </testcase>
        <testcase classname="test/apps/account.test.tsx" name="AccountPage — contacts table &gt; disables the Disable action when it is the only enabled sign-in method" time="0.0185745">
        </testcase>
        <testcase classname="test/apps/account.test.tsx" name="AccountPage — contacts table &gt; shows the ApiRequestError message when toggling sign-in fails" time="0.1038414">
        </testcase>
        <testcase classname="test/apps/account.test.tsx" name="AccountPage — contacts table &gt; shows a generic message when toggling sign-in fails with a non-API error" time="0.0941665">
        </testcase>
        <testcase classname="test/apps/account.test.tsx" name="AccountPage — contacts table &gt; does nothing when contact removal is declined" time="0.0804781">
        </testcase>
        <testcase classname="test/apps/account.test.tsx" name="AccountPage — contacts table &gt; removes a contact (no matching alias), updating the profile only" time="0.0784165">
        </testcase>
        <testcase classname="test/apps/account.test.tsx" name="AccountPage — contacts table &gt; removes a contact and cascades to deleting its matching alias" time="0.0794334">
        </testcase>
        <testcase classname="test/apps/account.test.tsx" name="AccountPage — contacts table &gt; deletes the matching alias before updating the profile, so a failed alias deletion leaves the contact untouched" time="0.089993">
        </testcase>
        <testcase classname="test/apps/account.test.tsx" name="AccountPage — contacts table &gt; shows the ApiRequestError message when removing a contact fails" time="0.0782855">
        </testcase>
        <testcase classname="test/apps/account.test.tsx" name="AccountPage — contacts table &gt; shows a generic message when removing a contact fails with a non-API error" time="0.066457">
        </testcase>
        <testcase classname="test/apps/account.test.tsx" name="AccountPage — contacts table &gt; disables Remove when the contact is the account&apos;s last verified contact" time="0.0349743">
        </testcase>
        <testcase classname="test/apps/account.test.tsx" name="AccountPage — contacts table &gt; disables Remove when the contact is the account&apos;s last enabled sign-in alias, even if not the last verified contact" time="0.0373956">
        </testcase>
        <testcase classname="test/apps/account.test.tsx" name="AccountPage — formatDate fallback &gt; falls back to the raw ISO string if toLocaleDateString throws" time="0.0188852">
        </testcase>
        <testcase classname="test/apps/account.test.tsx" name="AccountPage — formatDate fallback &gt; renders an empty date when dateCreated is missing" time="0.0278754">
        </testcase>
        <testcase classname="test/apps/account.test.tsx" name="AccountPage — secrets loading &gt; shows the ApiRequestError message on failure" time="0.0196248">
        </testcase>
        <testcase classname="test/apps/account.test.tsx" name="AccountPage — secrets loading &gt; shows a generic message when listing secrets fails with a non-API error" time="0.0148325">
        </testcase>
        <testcase classname="test/apps/account.test.tsx" name="AccountPage — secrets loading &gt; renders an empty state with no sign-in methods" time="0.0112867">
        </testcase>
        <testcase classname="test/apps/account.test.tsx" name="AccountPage — secrets loading &gt; renders a table row per existing secret" time="0.0417826">
        </testcase>
        <testcase classname="test/apps/account.test.tsx" name="AccountPage — secrets loading &gt; removes a secret after confirmation" time="0.0874865">
        </testcase>
        <testcase classname="test/apps/account.test.tsx" name="AccountPage — secrets loading &gt; does nothing to remove a secret when the confirmation is declined" time="0.0782725">
        </testcase>
        <testcase classname="test/apps/account.test.tsx" name="AccountPage — secrets loading &gt; shows the ApiRequestError message when removal fails" time="0.0777993">
        </testcase>
        <testcase classname="test/apps/account.test.tsx" name="AccountPage — secrets loading &gt; shows a generic message when removal fails with a non-API error" time="0.0613476">
        </testcase>
        <testcase classname="test/apps/account.test.tsx" name="AccountPage — add sign-in method modal &gt; shows the four type options, and none of their forms, until one is picked" time="0.1163432">
        </testcase>
        <testcase classname="test/apps/account.test.tsx" name="AccountPage — add sign-in method modal &gt; resets the picked type and any in-progress input when the modal is closed and reopened" time="0.4823426">
        </testcase>
        <testcase classname="test/apps/account.test.tsx" name="AccountPage — password &gt; validates live as you type and disables submit for a weak password" time="0.2382959">
        </testcase>
        <testcase classname="test/apps/account.test.tsx" name="AccountPage — password &gt; shows a mismatch error and disables submit when confirmation differs" time="0.5923787">
        </testcase>
        <testcase classname="test/apps/account.test.tsx" name="AccountPage — password &gt; re-validates a weak password on a force-submit" time="0.3066679">
        </testcase>
        <testcase classname="test/apps/account.test.tsx" name="AccountPage — password &gt; re-validates a mismatch on a force-submit" time="0.6570697">
        </testcase>
        <testcase classname="test/apps/account.test.tsx" name="AccountPage — password &gt; sets a first password (no prior password secret to delete), closing the modal" time="0.7029138">
        </testcase>
        <testcase classname="test/apps/account.test.tsx" name="AccountPage — password &gt; passes a trimmed label through as the hint when one is entered" time="0.9558846">
        </testcase>
        <testcase classname="test/apps/account.test.tsx" name="AccountPage — password &gt; changes an existing password by updating it in place, without creating or deleting anything" time="0.699069">
        </testcase>
        <testcase classname="test/apps/account.test.tsx" name="AccountPage — password &gt; shows the ApiRequestError message when saving the password fails" time="0.7002448">
        </testcase>
        <testcase classname="test/apps/account.test.tsx" name="AccountPage — password &gt; shows a generic message when saving the password fails with a non-API error" time="0.6899993">
        </testcase>
        <testcase classname="test/apps/account.test.tsx" name="AccountPage — password requirements fetch failure &gt; keeps the fallback requirements when GET /secrets/password fails" time="0.2194052">
        </testcase>
        <testcase classname="test/apps/account.test.tsx" name="AccountPage — authenticator app (TOTP) &gt; adds one immediately (no label field first), renders the QR code, and appends it to the list on Confirm" time="0.2979133">
        </testcase>
        <testcase classname="test/apps/account.test.tsx" name="AccountPage — authenticator app (TOTP) &gt; lets the label be entered after creation, in the same confirm step as the QR code, saving it via updateSecret" time="0.5469219">
        </testcase>
        <testcase classname="test/apps/account.test.tsx" name="AccountPage — authenticator app (TOTP) &gt; shows the ApiRequestError message when saving the label on Confirm fails" time="0.4678138">
        </testcase>
        <testcase classname="test/apps/account.test.tsx" name="AccountPage — authenticator app (TOTP) &gt; shows a generic message when saving the label on Confirm fails with a non-API error" time="0.4999797">
        </testcase>
        <testcase classname="test/apps/account.test.tsx" name="AccountPage — authenticator app (TOTP) &gt; leaves other existing secrets unchanged when saving the label after creation" time="0.4564136">
        </testcase>
        <testcase classname="test/apps/account.test.tsx" name="AccountPage — authenticator app (TOTP) &gt; shows the ApiRequestError message when adding fails" time="0.2188547">
        </testcase>
        <testcase classname="test/apps/account.test.tsx" name="AccountPage — authenticator app (TOTP) &gt; shows a generic message when adding fails with a non-API error" time="0.2042742">
        </testcase>
        <testcase classname="test/apps/account.test.tsx" name="AccountPage — passkey &gt; adds a passkey via WebAuthn registration immediately (no label field first)" time="0.3134481">
        </testcase>
        <testcase classname="test/apps/account.test.tsx" name="AccountPage — passkey &gt; lets the label be entered after registration, in the same confirm step, saving it via updateSecret" time="0.5386161">
        </testcase>
        <testcase classname="test/apps/account.test.tsx" name="AccountPage — passkey &gt; shows the ApiRequestError message when saving the label on Confirm fails" time="0.4425038">
        </testcase>
        <testcase classname="test/apps/account.test.tsx" name="AccountPage — passkey &gt; shows a generic message when saving the label on Confirm fails with a non-API error" time="0.4389726">
        </testcase>
        <testcase classname="test/apps/account.test.tsx" name="AccountPage — passkey &gt; leaves other existing secrets unchanged when saving the label after registration" time="0.4390189">
        </testcase>
        <testcase classname="test/apps/account.test.tsx" name="AccountPage — passkey &gt; shows a cancellation message on NotAllowedError" time="0.2168526">
        </testcase>
        <testcase classname="test/apps/account.test.tsx" name="AccountPage — passkey &gt; shows the underlying ApiRequestError message when registration fails" time="0.2344022">
        </testcase>
        <testcase classname="test/apps/account.test.tsx" name="AccountPage — passkey &gt; shows a generic message on a non-API, non-cancellation error" time="0.2333377">
        </testcase>
        <testcase classname="test/apps/account.test.tsx" name="AccountPage — FIDO2 security key &gt; adds a security key via WebAuthn registration immediately (no label field first)" time="0.2812804">
        </testcase>
        <testcase classname="test/apps/account.test.tsx" name="AccountPage — FIDO2 security key &gt; lets the label be entered after registration, in the same confirm step, saving it via updateSecret" time="0.5451181">
        </testcase>
        <testcase classname="test/apps/account.test.tsx" name="AccountPage — FIDO2 security key &gt; shows the ApiRequestError message when saving the label on Confirm fails" time="0.4682677">
        </testcase>
        <testcase classname="test/apps/account.test.tsx" name="AccountPage — FIDO2 security key &gt; shows a generic message when saving the label on Confirm fails with a non-API error" time="0.467134">
        </testcase>
        <testcase classname="test/apps/account.test.tsx" name="AccountPage — FIDO2 security key &gt; leaves other existing secrets unchanged when saving the label after registration" time="0.4508591">
        </testcase>
        <testcase classname="test/apps/account.test.tsx" name="AccountPage — FIDO2 security key &gt; shows a cancellation message on NotAllowedError" time="0.2182293">
        </testcase>
        <testcase classname="test/apps/account.test.tsx" name="AccountPage — FIDO2 security key &gt; shows the underlying ApiRequestError message when registration fails" time="0.2216768">
        </testcase>
        <testcase classname="test/apps/account.test.tsx" name="AccountPage — FIDO2 security key &gt; shows a generic message on a non-API, non-cancellation error" time="0.2154563">
        </testcase>
        <testcase classname="test/apps/account.test.tsx" name="AccountPage — state updaters fire while the initial account fetch is still pending &gt; handleAddUsername seeds the list from [] when the account hadn&apos;t loaded yet" time="0.2694498">
        </testcase>
        <testcase classname="test/apps/account.test.tsx" name="AccountPage — state updaters fire while the initial account fetch is still pending &gt; handlePasswordSubmit seeds the list from [] when the account hadn&apos;t loaded yet" time="0.7047462">
        </testcase>
        <testcase classname="test/apps/account.test.tsx" name="AccountPage — state updaters fire while the initial account fetch is still pending &gt; handleAddTotp seeds the list from [] when the account hadn&apos;t loaded yet" time="0.462646">
        </testcase>
        <testcase classname="test/apps/account.test.tsx" name="AccountPage — state updaters fire while the initial account fetch is still pending &gt; handleAddPasskey seeds the list from [] when the account hadn&apos;t loaded yet" time="0.4388302">
        </testcase>
        <testcase classname="test/apps/account.test.tsx" name="AccountPage — state updaters fire while the initial account fetch is still pending &gt; handleAddFido2 seeds the list from [] when the account hadn&apos;t loaded yet" time="0.4225803">
        </testcase>
        <testcase classname="test/apps/account.test.tsx" name="AccountPage — security (requireMFA) &gt; renders the current requireMFA state and saves a toggle" time="0.1527119">
        </testcase>
        <testcase classname="test/apps/account.test.tsx" name="AccountPage — security (requireMFA) &gt; shows the ApiRequestError message when saving fails" time="0.0822268">
        </testcase>
        <testcase classname="test/apps/account.test.tsx" name="AccountPage — security (requireMFA) &gt; shows a generic message when saving fails with a non-API error" time="0.0874268">
        </testcase>
        <testcase classname="test/apps/account.test.tsx" name="AccountPage — mandatory second-factor setup prompt &gt; shows a mandatory setup prompt when requireMFA is true and no second factor exists" time="0.0149978">
        </testcase>
        <testcase classname="test/apps/account.test.tsx" name="AccountPage — mandatory second-factor setup prompt &gt; does not show the prompt when a qualifying second factor already exists" time="0.0106185">
        </testcase>
        <testcase classname="test/apps/account.test.tsx" name="AccountPage — mandatory second-factor setup prompt &gt; does not show the prompt when requireMFA is false, regardless of registered methods" time="0.0090156">
        </testcase>
        <testcase classname="test/apps/account.test.tsx" name="AccountPage — mandatory second-factor setup prompt &gt; is not dismissable via the modal&apos;s own close control" time="0.0760943">
        </testcase>
        <testcase classname="test/apps/account.test.tsx" name="AccountPage — mandatory second-factor setup prompt &gt; stays open through the QR reveal step and only closes once the authenticator app setup is confirmed" time="0.2679018">
        </testcase>
        <testcase classname="test/apps/account.test.tsx" name="AccountPage — mandatory second-factor setup prompt &gt; also offers a hardware key, closing once registration is confirmed" time="0.2801258">
        </testcase>
        <testcase classname="test/apps/account.test.tsx" name="AccountPage — logout &gt; logs out and redirects to /auth/signin" time="0.0939733">
        </testcase>
        <testcase classname="test/apps/account.test.tsx" name="AccountPage — delete account &gt; does nothing until the deletion is confirmed" time="0.0816079">
        </testcase>
        <testcase classname="test/apps/account.test.tsx" name="AccountPage — delete account &gt; closes without deleting when cancelled" time="0.1220885">
        </testcase>
        <testcase classname="test/apps/account.test.tsx" name="AccountPage — delete account &gt; deletes the account, logs out, and redirects to /auth/signin on confirm" time="0.1557564">
        </testcase>
        <testcase classname="test/apps/account.test.tsx" name="AccountPage — delete account &gt; shows the ApiRequestError message and keeps the modal open when deletion fails" time="0.1431679">
        </testcase>
        <testcase classname="test/apps/account.test.tsx" name="AccountPage — delete account &gt; shows a generic message when deletion fails with a non-API error" time="0.1413478">
        </testcase>
        <testcase classname="test/apps/account.test.tsx" name="AccountPage — delete account &gt; clears a previous error when the modal is closed and reopened" time="0.2679656">
        </testcase>
        <testcase classname="test/apps/account.test.tsx" name="AccountPage — delete account &gt; ignores an Escape/backdrop close attempt while a deletion is in flight" time="0.186764">
        </testcase>
        <testcase classname="test/apps/account.test.tsx" name="AccountPage — admin console link &gt; does not show an admin console link for a non-admin account" time="0.0094489">
        </testcase>
        <testcase classname="test/apps/account.test.tsx" name="AccountPage — admin console link &gt; shows an admin console link pointing at /admin for an admin account" time="0.022762">
        </testcase>
        <testcase classname="test/apps/account.test.tsx" name="AccountPage — admin console link &gt; does not show an admin console link when the account fetch fails" time="0.0102736">
        </testcase>
    </testsuite>
    <testsuite name="test/apps/index.test.tsx" timestamp="2026-08-28T19:09:03.047Z" hostname="Jane" tests="3" failures="0" errors="0" skipped="0" time="0.0215336">
        <testcase classname="test/apps/index.test.tsx" name="HomePage &gt; redirects to /account when a userUid is present" time="0.0140086">
        </testcase>
        <testcase classname="test/apps/index.test.tsx" name="HomePage &gt; redirects to /auth/signin when there is no userUid" time="0.0013009">
        </testcase>
        <testcase classname="test/apps/index.test.tsx" name="HomePage &gt; includes a noscript meta-refresh fallback pointing at the same target" time="0.0043902">
        </testcase>
    </testsuite>
    <testsuite name="test/apps/_404.test.tsx" timestamp="2026-08-28T19:09:03.047Z" hostname="Jane" tests="1" failures="0" errors="0" skipped="0" time="0.0227658">
        <testcase classname="test/apps/_404.test.tsx" name="NotFoundPage &gt; renders a not-found message" time="0.0207839">
        </testcase>
    </testsuite>
    <testsuite name="test/apps/_500.test.tsx" timestamp="2026-08-28T19:09:03.048Z" hostname="Jane" tests="1" failures="0" errors="0" skipped="0" time="0.0221991">
        <testcase classname="test/apps/_500.test.tsx" name="ErrorPage &gt; renders an internal-server-error message" time="0.0201396">
        </testcase>
    </testsuite>
    <testsuite name="test/apps/_layout.test.tsx" timestamp="2026-08-28T19:09:03.048Z" hostname="Jane" tests="1" failures="0" errors="0" skipped="0" time="0.0110201">
        <testcase classname="test/apps/_layout.test.tsx" name="Layout &gt; renders the document shell with the given children inside the body" time="0.0092954">
        </testcase>
    </testsuite>
    <testsuite name="test/apps/admin/index.test.tsx" timestamp="2026-08-28T19:09:03.048Z" hostname="Jane" tests="9" failures="0" errors="0" skipped="0" time="1.671349">
        <testcase classname="test/apps/admin/index.test.tsx" name="UsersListPage &gt; loads and renders the first page of users" time="0.1584413">
        </testcase>
        <testcase classname="test/apps/admin/index.test.tsx" name="UsersListPage &gt; fetches and renders aliases for the loaded page of users" time="0.0329639">
        </testcase>
        <testcase classname="test/apps/admin/index.test.tsx" name="UsersListPage &gt; shows a load error" time="0.0266779">
        </testcase>
        <testcase classname="test/apps/admin/index.test.tsx" name="UsersListPage &gt; shows a generic load error for a non-API failure" time="0.0145519">
        </testcase>
        <testcase classname="test/apps/admin/index.test.tsx" name="UsersListPage &gt; enables Next when a full page is returned, and pages forward/backward" time="0.3165742">
        </testcase>
        <testcase classname="test/apps/admin/index.test.tsx" name="UsersListPage &gt; passes the role and verified filters through to listUsers" time="0.4018734">
        </testcase>
        <testcase classname="test/apps/admin/index.test.tsx" name="UsersListPage &gt; switches to searchUsers and hides pagination while a query is active" time="0.226264">
        </testcase>
        <testcase classname="test/apps/admin/index.test.tsx" name="UsersListPage &gt; closes the delete modal without deleting when Cancel is clicked, then retries after a failed attempt and succeeds" time="0.3392689">
        </testcase>
        <testcase classname="test/apps/admin/index.test.tsx" name="UsersListPage &gt; shows a generic message in the modal when deletion fails with a non-API error" time="0.1527404">
        </testcase>
    </testsuite>
    <testsuite name="test/apps/admin/_404.test.tsx" timestamp="2026-08-28T19:09:03.049Z" hostname="Jane" tests="1" failures="0" errors="0" skipped="0" time="0.0189584">
        <testcase classname="test/apps/admin/_404.test.tsx" name="NotFoundPage &gt; renders a not-found message" time="0.0171924">
        </testcase>
    </testsuite>
    <testsuite name="test/apps/admin/_500.test.tsx" timestamp="2026-08-28T19:09:03.049Z" hostname="Jane" tests="1" failures="0" errors="0" skipped="0" time="0.019004">
        <testcase classname="test/apps/admin/_500.test.tsx" name="ErrorPage &gt; renders an internal-server-error message" time="0.0172214">
        </testcase>
    </testsuite>
    <testsuite name="test/apps/admin/_layout.test.tsx" timestamp="2026-08-28T19:09:03.049Z" hostname="Jane" tests="1" failures="0" errors="0" skipped="0" time="0.0084256">
        <testcase classname="test/apps/admin/_layout.test.tsx" name="Layout &gt; renders the document shell with the given children inside the body" time="0.0066022">
        </testcase>
    </testsuite>
    <testsuite name="test/apps/auth/signin.test.tsx" timestamp="2026-08-28T19:09:03.050Z" hostname="Jane" tests="69" failures="0" errors="0" skipped="0" time="30.9655251">
        <testcase classname="test/apps/auth/signin.test.tsx" name="SignInPage — identifier step &gt; renders enabled OAuth buttons for every provider" time="0.1075112">
        </testcase>
        <testcase classname="test/apps/auth/signin.test.tsx" name="SignInPage — identifier step &gt; calls discoverAuthMethods and advances to the method-list step on submit" time="0.3251862">
        </testcase>
        <testcase classname="test/apps/auth/signin.test.tsx" name="SignInPage — identifier step &gt; shows a fixed message and stays on the identifier step when discover throws an ApiRequestError" time="0.3119372">
        </testcase>
        <testcase classname="test/apps/auth/signin.test.tsx" name="SignInPage — identifier step &gt; shows a generic message and stays on the identifier step when discover throws a non-API error" time="0.3113902">
        </testcase>
        <testcase classname="test/apps/auth/signin.test.tsx" name="SignInPage — OAuth buttons &gt; fetches the authorization URL and navigates to it when Continue with Google is clicked" time="0.0755659">
        </testcase>
        <testcase classname="test/apps/auth/signin.test.tsx" name="SignInPage — OAuth buttons &gt; fetches the authorization URL and navigates to it when Continue with Microsoft is clicked" time="0.0780311">
        </testcase>
        <testcase classname="test/apps/auth/signin.test.tsx" name="SignInPage — OAuth buttons &gt; fetches the authorization URL and navigates to it when Continue with Apple is clicked" time="0.0667447">
        </testcase>
        <testcase classname="test/apps/auth/signin.test.tsx" name="SignInPage — OAuth buttons &gt; fetches the authorization URL and navigates to it when Continue with Facebook is clicked" time="0.0910036">
        </testcase>
        <testcase classname="test/apps/auth/signin.test.tsx" name="SignInPage — OAuth buttons &gt; shows the server&apos;s error message inline instead of navigating when the URL fetch fails" time="0.0606907">
        </testcase>
        <testcase classname="test/apps/auth/signin.test.tsx" name="SignInPage — OAuth buttons &gt; shows a generic message when the URL fetch fails with a non-API error" time="0.0626915">
        </testcase>
        <testcase classname="test/apps/auth/signin.test.tsx" name="SignInPage — OAuth buttons &gt; disables the other OAuth buttons while one provider&apos;s URL fetch is in flight" time="0.1572442">
        </testcase>
        <testcase classname="test/apps/auth/signin.test.tsx" name="SignInPage — OAuth callback &gt; forwards the code/state to the provider named in state and redirects to /account on success" time="0.0317721">
        </testcase>
        <testcase classname="test/apps/auth/signin.test.tsx" name="SignInPage — OAuth callback &gt; shows the server&apos;s error message and offers a way back when the exchange fails" time="0.0789946">
        </testcase>
        <testcase classname="test/apps/auth/signin.test.tsx" name="SignInPage — OAuth callback &gt; shows a generic message when the exchange fails with a non-API error" time="0.0150784">
        </testcase>
        <testcase classname="test/apps/auth/signin.test.tsx" name="SignInPage — OAuth callback &gt; surfaces a provider-reported error (e.g. denied consent) the same way as an exchange failure" time="0.0080534">
        </testcase>
        <testcase classname="test/apps/auth/signin.test.tsx" name="SignInPage — OAuth callback &gt; shows a fixed error without calling the API when state has no provider to recover" time="0.0209152">
        </testcase>
        <testcase classname="test/apps/auth/signin.test.tsx" name="SignInPage — OAuth callback &gt; shows a fixed error without calling the API when state is missing entirely" time="0.0196408">
        </testcase>
        <testcase classname="test/apps/auth/signin.test.tsx" name="SignInPage — OAuth callback &gt; does nothing when there is no code/error in the URL" time="0.0036804">
        </testcase>
        <testcase classname="test/apps/auth/signin.test.tsx" name="SignInPage — unrecognized identifier redirects to sign-up &gt; redirects with type/id/autosend when the identifier looks like an e-mail address" time="0.3380044">
        </testcase>
        <testcase classname="test/apps/auth/signin.test.tsx" name="SignInPage — unrecognized identifier redirects to sign-up &gt; redirects with type/id/autosend when the identifier looks like a phone number" time="0.2957906">
        </testcase>
        <testcase classname="test/apps/auth/signin.test.tsx" name="SignInPage — unrecognized identifier redirects to sign-up &gt; redirects with no query params when the identifier doesn&apos;t look like an e-mail or phone" time="0.3281921">
        </testcase>
        <testcase classname="test/apps/auth/signin.test.tsx" name="SignInPage — method list &gt; lists passkey first, and only the methods discover actually returned as available" time="0.304443">
        </testcase>
        <testcase classname="test/apps/auth/signin.test.tsx" name="SignInPage — method list &gt; lists one entry per discovered OTP contact, not a single combined entry" time="0.330224">
        </testcase>
        <testcase classname="test/apps/auth/signin.test.tsx" name="SignInPage — method list &gt; only lists methods discover returned as available" time="0.2736248">
        </testcase>
        <testcase classname="test/apps/auth/signin.test.tsx" name="SignInPage — method list &gt; clicking a method advances to its challenge screen" time="0.3894582">
        </testcase>
        <testcase classname="test/apps/auth/signin.test.tsx" name="SignInPage — method list &gt; &apos;Use a different account&apos; returns to the identifier step" time="0.3763786">
        </testcase>
        <testcase classname="test/apps/auth/signin.test.tsx" name="SignInPage — method list &gt; &apos;Choose a different method&apos; returns from the challenge screen to the method list, clearing fields" time="0.7459755">
        </testcase>
        <testcase classname="test/apps/auth/signin.test.tsx" name="SignInPage — single available method &gt; skips the method list and goes straight to the challenge when only one fixed method is available" time="0.3374725">
        </testcase>
        <testcase classname="test/apps/auth/signin.test.tsx" name="SignInPage — single available method &gt; skips straight to the OTP challenge when the only available method is a single discovered contact" time="0.311853">
        </testcase>
        <testcase classname="test/apps/auth/signin.test.tsx" name="SignInPage — single available method &gt; &apos;Use a different account&apos; returns to the identifier step, preserving the typed value" time="0.3840633">
        </testcase>
        <testcase classname="test/apps/auth/signin.test.tsx" name="SignInPage — single available method &gt; still signs in successfully from the skipped challenge screen" time="0.5594828">
        </testcase>
        <testcase classname="test/apps/auth/signin.test.tsx" name="SignInPage — password method &gt; signs in successfully and redirects to /account" time="0.6098847">
        </testcase>
        <testcase classname="test/apps/auth/signin.test.tsx" name="SignInPage — password method &gt; shows a fixed message on an ApiRequestError" time="0.5773063">
        </testcase>
        <testcase classname="test/apps/auth/signin.test.tsx" name="SignInPage — password method &gt; shows a generic message on a non-API error" time="0.5318684">
        </testcase>
        <testcase classname="test/apps/auth/signin.test.tsx" name="SignInPage — totp method &gt; strips non-digits from the code field" time="0.5494681">
        </testcase>
        <testcase classname="test/apps/auth/signin.test.tsx" name="SignInPage — totp method &gt; signs in successfully and redirects to /account" time="0.4533569">
        </testcase>
        <testcase classname="test/apps/auth/signin.test.tsx" name="SignInPage — totp method &gt; shows a fixed message on an ApiRequestError" time="0.5592266">
        </testcase>
        <testcase classname="test/apps/auth/signin.test.tsx" name="SignInPage — totp method &gt; shows a generic message on a non-API error" time="0.6070588">
        </testcase>
        <testcase classname="test/apps/auth/signin.test.tsx" name="SignInPage — otp method &gt; shows the hint scoped to whichever entry was clicked, and the type as the heading" time="0.3874959">
        </testcase>
        <testcase classname="test/apps/auth/signin.test.tsx" name="SignInPage — otp method &gt; shows the phone entry&apos;s own hint when the phone entry is clicked instead" time="0.3436673">
        </testcase>
        <testcase classname="test/apps/auth/signin.test.tsx" name="SignInPage — otp method &gt; sends a challenge to the typed contact, then verifies the code and signs in" time="1.0327584">
        </testcase>
        <testcase classname="test/apps/auth/signin.test.tsx" name="SignInPage — otp method &gt; shows the ApiRequestError message when the challenge fails" time="0.6988089">
        </testcase>
        <testcase classname="test/apps/auth/signin.test.tsx" name="SignInPage — otp method &gt; shows a generic message when the challenge fails with a non-API error" time="0.5798743">
        </testcase>
        <testcase classname="test/apps/auth/signin.test.tsx" name="SignInPage — otp method &gt; shows a fixed message on an invalid code" time="0.9004918">
        </testcase>
        <testcase classname="test/apps/auth/signin.test.tsx" name="SignInPage — otp method &gt; shows a generic message when sign-in fails with a non-API error" time="0.9363119">
        </testcase>
        <testcase classname="test/apps/auth/signin.test.tsx" name="SignInPage — otp method &gt; &apos;Use a different contact&apos; returns to the contact step, clearing the code and error" time="0.9833117">
        </testcase>
        <testcase classname="test/apps/auth/signin.test.tsx" name="SignInPage — otp method &gt; &apos;Choose a different method&apos; clears the selected OTP hint" time="0.4543196">
        </testcase>
        <testcase classname="test/apps/auth/signin.test.tsx" name="SignInPage — passkey method &gt; completes the ceremony and redirects to /account" time="0.4528025">
        </testcase>
        <testcase classname="test/apps/auth/signin.test.tsx" name="SignInPage — passkey method &gt; shows a cancellation message on NotAllowedError" time="0.4489856">
        </testcase>
        <testcase classname="test/apps/auth/signin.test.tsx" name="SignInPage — passkey method &gt; shows a fixed message on an ApiRequestError" time="0.4387164">
        </testcase>
        <testcase classname="test/apps/auth/signin.test.tsx" name="SignInPage — passkey method &gt; shows a generic message on a non-API, non-cancellation error" time="0.4204758">
        </testcase>
        <testcase classname="test/apps/auth/signin.test.tsx" name="SignInPage — password method requiring a second factor (/auth/mfa) &gt; shows the account&apos;s registered second-factor methods instead of signing in directly" time="0.5858518">
        </testcase>
        <testcase classname="test/apps/auth/signin.test.tsx" name="SignInPage — password method requiring a second factor (/auth/mfa) &gt; completes sign-in via an authenticator app second factor" time="0.895161">
        </testcase>
        <testcase classname="test/apps/auth/signin.test.tsx" name="SignInPage — password method requiring a second factor (/auth/mfa) &gt; completes sign-in via an OTP second factor, sending the code immediately on selection" time="0.8745314">
        </testcase>
        <testcase classname="test/apps/auth/signin.test.tsx" name="SignInPage — password method requiring a second factor (/auth/mfa) &gt; labels an OTP method generically when the server didn&apos;t include its contact" time="0.5989695">
        </testcase>
        <testcase classname="test/apps/auth/signin.test.tsx" name="SignInPage — password method requiring a second factor (/auth/mfa) &gt; completes sign-in via a hardware key second factor" time="0.7577102">
        </testcase>
        <testcase classname="test/apps/auth/signin.test.tsx" name="SignInPage — password method requiring a second factor (/auth/mfa) &gt; &apos;Choose a different method&apos; returns to the second-factor list without a new challenge request" time="0.7119684">
        </testcase>
        <testcase classname="test/apps/auth/signin.test.tsx" name="SignInPage — password method requiring a second factor (/auth/mfa) &gt; &apos;Use a different account&apos; from the second-factor list returns to the identifier step" time="0.65106">
        </testcase>
        <testcase classname="test/apps/auth/signin.test.tsx" name="SignInPage — password method requiring a second factor (/auth/mfa) &gt; shows an error message when starting the second-factor challenge fails" time="0.6683977">
        </testcase>
        <testcase classname="test/apps/auth/signin.test.tsx" name="SignInPage — password method requiring a second factor (/auth/mfa) &gt; shows a generic message when starting the second-factor challenge fails with a non-API error" time="0.6838744">
        </testcase>
        <testcase classname="test/apps/auth/signin.test.tsx" name="SignInPage — password method requiring a second factor (/auth/mfa) &gt; shows a fixed message on an invalid second-factor code" time="0.8733188">
        </testcase>
        <testcase classname="test/apps/auth/signin.test.tsx" name="SignInPage — password method requiring a second factor (/auth/mfa) &gt; shows a generic message when verifying the second-factor code fails with a non-API error" time="0.872883">
        </testcase>
        <testcase classname="test/apps/auth/signin.test.tsx" name="SignInPage — password method requiring a second factor (/auth/mfa) &gt; shows a cancellation message when the hardware key second-factor ceremony is cancelled" time="0.7370989">
        </testcase>
        <testcase classname="test/apps/auth/signin.test.tsx" name="SignInPage — password method requiring a second factor (/auth/mfa) &gt; shows a generic message when the hardware key second-factor ceremony fails with a non-API error" time="0.7331309">
        </testcase>
        <testcase classname="test/apps/auth/signin.test.tsx" name="SignInPage — password method requiring a second factor (/auth/mfa) &gt; shows a fixed message when the hardware key second-factor verification fails with an ApiRequestError" time="0.7389956">
        </testcase>
        <testcase classname="test/apps/auth/signin.test.tsx" name="SignInPage — fido2 method &gt; completes the ceremony and redirects to /account" time="0.4373719">
        </testcase>
        <testcase classname="test/apps/auth/signin.test.tsx" name="SignInPage — fido2 method &gt; shows a cancellation message on NotAllowedError" time="0.4316393">
        </testcase>
        <testcase classname="test/apps/auth/signin.test.tsx" name="SignInPage — fido2 method &gt; shows a fixed message on an ApiRequestError" time="0.4673252">
        </testcase>
        <testcase classname="test/apps/auth/signin.test.tsx" name="SignInPage — fido2 method &gt; shows a generic message on a non-API, non-cancellation error" time="0.475749">
        </testcase>
    </testsuite>
    <testsuite name="test/apps/auth/signup.test.tsx" timestamp="2026-08-28T19:09:03.055Z" hostname="Jane" tests="36" failures="0" errors="0" skipped="0" time="14.8873003">
        <testcase classname="test/apps/auth/signup.test.tsx" name="SignUpPage — identifier step &gt; submits an e-mail identifier and advances to the code step" time="0.4048124">
        </testcase>
        <testcase classname="test/apps/auth/signup.test.tsx" name="SignUpPage — identifier step &gt; toggles to phone and back, clearing the identifier and swapping labels" time="0.3736873">
        </testcase>
        <testcase classname="test/apps/auth/signup.test.tsx" name="SignUpPage — identifier step &gt; submits a phone identifier" time="0.3749708">
        </testcase>
        <testcase classname="test/apps/auth/signup.test.tsx" name="SignUpPage — identifier step &gt; shows the ApiRequestError message when starting registration fails" time="0.3145753">
        </testcase>
        <testcase classname="test/apps/auth/signup.test.tsx" name="SignUpPage — identifier step &gt; shows a generic message when starting registration fails with a non-API error" time="0.3246599">
        </testcase>
        <testcase classname="test/apps/auth/signup.test.tsx" name="SignUpPage — code step &gt; strips non-digit characters from the code input" time="0.4843237">
        </testcase>
        <testcase classname="test/apps/auth/signup.test.tsx" name="SignUpPage — code step &gt; resends the code without changing steps" time="0.3736795">
        </testcase>
        <testcase classname="test/apps/auth/signup.test.tsx" name="SignUpPage — code step &gt; shows an ApiRequestError message when resending fails" time="0.298611">
        </testcase>
        <testcase classname="test/apps/auth/signup.test.tsx" name="SignUpPage — code step &gt; shows a generic message when resending fails with a non-API error" time="0.3893701">
        </testcase>
        <testcase classname="test/apps/auth/signup.test.tsx" name="SignUpPage — code step &gt; verifies the code and advances to the profile step" time="0.5306364">
        </testcase>
        <testcase classname="test/apps/auth/signup.test.tsx" name="SignUpPage — code step &gt; shows the ApiRequestError message when verification fails" time="0.5322407">
        </testcase>
        <testcase classname="test/apps/auth/signup.test.tsx" name="SignUpPage — code step &gt; shows a generic message when verification fails with a non-API error" time="0.5333797">
        </testcase>
        <testcase classname="test/apps/auth/signup.test.tsx" name="SignUpPage — profile step &gt; creates a profile with no password and redirects to /account" time="1.141813">
        </testcase>
        <testcase classname="test/apps/auth/signup.test.tsx" name="SignUpPage — profile step &gt; creates a username alias when one is provided" time="0.7808976">
        </testcase>
        <testcase classname="test/apps/auth/signup.test.tsx" name="SignUpPage — profile step &gt; does not attempt to create a username alias when left blank" time="0.5314907">
        </testcase>
        <testcase classname="test/apps/auth/signup.test.tsx" name="SignUpPage — profile step &gt; shows the ApiRequestError message when creating the username alias fails" time="0.7143621">
        </testcase>
        <testcase classname="test/apps/auth/signup.test.tsx" name="SignUpPage — profile step &gt; shows the live password criteria checklist once typing starts" time="0.5822838">
        </testcase>
        <testcase classname="test/apps/auth/signup.test.tsx" name="SignUpPage — profile step &gt; blocks submission with an inline error when the password doesn&apos;t meet requirements" time="0.6648453">
        </testcase>
        <testcase classname="test/apps/auth/signup.test.tsx" name="SignUpPage — profile step &gt; re-validates weak-password strength on submit even if force-submitted" time="0.6660702">
        </testcase>
        <testcase classname="test/apps/auth/signup.test.tsx" name="SignUpPage — profile step &gt; shows a mismatch error and blocks submission when confirmation doesn&apos;t match" time="0.9648039">
        </testcase>
        <testcase classname="test/apps/auth/signup.test.tsx" name="SignUpPage — profile step &gt; re-validates the mismatch on submit even if the (normally disabled) form is force-submitted" time="1.0151527">
        </testcase>
        <testcase classname="test/apps/auth/signup.test.tsx" name="SignUpPage — profile step &gt; creates a profile and a password secret when a valid password is confirmed" time="1.027725">
        </testcase>
        <testcase classname="test/apps/auth/signup.test.tsx" name="SignUpPage — profile step &gt; shows the ApiRequestError message when profile creation fails" time="0.5988697">
        </testcase>
        <testcase classname="test/apps/auth/signup.test.tsx" name="SignUpPage — profile step &gt; shows a generic message when profile creation fails with a non-API error" time="0.5767549">
        </testcase>
        <testcase classname="test/apps/auth/signup.test.tsx" name="SignUpPage — fetchProps (sign-in hand-off query params) &gt; passes through a recognized type, the id, and autosend:true" time="0.0004256">
        </testcase>
        <testcase classname="test/apps/auth/signup.test.tsx" name="SignUpPage — fetchProps (sign-in hand-off query params) &gt; recognizes phone as well as email" time="0.0001208">
        </testcase>
        <testcase classname="test/apps/auth/signup.test.tsx" name="SignUpPage — fetchProps (sign-in hand-off query params) &gt; ignores an unrecognized type value" time="0.0001273">
        </testcase>
        <testcase classname="test/apps/auth/signup.test.tsx" name="SignUpPage — fetchProps (sign-in hand-off query params) &gt; defaults autoSend to false and identifier fields to undefined with no query params" time="0.0001111">
        </testcase>
        <testcase classname="test/apps/auth/signup.test.tsx" name="SignUpPage — fetchProps (sign-in hand-off query params) &gt; ignores a non-string id (e.g. a repeated query param parsed as an array)" time="0.0000951">
        </testcase>
        <testcase classname="test/apps/auth/signup.test.tsx" name="SignUpPage — auto-send hand-off from sign-in &gt; sends the code immediately on mount and jumps straight to the code step (e-mail)" time="0.0117192">
        </testcase>
        <testcase classname="test/apps/auth/signup.test.tsx" name="SignUpPage — auto-send hand-off from sign-in &gt; sends the code immediately on mount and jumps straight to the code step (phone)" time="0.0145638">
        </testcase>
        <testcase classname="test/apps/auth/signup.test.tsx" name="SignUpPage — auto-send hand-off from sign-in &gt; defaults to email when autoSend is set but no type was given" time="0.0166264">
        </testcase>
        <testcase classname="test/apps/auth/signup.test.tsx" name="SignUpPage — auto-send hand-off from sign-in &gt; shows the ApiRequestError message and stays on a prefilled identifier step when the auto-send fails" time="0.0150827">
        </testcase>
        <testcase classname="test/apps/auth/signup.test.tsx" name="SignUpPage — auto-send hand-off from sign-in &gt; shows a generic message when the auto-send fails with a non-API error" time="0.0145385">
        </testcase>
        <testcase classname="test/apps/auth/signup.test.tsx" name="SignUpPage — auto-send hand-off from sign-in &gt; prefills the identifier step without auto-sending when autoSend is not set" time="0.0023171">
        </testcase>
        <testcase classname="test/apps/auth/signup.test.tsx" name="SignUpPage — password requirements fetch failure &gt; keeps the fallback requirements when GET /secrets/password fails" time="0.6090439">
        </testcase>
    </testsuite>
    <testsuite name="test/apps/_components/ElevationHost.test.tsx" timestamp="2026-08-28T19:09:03.059Z" hostname="Jane" tests="23" failures="0" errors="0" skipped="0" time="2.8263492">
        <testcase classname="test/apps/_components/ElevationHost.test.tsx" name="ElevationHost — closed &gt; renders nothing until an elevation is requested" time="0.0162466">
        </testcase>
        <testcase classname="test/apps/_components/ElevationHost.test.tsx" name="ElevationHost — closed &gt; renders nothing server-side, regardless of client state, via useSyncExternalStore&apos;s server snapshot" time="0.0027718">
        </testcase>
        <testcase classname="test/apps/_components/ElevationHost.test.tsx" name="ElevationHost — loading methods &gt; lists the caller&apos;s enrolled methods once loaded" time="0.0952908">
        </testcase>
        <testcase classname="test/apps/_components/ElevationHost.test.tsx" name="ElevationHost — loading methods &gt; falls back to the password form when the caller has no enrolled methods" time="0.0160694">
        </testcase>
        <testcase classname="test/apps/_components/ElevationHost.test.tsx" name="ElevationHost — loading methods &gt; shows the ApiRequestError message when loading methods fails" time="0.0155278">
        </testcase>
        <testcase classname="test/apps/_components/ElevationHost.test.tsx" name="ElevationHost — loading methods &gt; shows a generic message when loading methods fails with a non-API error" time="0.0157219">
        </testcase>
        <testcase classname="test/apps/_components/ElevationHost.test.tsx" name="ElevationHost — loading methods &gt; reloads fresh methods each time a new elevation is requested" time="0.0314421">
        </testcase>
        <testcase classname="test/apps/_components/ElevationHost.test.tsx" name="ElevationHost — totp/otp code challenge &gt; completes elevation via TOTP and resolves the pending promise true" time="0.282156">
        </testcase>
        <testcase classname="test/apps/_components/ElevationHost.test.tsx" name="ElevationHost — totp/otp code challenge &gt; labels the code field as a one-time code for an otp method" time="0.0921862">
        </testcase>
        <testcase classname="test/apps/_components/ElevationHost.test.tsx" name="ElevationHost — totp/otp code challenge &gt; shows a fixed message on an invalid/expired code" time="0.2981162">
        </testcase>
        <testcase classname="test/apps/_components/ElevationHost.test.tsx" name="ElevationHost — totp/otp code challenge &gt; shows a generic message when code verification fails with a non-API error" time="0.2947301">
        </testcase>
        <testcase classname="test/apps/_components/ElevationHost.test.tsx" name="ElevationHost — totp/otp code challenge &gt; shows an error and stays on the method list when beginning the challenge fails" time="0.0652555">
        </testcase>
        <testcase classname="test/apps/_components/ElevationHost.test.tsx" name="ElevationHost — totp/otp code challenge &gt; shows a generic message when beginning the challenge fails with a non-API error" time="0.0755455">
        </testcase>
        <testcase classname="test/apps/_components/ElevationHost.test.tsx" name="ElevationHost — fido2 challenge &gt; completes elevation via a hardware key and resolves the pending promise true" time="0.1299961">
        </testcase>
        <testcase classname="test/apps/_components/ElevationHost.test.tsx" name="ElevationHost — fido2 challenge &gt; shows a cancellation message on NotAllowedError" time="0.143153">
        </testcase>
        <testcase classname="test/apps/_components/ElevationHost.test.tsx" name="ElevationHost — fido2 challenge &gt; shows a fixed message when completion fails with an ApiRequestError" time="0.1683875">
        </testcase>
        <testcase classname="test/apps/_components/ElevationHost.test.tsx" name="ElevationHost — fido2 challenge &gt; shows a generic message when the ceremony fails with a non-API, non-cancellation error" time="0.1407728">
        </testcase>
        <testcase classname="test/apps/_components/ElevationHost.test.tsx" name="ElevationHost — password fallback &gt; completes elevation via password and resolves the pending promise true" time="0.2368519">
        </testcase>
        <testcase classname="test/apps/_components/ElevationHost.test.tsx" name="ElevationHost — password fallback &gt; shows a fixed message on an incorrect password" time="0.1862036">
        </testcase>
        <testcase classname="test/apps/_components/ElevationHost.test.tsx" name="ElevationHost — password fallback &gt; shows a generic message when password elevation fails with a non-API error" time="0.2043684">
        </testcase>
        <testcase classname="test/apps/_components/ElevationHost.test.tsx" name="ElevationHost — navigation and cancellation &gt; &apos;Choose a different method&apos; is offered with multiple methods and returns to the list without a new request" time="0.130889">
        </testcase>
        <testcase classname="test/apps/_components/ElevationHost.test.tsx" name="ElevationHost — navigation and cancellation &gt; does not offer &apos;Choose a different method&apos; when only one method is enrolled" time="0.0902168">
        </testcase>
        <testcase classname="test/apps/_components/ElevationHost.test.tsx" name="ElevationHost — navigation and cancellation &gt; &apos;Cancel&apos; resolves the pending promise false and closes the prompt" time="0.0921193">
        </testcase>
    </testsuite>
    <testsuite name="test/apps/_lib/api.test.ts" timestamp="2026-08-28T19:09:03.063Z" hostname="Jane" tests="86" failures="0" errors="0" skipped="0" time="0.0318801">
        <testcase classname="test/apps/_lib/api.test.ts" name="ApiRequestError &gt; carries status and code" time="0.0011637">
        </testcase>
        <testcase classname="test/apps/_lib/api.test.ts" name="ApiRequestError &gt; code is optional" time="0.0001627">
        </testcase>
        <testcase classname="test/apps/_lib/api.test.ts" name="logout &gt; posts to /auth/logout, which clears the server-set jwt cookie" time="0.0026316">
        </testcase>
        <testcase classname="test/apps/_lib/api.test.ts" name="logout &gt; does not throw if the network call fails, so callers can still redirect" time="0.0005991">
        </testcase>
        <testcase classname="test/apps/_lib/api.test.ts" name="apiFetch &gt; prefixes the path with /api and parses a JSON response" time="0.0019479">
        </testcase>
        <testcase classname="test/apps/_lib/api.test.ts" name="apiFetch &gt; leaves a caller-supplied Authorization header untouched" time="0.0002602">
        </testcase>
        <testcase classname="test/apps/_lib/api.test.ts" name="apiFetch &gt; sends no Authorization header by default (auth rides the jwt cookie instead)" time="0.00331">
        </testcase>
        <testcase classname="test/apps/_lib/api.test.ts" name="apiFetch &gt; returns undefined for a non-JSON response body" time="0.0001878">
        </testcase>
        <testcase classname="test/apps/_lib/api.test.ts" name="apiFetch &gt; treats an unparseable JSON body as no body" time="0.0002421">
        </testcase>
        <testcase classname="test/apps/_lib/api.test.ts" name="apiFetch &gt; throws ApiRequestError using the body&apos;s message field on a non-ok response" time="0.0007405">
        </testcase>
        <testcase classname="test/apps/_lib/api.test.ts" name="apiFetch &gt; falls back to the body&apos;s error field when message is absent" time="0.0002885">
        </testcase>
        <testcase classname="test/apps/_lib/api.test.ts" name="apiFetch &gt; falls back to statusText when the error response has no JSON body" time="0.0002238">
        </testcase>
        <testcase classname="test/apps/_lib/api.test.ts" name="apiFetch &gt; falls back to a generic message when there is no body and no statusText" time="0.0002205">
        </testcase>
        <testcase classname="test/apps/_lib/api.test.ts" name="apiFetch &gt; AUTH_REQUIRES_ELEVATION handling &gt; prompts for elevation, then transparently retries the original request once it succeeds" time="0.0004498">
        </testcase>
        <testcase classname="test/apps/_lib/api.test.ts" name="apiFetch &gt; AUTH_REQUIRES_ELEVATION handling &gt; throws the original error when the user cancels the elevation prompt" time="0.0003202">
        </testcase>
        <testcase classname="test/apps/_lib/api.test.ts" name="apiFetch &gt; AUTH_REQUIRES_ELEVATION handling &gt; retries at most once — a repeat AUTH_REQUIRES_ELEVATION on the retry is thrown as-is" time="0.000388">
        </testcase>
        <testcase classname="test/apps/_lib/api.test.ts" name="apiFetch &gt; AUTH_REQUIRES_ELEVATION handling &gt; never prompts for elevation on the /auth/elevation endpoint itself, to avoid a recursive prompt" time="0.0003257">
        </testcase>
        <testcase classname="test/apps/_lib/api.test.ts" name="elevation &gt; listElevationMethods fetches /auth/elevation" time="0.0002831">
        </testcase>
        <testcase classname="test/apps/_lib/api.test.ts" name="elevation &gt; beginElevationChallenge posts the selected methodId" time="0.0002996">
        </testcase>
        <testcase classname="test/apps/_lib/api.test.ts" name="elevation &gt; completeElevationChallenge posts the submitted token" time="0.0003029">
        </testcase>
        <testcase classname="test/apps/_lib/api.test.ts" name="elevation &gt; completeElevationFido2 posts the assertion response directly" time="0.000294">
        </testcase>
        <testcase classname="test/apps/_lib/api.test.ts" name="elevation &gt; elevateWithPassword posts the resubmitted password" time="0.0002869">
        </testcase>
        <testcase classname="test/apps/_lib/api.test.ts" name="registration &gt; beginRegistration sends an email identifier" time="0.0002655">
        </testcase>
        <testcase classname="test/apps/_lib/api.test.ts" name="registration &gt; beginRegistration sends a phone identifier" time="0.0002447">
        </testcase>
        <testcase classname="test/apps/_lib/api.test.ts" name="registration &gt; verifyRegistration sends the identifier and code together" time="0.000286">
        </testcase>
        <testcase classname="test/apps/_lib/api.test.ts" name="getCurrentUser &gt; fetches /users/me" time="0.0003824">
        </testcase>
        <testcase classname="test/apps/_lib/api.test.ts" name="refreshAccessToken &gt; posts to /auth/refresh with no body — the server reads the refresh cookie itself" time="0.000601">
        </testcase>
        <testcase classname="test/apps/_lib/api.test.ts" name="updateSelfUser &gt; PUTs the input to /users/me" time="0.0003091">
        </testcase>
        <testcase classname="test/apps/_lib/api.test.ts" name="profile &gt; createProfile posts the input" time="0.0002526">
        </testcase>
        <testcase classname="test/apps/_lib/api.test.ts" name="profile &gt; getProfile fetches /profiles/me" time="0.0002259">
        </testcase>
        <testcase classname="test/apps/_lib/api.test.ts" name="profile &gt; updateProfile PUTs to /profiles/me with the input" time="0.0002752">
        </testcase>
        <testcase classname="test/apps/_lib/api.test.ts" name="password &gt; createPasswordSecret posts a password-type secret" time="0.0002442">
        </testcase>
        <testcase classname="test/apps/_lib/api.test.ts" name="password &gt; createPasswordSecret includes a top-level hint when one is given" time="0.0002394">
        </testcase>
        <testcase classname="test/apps/_lib/api.test.ts" name="password &gt; getPasswordRequirements fetches /secrets/password" time="0.0002612">
        </testcase>
        <testcase classname="test/apps/_lib/api.test.ts" name="password &gt; signInWithPassword posts id/password as JSON to /auth/mfa" time="0.0002995">
        </testcase>
        <testcase classname="test/apps/_lib/api.test.ts" name="password &gt; signInWithPassword resolves an MfaChallenge instead when the account has a second factor" time="0.0002023">
        </testcase>
        <testcase classname="test/apps/_lib/api.test.ts" name="isMfaChallenge &gt; is true for a {uid, methods} phase-1 response" time="0.000116">
        </testcase>
        <testcase classname="test/apps/_lib/api.test.ts" name="isMfaChallenge &gt; is false for a completed AuthResult" time="0.0000987">
        </testcase>
        <testcase classname="test/apps/_lib/api.test.ts" name="mfa second-factor challenge &gt; beginMfaChallenge posts id/methodId to /auth/mfa" time="0.0002295">
        </testcase>
        <testcase classname="test/apps/_lib/api.test.ts" name="mfa second-factor challenge &gt; verifyMfaCode posts id/token to /auth/mfa" time="0.0002766">
        </testcase>
        <testcase classname="test/apps/_lib/api.test.ts" name="mfa second-factor challenge &gt; verifyMfaFido2 posts the assertion response directly to /auth/mfa" time="0.0002814">
        </testcase>
        <testcase classname="test/apps/_lib/api.test.ts" name="totp sign-in &gt; signInWithTotp posts the id and token" time="0.0002502">
        </testcase>
        <testcase classname="test/apps/_lib/api.test.ts" name="passkey sign-in &gt; getPasskeyChallenge omits the query string with no uid" time="0.0002279">
        </testcase>
        <testcase classname="test/apps/_lib/api.test.ts" name="passkey sign-in &gt; getPasskeyChallenge appends an encoded uid query param" time="0.0002213">
        </testcase>
        <testcase classname="test/apps/_lib/api.test.ts" name="passkey sign-in &gt; verifyPasskeySignIn posts the assertion response" time="0.0002313">
        </testcase>
        <testcase classname="test/apps/_lib/api.test.ts" name="fido2 sign-in &gt; getFido2Challenge omits the query string with no uid" time="0.0002227">
        </testcase>
        <testcase classname="test/apps/_lib/api.test.ts" name="fido2 sign-in &gt; getFido2Challenge appends an encoded uid query param" time="0.0002154">
        </testcase>
        <testcase classname="test/apps/_lib/api.test.ts" name="fido2 sign-in &gt; verifyFido2SignIn posts the assertion response" time="0.0002455">
        </testcase>
        <testcase classname="test/apps/_lib/api.test.ts" name="aliases &gt; listAliases fetches /aliases" time="0.0002186">
        </testcase>
        <testcase classname="test/apps/_lib/api.test.ts" name="aliases &gt; createAlias posts type/alias/verified:false" time="0.0002819">
        </testcase>
        <testcase classname="test/apps/_lib/api.test.ts" name="aliases &gt; deleteAlias DELETEs the encoded uid" time="0.0001944">
        </testcase>
        <testcase classname="test/apps/_lib/api.test.ts" name="aliases &gt; createAlias posts verified:true when explicitly passed" time="0.0002258">
        </testcase>
        <testcase classname="test/apps/_lib/api.test.ts" name="aliases &gt; createUsernameAlias posts a verified name-type alias" time="0.0002241">
        </testcase>
        <testcase classname="test/apps/_lib/api.test.ts" name="aliases &gt; updateUsernameAlias deletes the old alias then creates the new one" time="0.0003664">
        </testcase>
        <testcase classname="test/apps/_lib/api.test.ts" name="auth discovery &gt; discoverAuthMethods fetches /auth/discover with an encoded id" time="0.0002809">
        </testcase>
        <testcase classname="test/apps/_lib/api.test.ts" name="OAuth sign-in &gt; getOAuthAuthorizeURL fetches /auth/&lt;provider&gt; with no_redirect=true and an encoded state" time="0.0002822">
        </testcase>
        <testcase classname="test/apps/_lib/api.test.ts" name="OAuth sign-in &gt; getOAuthAuthorizeURL encodes a state value that needs it" time="0.0002123">
        </testcase>
        <testcase classname="test/apps/_lib/api.test.ts" name="OAuth sign-in &gt; completeOAuthSignIn forwards the full callback query string to /auth/&lt;provider&gt;" time="0.0002588">
        </testcase>
        <testcase classname="test/apps/_lib/api.test.ts" name="otp sign-in &gt; getOtpChallenge posts only the id (no token)" time="0.0002294">
        </testcase>
        <testcase classname="test/apps/_lib/api.test.ts" name="otp sign-in &gt; signInWithOtp posts the id and token" time="0.0002534">
        </testcase>
        <testcase classname="test/apps/_lib/api.test.ts" name="contact verification &gt; verifyContact posts the contact and token" time="0.0002375">
        </testcase>
        <testcase classname="test/apps/_lib/api.test.ts" name="contact verification &gt; resendContactVerificationCode GETs the sendCode endpoint with an encoded contact query param" time="0.0001976">
        </testcase>
        <testcase classname="test/apps/_lib/api.test.ts" name="secrets &gt; listSecrets fetches /secrets" time="0.000205">
        </testcase>
        <testcase classname="test/apps/_lib/api.test.ts" name="secrets &gt; deleteSecret DELETEs the encoded uid" time="0.0001818">
        </testcase>
        <testcase classname="test/apps/_lib/api.test.ts" name="secrets &gt; updateSecret PUTs the encoded uid with data/hint" time="0.0002618">
        </testcase>
        <testcase classname="test/apps/_lib/api.test.ts" name="secrets &gt; updateSecret can update just the hint, with no data" time="0.0002184">
        </testcase>
        <testcase classname="test/apps/_lib/api.test.ts" name="secrets &gt; createTotpSecret posts a totp-type secret with no data" time="0.000315">
        </testcase>
        <testcase classname="test/apps/_lib/api.test.ts" name="secrets &gt; createTotpSecret includes a top-level hint when one is given" time="0.0002192">
        </testcase>
        <testcase classname="test/apps/_lib/api.test.ts" name="secrets &gt; getPasskeyRegistrationOptions fetches /secrets/passkey/register" time="0.0002039">
        </testcase>
        <testcase classname="test/apps/_lib/api.test.ts" name="secrets &gt; registerPasskey posts a passkey-type secret with the response as data" time="0.0002308">
        </testcase>
        <testcase classname="test/apps/_lib/api.test.ts" name="secrets &gt; registerPasskey includes a top-level hint when one is given" time="0.0002212">
        </testcase>
        <testcase classname="test/apps/_lib/api.test.ts" name="secrets &gt; getFido2RegistrationOptions fetches /secrets/fido2/register" time="0.0002004">
        </testcase>
        <testcase classname="test/apps/_lib/api.test.ts" name="secrets &gt; registerFido2 posts a fido2-type secret with the response as data" time="0.0002459">
        </testcase>
        <testcase classname="test/apps/_lib/api.test.ts" name="secrets &gt; registerFido2 includes a top-level hint when one is given" time="0.0002179">
        </testcase>
        <testcase classname="test/apps/_lib/api.test.ts" name="hasSecondFactor &gt; is true when a totp secret is registered" time="0.0001562">
        </testcase>
        <testcase classname="test/apps/_lib/api.test.ts" name="hasSecondFactor &gt; is true when a fido2 secret is registered" time="0.0000856">
        </testcase>
        <testcase classname="test/apps/_lib/api.test.ts" name="hasSecondFactor &gt; is true when a verified email/phone alias exists (OTP-eligible)" time="0.0000853">
        </testcase>
        <testcase classname="test/apps/_lib/api.test.ts" name="hasSecondFactor &gt; is false for a password secret alone" time="0.0001013">
        </testcase>
        <testcase classname="test/apps/_lib/api.test.ts" name="hasSecondFactor &gt; is false for a passkey secret alone — not accepted as a /auth/mfa second factor" time="0.0000848">
        </testcase>
        <testcase classname="test/apps/_lib/api.test.ts" name="hasSecondFactor &gt; is false for an unverified email alias" time="0.0000886">
        </testcase>
        <testcase classname="test/apps/_lib/api.test.ts" name="hasSecondFactor &gt; is false for a verified username alias (not OTP-eligible)" time="0.0001061">
        </testcase>
        <testcase classname="test/apps/_lib/api.test.ts" name="hasSecondFactor &gt; is false for null secrets/aliases" time="0.0000956">
        </testcase>
        <testcase classname="test/apps/_lib/api.test.ts" name="account &gt; getAccount defaults to fetching /accounts/me" time="0.000278">
        </testcase>
        <testcase classname="test/apps/_lib/api.test.ts" name="account &gt; getAccount fetches the encoded uid when one is given" time="0.0002255">
        </testcase>
        <testcase classname="test/apps/_lib/api.test.ts" name="account &gt; deleteAccount defaults to DELETEing /accounts/me" time="0.0001844">
        </testcase>
        <testcase classname="test/apps/_lib/api.test.ts" name="account &gt; deleteAccount DELETEs the encoded uid when one is given" time="0.0001816">
        </testcase>
    </testsuite>
    <testsuite name="test/apps/_lib/elevation.test.ts" timestamp="2026-08-28T19:09:03.070Z" hostname="Jane" tests="9" failures="0" errors="0" skipped="0" time="0.008172">
        <testcase classname="test/apps/_lib/elevation.test.ts" name="isElevationRequested &gt; is false when nothing is pending" time="0.0012427">
        </testcase>
        <testcase classname="test/apps/_lib/elevation.test.ts" name="requestElevation &gt; flips isElevationRequested to true and notifies subscribers" time="0.0006143">
        </testcase>
        <testcase classname="test/apps/_lib/elevation.test.ts" name="requestElevation &gt; concurrent calls share the same promise and outcome" time="0.0009447">
        </testcase>
        <testcase classname="test/apps/_lib/elevation.test.ts" name="requestElevation &gt; a fresh call after resolution starts a new, independent promise" time="0.0030477">
        </testcase>
        <testcase classname="test/apps/_lib/elevation.test.ts" name="resolveElevation &gt; resolves the pending promise with true and flips isElevationRequested back to false" time="0.0001388">
        </testcase>
        <testcase classname="test/apps/_lib/elevation.test.ts" name="resolveElevation &gt; resolves the pending promise with false" time="0.0000987">
        </testcase>
        <testcase classname="test/apps/_lib/elevation.test.ts" name="resolveElevation &gt; notifies subscribers" time="0.0001086">
        </testcase>
        <testcase classname="test/apps/_lib/elevation.test.ts" name="resolveElevation &gt; is a no-op when nothing is pending" time="0.0005451">
        </testcase>
        <testcase classname="test/apps/_lib/elevation.test.ts" name="subscribeElevation &gt; stops notifying once unsubscribed" time="0.0002374">
        </testcase>
    </testsuite>
    <testsuite name="test/apps/_lib/identifier.test.ts" timestamp="2026-08-28T19:09:03.074Z" hostname="Jane" tests="8" failures="0" errors="0" skipped="0" time="0.0028307">
        <testcase classname="test/apps/_lib/identifier.test.ts" name="guessIdentifierType &gt; recognizes a plain e-mail address" time="0.001033">
        </testcase>
        <testcase classname="test/apps/_lib/identifier.test.ts" name="guessIdentifierType &gt; trims surrounding whitespace before classifying" time="0.0001236">
        </testcase>
        <testcase classname="test/apps/_lib/identifier.test.ts" name="guessIdentifierType &gt; recognizes an E.164-style phone number" time="0.0002504">
        </testcase>
        <testcase classname="test/apps/_lib/identifier.test.ts" name="guessIdentifierType &gt; recognizes a phone number with punctuation and spaces" time="0.0000952">
        </testcase>
        <testcase classname="test/apps/_lib/identifier.test.ts" name="guessIdentifierType &gt; rejects a phone-shaped string with too few digits" time="0.0000771">
        </testcase>
        <testcase classname="test/apps/_lib/identifier.test.ts" name="guessIdentifierType &gt; returns undefined for a plain username/account ID" time="0.0000638">
        </testcase>
        <testcase classname="test/apps/_lib/identifier.test.ts" name="guessIdentifierType &gt; returns undefined for an empty string" time="0.0000504">
        </testcase>
        <testcase classname="test/apps/_lib/identifier.test.ts" name="guessIdentifierType &gt; returns undefined for an e-mail-shaped string missing a domain dot" time="0.0000544">
        </testcase>
    </testsuite>
    <testsuite name="test/apps/_lib/Modal.test.tsx" timestamp="2026-08-28T19:09:03.075Z" hostname="Jane" tests="10" failures="0" errors="0" skipped="0" time="0.4948607">
        <testcase classname="test/apps/_lib/Modal.test.tsx" name="Modal &gt; renders nothing when closed" time="0.0171889">
        </testcase>
        <testcase classname="test/apps/_lib/Modal.test.tsx" name="Modal &gt; renders its title and children into a portal on document.body when open" time="0.0562249">
        </testcase>
        <testcase classname="test/apps/_lib/Modal.test.tsx" name="Modal &gt; calls onClose when the backdrop is clicked" time="0.0444309">
        </testcase>
        <testcase classname="test/apps/_lib/Modal.test.tsx" name="Modal &gt; does not call onClose when the dialog body itself is clicked" time="0.0625362">
        </testcase>
        <testcase classname="test/apps/_lib/Modal.test.tsx" name="Modal &gt; calls onClose when the close button is clicked" time="0.0466318">
        </testcase>
        <testcase classname="test/apps/_lib/Modal.test.tsx" name="Modal &gt; calls onClose when Escape is pressed" time="0.0478837">
        </testcase>
        <testcase classname="test/apps/_lib/Modal.test.tsx" name="Modal &gt; does not call onClose for a non-Escape key" time="0.045132">
        </testcase>
        <testcase classname="test/apps/_lib/Modal.test.tsx" name="Modal &gt; does not attempt to restore focus to a previously-focused element that isn&apos;t an HTMLElement" time="0.0326047">
        </testcase>
        <testcase classname="test/apps/_lib/Modal.test.tsx" name="Modal &gt; moves focus into the dialog on open and restores it to the trigger on close" time="0.1090308">
        </testcase>
        <testcase classname="test/apps/_lib/Modal.test.tsx" name="Modal &gt; stops listening for Escape after unmount" time="0.0310359">
        </testcase>
    </testsuite>
    <testsuite name="test/apps/_lib/passwordCriteria.test.tsx" timestamp="2026-08-28T19:09:03.075Z" hostname="Jane" tests="5" failures="0" errors="0" skipped="0" time="0.0251041">
        <testcase classname="test/apps/_lib/passwordCriteria.test.tsx" name="buildPasswordCriteria &gt; always includes the minimum-length criterion" time="0.0014316">
        </testcase>
        <testcase classname="test/apps/_lib/passwordCriteria.test.tsx" name="buildPasswordCriteria &gt; adds a criterion per enabled requirement, each testing correctly" time="0.0004467">
        </testcase>
        <testcase classname="test/apps/_lib/passwordCriteria.test.tsx" name="buildPasswordCriteria &gt; escapes regex-special characters in special_chars (]^-\) safely" time="0.0002182">
        </testcase>
        <testcase classname="test/apps/_lib/passwordCriteria.test.tsx" name="isPasswordValid &gt; is true only when every criterion passes" time="0.0001397">
        </testcase>
        <testcase classname="test/apps/_lib/passwordCriteria.test.tsx" name="PasswordCriteriaList &gt; renders a checkmark for met criteria and none for unmet ones" time="0.0210293">
        </testcase>
    </testsuite>
    <testsuite name="test/apps/_lib/useSessionRefresh.test.ts" timestamp="2026-08-28T19:09:03.076Z" hostname="Jane" tests="12" failures="0" errors="0" skipped="0" time="0.1235649">
        <testcase classname="test/apps/_lib/useSessionRefresh.test.ts" name="useSessionRefresh — no userUid (no access-token cookie seen server-side) &gt; attempts a silent refresh and reloads the page on success" time="0.0279257">
        </testcase>
        <testcase classname="test/apps/_lib/useSessionRefresh.test.ts" name="useSessionRefresh — no userUid (no access-token cookie seen server-side) &gt; redirects to sign-in when the silent refresh fails (no valid refresh token)" time="0.0776545">
        </testcase>
        <testcase classname="test/apps/_lib/useSessionRefresh.test.ts" name="useSessionRefresh — no userUid (no access-token cookie seen server-side) &gt; does not act on a stale response after unmount" time="0.0009616">
        </testcase>
        <testcase classname="test/apps/_lib/useSessionRefresh.test.ts" name="useSessionRefresh — no userUid (no access-token cookie seen server-side) &gt; does not act on a stale rejection after unmount" time="0.0007656">
        </testcase>
        <testcase classname="test/apps/_lib/useSessionRefresh.test.ts" name="useSessionRefresh — with userUid (already authenticated) &gt; does not attempt a refresh immediately" time="0.0007552">
        </testcase>
        <testcase classname="test/apps/_lib/useSessionRefresh.test.ts" name="useSessionRefresh — with userUid (already authenticated) &gt; refreshes on a recurring timer comfortably inside the 1-hour access token lifetime" time="0.0021932">
        </testcase>
        <testcase classname="test/apps/_lib/useSessionRefresh.test.ts" name="useSessionRefresh — with userUid (already authenticated) &gt; redirects to sign-in immediately if a scheduled refresh is rejected as unauthorized (refresh token expired/revoked)" time="0.0011048">
        </testcase>
        <testcase classname="test/apps/_lib/useSessionRefresh.test.ts" name="useSessionRefresh — with userUid (already authenticated) &gt; retries instead of redirecting on a transient (non-auth) failure, and does not redirect once a retry succeeds" time="0.0008767">
        </testcase>
        <testcase classname="test/apps/_lib/useSessionRefresh.test.ts" name="useSessionRefresh — with userUid (already authenticated) &gt; redirects to sign-in once transient-failure retries are exhausted" time="0.0009707">
        </testcase>
        <testcase classname="test/apps/_lib/useSessionRefresh.test.ts" name="useSessionRefresh — with userUid (already authenticated) &gt; does not redirect or schedule a retry for a stale rejection that arrives after unmount" time="0.0037908">
        </testcase>
        <testcase classname="test/apps/_lib/useSessionRefresh.test.ts" name="useSessionRefresh — with userUid (already authenticated) &gt; clears the timer on unmount, so no refresh fires afterward" time="0.0005757">
        </testcase>
        <testcase classname="test/apps/_lib/useSessionRefresh.test.ts" name="useSessionRefresh — with userUid (already authenticated) &gt; restarts the timer if userUid changes" time="0.0009635">
        </testcase>
    </testsuite>
    <testsuite name="test/apps/admin/users/detail.ssr.test.tsx" timestamp="2026-08-28T19:09:03.077Z" hostname="Jane" tests="2" failures="0" errors="0" skipped="0" time="0.0109173">
        <testcase classname="test/apps/admin/users/detail.ssr.test.tsx" name="UserDetailPage SSR guard (no window) &gt; renders without throwing when there is no window global" time="0.0097385">
        </testcase>
        <testcase classname="test/apps/admin/users/detail.ssr.test.tsx" name="UserDetailPage SSR guard (no window) &gt; readTargetUid() returns null when there is no window global" time="0.0001645">
        </testcase>
    </testsuite>
    <testsuite name="test/apps/admin/users/detail.test.tsx" timestamp="2026-08-28T19:09:03.077Z" hostname="Jane" tests="8" failures="0" errors="0" skipped="0" time="0.8228296">
        <testcase classname="test/apps/admin/users/detail.test.tsx" name="UserDetailPage &gt; shows a message when no uid was specified" time="0.0416674">
        </testcase>
        <testcase classname="test/apps/admin/users/detail.test.tsx" name="UserDetailPage &gt; loads and renders the target account&apos;s overview" time="0.0246256">
        </testcase>
        <testcase classname="test/apps/admin/users/detail.test.tsx" name="UserDetailPage &gt; shows an error when the account fails to load" time="0.0203359">
        </testcase>
        <testcase classname="test/apps/admin/users/detail.test.tsx" name="UserDetailPage &gt; shows a generic error for a non-API load failure" time="0.0092164">
        </testcase>
        <testcase classname="test/apps/admin/users/detail.test.tsx" name="UserDetailPage &gt; deletes the account via the danger-zone modal and redirects to /admin" time="0.2261405">
        </testcase>
        <testcase classname="test/apps/admin/users/detail.test.tsx" name="UserDetailPage &gt; shows an error in the modal when deletion fails, without redirecting" time="0.1541712">
        </testcase>
        <testcase classname="test/apps/admin/users/detail.test.tsx" name="UserDetailPage &gt; shows a generic message in the modal when deletion fails with a non-API error" time="0.187228">
        </testcase>
        <testcase classname="test/apps/admin/users/detail.test.tsx" name="UserDetailPage &gt; closes the delete modal without deleting when Cancel is clicked" time="0.1574424">
        </testcase>
    </testsuite>
    <testsuite name="test/apps/admin/users/new.test.tsx" timestamp="2026-08-28T19:09:03.078Z" hostname="Jane" tests="2" failures="0" errors="0" skipped="0" time="0.4616748">
        <testcase classname="test/apps/admin/users/new.test.tsx" name="NewUserPage &gt; renders the create-user form once authorized" time="0.1082597">
        </testcase>
        <testcase classname="test/apps/admin/users/new.test.tsx" name="NewUserPage &gt; redirects to the new account&apos;s detail page once created" time="0.351512">
        </testcase>
    </testsuite>
    <testsuite name="test/apps/admin/_components/AdminShell.test.tsx" timestamp="2026-08-28T19:09:03.078Z" hostname="Jane" tests="7" failures="0" errors="0" skipped="0" time="0.6756936">
        <testcase classname="test/apps/admin/_components/AdminShell.test.tsx" name="AdminShell &gt; attempts a silent refresh when there is no userUid, redirecting to /auth/signin when it fails" time="0.0750653">
        </testcase>
        <testcase classname="test/apps/admin/_components/AdminShell.test.tsx" name="AdminShell &gt; reloads the page when a silent refresh succeeds with no userUid" time="0.0699144">
        </testcase>
        <testcase classname="test/apps/admin/_components/AdminShell.test.tsx" name="AdminShell &gt; shows an access-denied message when ensureElevated() rejects with api-103 (AUTH_REQUIRES_TRUSTED_ROLE) — a hard denial, not something re-elevating can fix" time="0.0150509">
        </testcase>
        <testcase classname="test/apps/admin/_components/AdminShell.test.tsx" name="AdminShell &gt; shows an error message when the authorization check fails for a reason other than api-103" time="0.0159102">
        </testcase>
        <testcase classname="test/apps/admin/_components/AdminShell.test.tsx" name="AdminShell &gt; shows a generic error message when the authorization check fails with a non-API error" time="0.0146297">
        </testcase>
        <testcase classname="test/apps/admin/_components/AdminShell.test.tsx" name="AdminShell &gt; renders the nav chrome and children once elevated and authorized, and signs out" time="0.139178">
        </testcase>
        <testcase classname="test/apps/admin/_components/AdminShell.test.tsx" name="AdminShell &gt; does not render admin content until the elevation prompt (triggered by ensureElevated()&apos;s api-104) is satisfied" time="0.3439419">
        </testcase>
    </testsuite>
    <testsuite name="test/apps/admin/_components/CreateUserForm.test.tsx" timestamp="2026-08-28T19:09:03.079Z" hostname="Jane" tests="7" failures="0" errors="0" skipped="0" time="3.6804865">
        <testcase classname="test/apps/admin/_components/CreateUserForm.test.tsx" name="CreateUserForm &gt; requires an identifier before submitting" time="0.165479">
        </testcase>
        <testcase classname="test/apps/admin/_components/CreateUserForm.test.tsx" name="CreateUserForm &gt; rejects a weak password" time="0.4994372">
        </testcase>
        <testcase classname="test/apps/admin/_components/CreateUserForm.test.tsx" name="CreateUserForm &gt; rejects mismatched passwords" time="0.7816004">
        </testcase>
        <testcase classname="test/apps/admin/_components/CreateUserForm.test.tsx" name="CreateUserForm &gt; creates a bare account with an identifier when no password is entered" time="0.3282777">
        </testcase>
        <testcase classname="test/apps/admin/_components/CreateUserForm.test.tsx" name="CreateUserForm &gt; also sets a password, roles, scopes, and verified when provided" time="1.2024728">
        </testcase>
        <testcase classname="test/apps/admin/_components/CreateUserForm.test.tsx" name="CreateUserForm &gt; shows the ApiRequestError message when account creation fails" time="0.3583068">
        </testcase>
        <testcase classname="test/apps/admin/_components/CreateUserForm.test.tsx" name="CreateUserForm &gt; shows a generic message when account creation fails with a non-API error" time="0.3427917">
        </testcase>
    </testsuite>
    <testsuite name="test/apps/admin/_components/DeleteUserModal.test.tsx" timestamp="2026-08-28T19:09:03.080Z" hostname="Jane" tests="6" failures="0" errors="0" skipped="0" time="0.3270839">
        <testcase classname="test/apps/admin/_components/DeleteUserModal.test.tsx" name="DeleteUserModal &gt; renders nothing when there is no target user" time="0.0155363">
        </testcase>
        <testcase classname="test/apps/admin/_components/DeleteUserModal.test.tsx" name="DeleteUserModal &gt; confirms with purge=false by default" time="0.1252603">
        </testcase>
        <testcase classname="test/apps/admin/_components/DeleteUserModal.test.tsx" name="DeleteUserModal &gt; confirms with purge=true when the checkbox is checked" time="0.1085651">
        </testcase>
        <testcase classname="test/apps/admin/_components/DeleteUserModal.test.tsx" name="DeleteUserModal &gt; calls onClose when Cancel is clicked" time="0.062793">
        </testcase>
        <testcase classname="test/apps/admin/_components/DeleteUserModal.test.tsx" name="DeleteUserModal &gt; shows an error message when given one" time="0.0029493">
        </testcase>
        <testcase classname="test/apps/admin/_components/DeleteUserModal.test.tsx" name="DeleteUserModal &gt; disables the buttons while deleting" time="0.0098431">
        </testcase>
    </testsuite>
    <testsuite name="test/apps/admin/_components/RoleScopeEditor.test.tsx" timestamp="2026-08-28T19:09:03.081Z" hostname="Jane" tests="8" failures="0" errors="0" skipped="0" time="0.9597454">
        <testcase classname="test/apps/admin/_components/RoleScopeEditor.test.tsx" name="RoleScopeEditor &gt; renders no chips when there are no values" time="0.1063933">
        </testcase>
        <testcase classname="test/apps/admin/_components/RoleScopeEditor.test.tsx" name="RoleScopeEditor &gt; renders a chip per value with a remove button" time="0.0165698">
        </testcase>
        <testcase classname="test/apps/admin/_components/RoleScopeEditor.test.tsx" name="RoleScopeEditor &gt; adds a trimmed value via the Add button and clears the draft" time="0.2516089">
        </testcase>
        <testcase classname="test/apps/admin/_components/RoleScopeEditor.test.tsx" name="RoleScopeEditor &gt; adds a value on Enter and prevents the default form submission" time="0.1576542">
        </testcase>
        <testcase classname="test/apps/admin/_components/RoleScopeEditor.test.tsx" name="RoleScopeEditor &gt; adds a value on comma" time="0.1392164">
        </testcase>
        <testcase classname="test/apps/admin/_components/RoleScopeEditor.test.tsx" name="RoleScopeEditor &gt; does not add a blank or duplicate value" time="0.2188212">
        </testcase>
        <testcase classname="test/apps/admin/_components/RoleScopeEditor.test.tsx" name="RoleScopeEditor &gt; removes a value when its chip&apos;s remove button is clicked" time="0.0626247">
        </testcase>
        <testcase classname="test/apps/admin/_components/RoleScopeEditor.test.tsx" name="RoleScopeEditor &gt; hides the input and remove buttons when disabled" time="0.0021964">
        </testcase>
    </testsuite>
    <testsuite name="test/apps/admin/_components/UserIdentifiersCard.test.tsx" timestamp="2026-08-28T19:09:03.081Z" hostname="Jane" tests="13" failures="0" errors="0" skipped="0" time="1.9234938">
        <testcase classname="test/apps/admin/_components/UserIdentifiersCard.test.tsx" name="UserIdentifiersCard &gt; shows a load error when listing aliases fails" time="0.0478287">
        </testcase>
        <testcase classname="test/apps/admin/_components/UserIdentifiersCard.test.tsx" name="UserIdentifiersCard &gt; shows a generic load error for a non-API failure" time="0.0139807">
        </testcase>
        <testcase classname="test/apps/admin/_components/UserIdentifiersCard.test.tsx" name="UserIdentifiersCard &gt; shows an empty state when there are no identifiers" time="0.0157414">
        </testcase>
        <testcase classname="test/apps/admin/_components/UserIdentifiersCard.test.tsx" name="UserIdentifiersCard &gt; renders a row per identifier with type and verified status" time="0.0192287">
        </testcase>
        <testcase classname="test/apps/admin/_components/UserIdentifiersCard.test.tsx" name="UserIdentifiersCard &gt; does nothing when the add form is submitted with a blank value" time="0.1207137">
        </testcase>
        <testcase classname="test/apps/admin/_components/UserIdentifiersCard.test.tsx" name="UserIdentifiersCard &gt; seeds the list from [] when adding before the initial load has finished" time="0.3129873">
        </testcase>
        <testcase classname="test/apps/admin/_components/UserIdentifiersCard.test.tsx" name="UserIdentifiersCard &gt; adds an identifier and appends it to the list" time="0.3141051">
        </testcase>
        <testcase classname="test/apps/admin/_components/UserIdentifiersCard.test.tsx" name="UserIdentifiersCard &gt; shows an add error when creating the alias fails" time="0.3711795">
        </testcase>
        <testcase classname="test/apps/admin/_components/UserIdentifiersCard.test.tsx" name="UserIdentifiersCard &gt; shows a generic add error for a non-API failure" time="0.3783591">
        </testcase>
        <testcase classname="test/apps/admin/_components/UserIdentifiersCard.test.tsx" name="UserIdentifiersCard &gt; does nothing when removal is declined" time="0.0754108">
        </testcase>
        <testcase classname="test/apps/admin/_components/UserIdentifiersCard.test.tsx" name="UserIdentifiersCard &gt; removes an identifier after confirmation" time="0.0773186">
        </testcase>
        <testcase classname="test/apps/admin/_components/UserIdentifiersCard.test.tsx" name="UserIdentifiersCard &gt; shows an error when removal fails" time="0.0944788">
        </testcase>
        <testcase classname="test/apps/admin/_components/UserIdentifiersCard.test.tsx" name="UserIdentifiersCard &gt; shows a generic error when removal fails with a non-API error" time="0.0800034">
        </testcase>
    </testsuite>
    <testsuite name="test/apps/admin/_components/UserOverviewCard.test.tsx" timestamp="2026-08-28T19:09:03.085Z" hostname="Jane" tests="9" failures="0" errors="0" skipped="0" time="0.7131549">
        <testcase classname="test/apps/admin/_components/UserOverviewCard.test.tsx" name="UserOverviewCard &gt; renders the account&apos;s uid, dates, roles, scopes, verified, and requireMFA state" time="0.0465909">
        </testcase>
        <testcase classname="test/apps/admin/_components/UserOverviewCard.test.tsx" name="UserOverviewCard &gt; saves roles/scopes/verified/requireMFA edits and reports the updated user" time="0.3943991">
        </testcase>
        <testcase classname="test/apps/admin/_components/UserOverviewCard.test.tsx" name="UserOverviewCard &gt; clears the &apos;Saved.&apos; indicator once a field changes again" time="0.1247014">
        </testcase>
        <testcase classname="test/apps/admin/_components/UserOverviewCard.test.tsx" name="UserOverviewCard &gt; shows the ApiRequestError message when saving fails" time="0.0622335">
        </testcase>
        <testcase classname="test/apps/admin/_components/UserOverviewCard.test.tsx" name="UserOverviewCard &gt; shows a generic message when saving fails with a non-API error" time="0.0627958">
        </testcase>
        <testcase classname="test/apps/admin/_components/UserOverviewCard.test.tsx" name="UserOverviewCard &gt; renders an empty date when dateCreated/dateModified are missing" time="0.0035485">
        </testcase>
        <testcase classname="test/apps/admin/_components/UserOverviewCard.test.tsx" name="UserOverviewCard &gt; falls back to the raw ISO string if toLocaleString throws" time="0.0040084">
        </testcase>
        <testcase classname="test/apps/admin/_components/UserOverviewCard.test.tsx" name="UserOverviewCard &gt; tolerates a malformed API response with roles/scopes/verified missing" time="0.0045972">
        </testcase>
        <testcase classname="test/apps/admin/_components/UserOverviewCard.test.tsx" name="UserOverviewCard &gt; reseeds its fields when a different account is loaded" time="0.0083517">
        </testcase>
    </testsuite>
    <testsuite name="test/apps/admin/_components/UserProfileCard.test.tsx" timestamp="2026-08-28T19:09:03.086Z" hostname="Jane" tests="9" failures="0" errors="0" skipped="0" time="1.0978189">
        <testcase classname="test/apps/admin/_components/UserProfileCard.test.tsx" name="UserProfileCard &gt; renders nothing until the initial load settles" time="0.0098809">
        </testcase>
        <testcase classname="test/apps/admin/_components/UserProfileCard.test.tsx" name="UserProfileCard &gt; shows a load error when getUserProfile fails" time="0.0241212">
        </testcase>
        <testcase classname="test/apps/admin/_components/UserProfileCard.test.tsx" name="UserProfileCard &gt; shows a generic load error for a non-API failure" time="0.0156347">
        </testcase>
        <testcase classname="test/apps/admin/_components/UserProfileCard.test.tsx" name="UserProfileCard &gt; populates fields from an existing profile, truncating a timestamp birthdate to a date" time="0.0180518">
        </testcase>
        <testcase classname="test/apps/admin/_components/UserProfileCard.test.tsx" name="UserProfileCard &gt; creates a profile (POST) when none existed" time="0.2488403">
        </testcase>
        <testcase classname="test/apps/admin/_components/UserProfileCard.test.tsx" name="UserProfileCard &gt; updates a profile (PUT) with the existing version when one already exists" time="0.2512629">
        </testcase>
        <testcase classname="test/apps/admin/_components/UserProfileCard.test.tsx" name="UserProfileCard &gt; saves an edited birthdate and clears the &apos;Saved.&apos; indicator on further edits" time="0.3737959">
        </testcase>
        <testcase classname="test/apps/admin/_components/UserProfileCard.test.tsx" name="UserProfileCard &gt; shows the ApiRequestError message when saving fails" time="0.0935089">
        </testcase>
        <testcase classname="test/apps/admin/_components/UserProfileCard.test.tsx" name="UserProfileCard &gt; shows a generic message when saving fails with a non-API error" time="0.060723">
        </testcase>
    </testsuite>
    <testsuite name="test/apps/admin/_components/UserSearchBar.test.tsx" timestamp="2026-08-28T19:09:03.087Z" hostname="Jane" tests="3" failures="0" errors="0" skipped="0" time="0.4898647">
        <testcase classname="test/apps/admin/_components/UserSearchBar.test.tsx" name="UserSearchBar &gt; submits the default filters unchanged" time="0.1356535">
        </testcase>
        <testcase classname="test/apps/admin/_components/UserSearchBar.test.tsx" name="UserSearchBar &gt; submits the entered query, role, and verified filter" time="0.344488">
        </testcase>
        <testcase classname="test/apps/admin/_components/UserSearchBar.test.tsx" name="UserSearchBar &gt; disables the Search button while searching" time="0.0078583">
        </testcase>
    </testsuite>
    <testsuite name="test/apps/admin/_components/UserSecretsCard.test.tsx" timestamp="2026-08-28T19:09:03.087Z" hostname="Jane" tests="17" failures="0" errors="0" skipped="0" time="3.7677905">
        <testcase classname="test/apps/admin/_components/UserSecretsCard.test.tsx" name="UserSecretsCard &gt; shows a load error when listing secrets fails" time="0.0386414">
        </testcase>
        <testcase classname="test/apps/admin/_components/UserSecretsCard.test.tsx" name="UserSecretsCard &gt; shows a generic load error for a non-API failure" time="0.0144625">
        </testcase>
        <testcase classname="test/apps/admin/_components/UserSecretsCard.test.tsx" name="UserSecretsCard &gt; shows an empty state with no sign-in methods" time="0.0143139">
        </testcase>
        <testcase classname="test/apps/admin/_components/UserSecretsCard.test.tsx" name="UserSecretsCard &gt; renders a row per secret including its hint" time="0.0316818">
        </testcase>
        <testcase classname="test/apps/admin/_components/UserSecretsCard.test.tsx" name="UserSecretsCard &gt; falls back to the raw ISO string if toLocaleDateString throws" time="0.004788">
        </testcase>
        <testcase classname="test/apps/admin/_components/UserSecretsCard.test.tsx" name="UserSecretsCard &gt; does nothing to remove a secret when the confirmation is declined" time="0.1346752">
        </testcase>
        <testcase classname="test/apps/admin/_components/UserSecretsCard.test.tsx" name="UserSecretsCard &gt; removes a secret after confirmation" time="0.0777789">
        </testcase>
        <testcase classname="test/apps/admin/_components/UserSecretsCard.test.tsx" name="UserSecretsCard &gt; shows the ApiRequestError message when removal fails" time="0.0939101">
        </testcase>
        <testcase classname="test/apps/admin/_components/UserSecretsCard.test.tsx" name="UserSecretsCard &gt; shows a generic message when removal fails with a non-API error" time="0.0934208">
        </testcase>
        <testcase classname="test/apps/admin/_components/UserSecretsCard.test.tsx" name="UserSecretsCard &gt; Set password modal &gt; rejects a weak password on a force-submit (the Save button is otherwise disabled)" time="0.2216596">
        </testcase>
        <testcase classname="test/apps/admin/_components/UserSecretsCard.test.tsx" name="UserSecretsCard &gt; Set password modal &gt; rejects mismatched passwords on a force-submit" time="0.4972484">
        </testcase>
        <testcase classname="test/apps/admin/_components/UserSecretsCard.test.tsx" name="UserSecretsCard &gt; Set password modal &gt; updates the existing password secret in place, without creating or deleting anything" time="0.4828377">
        </testcase>
        <testcase classname="test/apps/admin/_components/UserSecretsCard.test.tsx" name="UserSecretsCard &gt; Set password modal &gt; creates a new password secret when the account has none yet" time="0.5150861">
        </testcase>
        <testcase classname="test/apps/admin/_components/UserSecretsCard.test.tsx" name="UserSecretsCard &gt; Set password modal &gt; shows the ApiRequestError message when setting the password fails" time="0.4984161">
        </testcase>
        <testcase classname="test/apps/admin/_components/UserSecretsCard.test.tsx" name="UserSecretsCard &gt; Set password modal &gt; shows a generic message when setting the password fails with a non-API error" time="0.4712901">
        </testcase>
        <testcase classname="test/apps/admin/_components/UserSecretsCard.test.tsx" name="UserSecretsCard &gt; Set password modal &gt; sets a password when opened before the secret list has finished loading" time="0.4681848">
        </testcase>
        <testcase classname="test/apps/admin/_components/UserSecretsCard.test.tsx" name="UserSecretsCard &gt; Set password modal &gt; closes via the modal&apos;s own close control" time="0.1072988">
        </testcase>
    </testsuite>
    <testsuite name="test/apps/admin/_components/UserStatusBadge.test.tsx" timestamp="2026-08-28T19:09:03.089Z" hostname="Jane" tests="3" failures="0" errors="0" skipped="0" time="0.0296906">
        <testcase classname="test/apps/admin/_components/UserStatusBadge.test.tsx" name="UserStatusBadge &gt; renders &apos;Verified&apos; with the success class when verified" time="0.0252762">
        </testcase>
        <testcase classname="test/apps/admin/_components/UserStatusBadge.test.tsx" name="UserStatusBadge &gt; renders &apos;Unverified&apos; without the success class when not verified" time="0.0015799">
        </testcase>
        <testcase classname="test/apps/admin/_components/UserStatusBadge.test.tsx" name="UserStatusBadge &gt; treats an undefined verified as unverified" time="0.0010562">
        </testcase>
    </testsuite>
    <testsuite name="test/apps/admin/_components/UserTable.test.tsx" timestamp="2026-08-28T19:09:03.089Z" hostname="Jane" tests="7" failures="0" errors="0" skipped="0" time="0.1873265">
        <testcase classname="test/apps/admin/_components/UserTable.test.tsx" name="UserTable &gt; renders an empty state when there are no users" time="0.0176995">
        </testcase>
        <testcase classname="test/apps/admin/_components/UserTable.test.tsx" name="UserTable &gt; renders a row per user with aliases, roles, scopes, status, and a formatted date" time="0.0877664">
        </testcase>
        <testcase classname="test/apps/admin/_components/UserTable.test.tsx" name="UserTable &gt; renders a placeholder when a user has no aliases, roles, or scopes" time="0.0041151">
        </testcase>
        <testcase classname="test/apps/admin/_components/UserTable.test.tsx" name="UserTable &gt; tolerates a user record missing roles/scopes entirely (defensive fallback)" time="0.0054762">
        </testcase>
        <testcase classname="test/apps/admin/_components/UserTable.test.tsx" name="UserTable &gt; falls back to the raw ISO string if toLocaleDateString throws" time="0.0094089">
        </testcase>
        <testcase classname="test/apps/admin/_components/UserTable.test.tsx" name="UserTable &gt; renders an empty date cell when dateCreated is missing" time="0.0089247">
        </testcase>
        <testcase classname="test/apps/admin/_components/UserTable.test.tsx" name="UserTable &gt; calls onDelete with the user when Delete is clicked" time="0.0520217">
        </testcase>
    </testsuite>
    <testsuite name="test/apps/admin/_lib/adminApi.test.ts" timestamp="2026-08-28T19:09:03.090Z" hostname="Jane" tests="26" failures="0" errors="0" skipped="0" time="0.0219949">
        <testcase classname="test/apps/admin/_lib/adminApi.test.ts" name="ensureElevated &gt; hits the elevation- and trusted-role-gated release-notes endpoint" time="0.0079742">
        </testcase>
        <testcase classname="test/apps/admin/_lib/adminApi.test.ts" name="listUsers &gt; builds the default query (limit, page, sort)" time="0.0004371">
        </testcase>
        <testcase classname="test/apps/admin/_lib/adminApi.test.ts" name="listUsers &gt; includes role, verified, and uid filters when provided" time="0.0004309">
        </testcase>
        <testcase classname="test/apps/admin/_lib/adminApi.test.ts" name="listUsers &gt; encodes a false verified filter (distinguishing it from &apos;unset&apos;)" time="0.0003431">
        </testcase>
        <testcase classname="test/apps/admin/_lib/adminApi.test.ts" name="getUser / createUser / updateUser / deleteUser &gt; getUser fetches /users/:id" time="0.0002862">
        </testcase>
        <testcase classname="test/apps/admin/_lib/adminApi.test.ts" name="getUser / createUser / updateUser / deleteUser &gt; createUser posts roles/scopes/verified/requireMFA and unwraps the returned AuthResult&apos;s user" time="0.0007679">
        </testcase>
        <testcase classname="test/apps/admin/_lib/adminApi.test.ts" name="getUser / createUser / updateUser / deleteUser &gt; updateUser PUTs to /users/:uid with the input" time="0.0003052">
        </testcase>
        <testcase classname="test/apps/admin/_lib/adminApi.test.ts" name="getUser / createUser / updateUser / deleteUser &gt; updateUser includes requireMFA when provided" time="0.0002736">
        </testcase>
        <testcase classname="test/apps/admin/_lib/adminApi.test.ts" name="getUser / createUser / updateUser / deleteUser &gt; deleteUser sends version and omits purge by default" time="0.0002736">
        </testcase>
        <testcase classname="test/apps/admin/_lib/adminApi.test.ts" name="getUser / createUser / updateUser / deleteUser &gt; deleteUser includes purge=true when requested" time="0.0001788">
        </testcase>
        <testcase classname="test/apps/admin/_lib/adminApi.test.ts" name="searchUsers &gt; delegates to listUsers when the query is blank" time="0.0004436">
        </testcase>
        <testcase classname="test/apps/admin/_lib/adminApi.test.ts" name="searchUsers &gt; merges uid substring matches with alias-resolved accounts, deduplicating by uid" time="0.0005676">
        </testcase>
        <testcase classname="test/apps/admin/_lib/adminApi.test.ts" name="searchUsers &gt; silently drops an alias whose account 404s (deleted between the two lookups)" time="0.0003982">
        </testcase>
        <testcase classname="test/apps/admin/_lib/adminApi.test.ts" name="searchUsers &gt; propagates a non-404 error while resolving an alias&apos;s account" time="0.0011711">
        </testcase>
        <testcase classname="test/apps/admin/_lib/adminApi.test.ts" name="aliases &gt; listUserAliases filters by userUid" time="0.0002667">
        </testcase>
        <testcase classname="test/apps/admin/_lib/adminApi.test.ts" name="aliases &gt; listAliasesForUsers filters by an in() list of userUids" time="0.0002552">
        </testcase>
        <testcase classname="test/apps/admin/_lib/adminApi.test.ts" name="aliases &gt; listAliasesForUsers skips the request entirely for an empty list" time="0.0001657">
        </testcase>
        <testcase classname="test/apps/admin/_lib/adminApi.test.ts" name="aliases &gt; createUserAlias posts type/alias/userUid" time="0.0002512">
        </testcase>
        <testcase classname="test/apps/admin/_lib/adminApi.test.ts" name="secrets &gt; listUserSecrets filters by userUid" time="0.000232">
        </testcase>
        <testcase classname="test/apps/admin/_lib/adminApi.test.ts" name="secrets &gt; createUserPasswordSecret posts the password with a hint" time="0.0002444">
        </testcase>
        <testcase classname="test/apps/admin/_lib/adminApi.test.ts" name="secrets &gt; createUserPasswordSecret omits hint when not given" time="0.0033097">
        </testcase>
        <testcase classname="test/apps/admin/_lib/adminApi.test.ts" name="profile &gt; getUserProfile returns the profile on success" time="0.0004492">
        </testcase>
        <testcase classname="test/apps/admin/_lib/adminApi.test.ts" name="profile &gt; getUserProfile returns null on 404" time="0.0002525">
        </testcase>
        <testcase classname="test/apps/admin/_lib/adminApi.test.ts" name="profile &gt; getUserProfile rethrows non-404 errors" time="0.0002386">
        </testcase>
        <testcase classname="test/apps/admin/_lib/adminApi.test.ts" name="profile &gt; upsertUserProfile POSTs when there is no existing profile" time="0.0002644">
        </testcase>
        <testcase classname="test/apps/admin/_lib/adminApi.test.ts" name="profile &gt; upsertUserProfile PUTs with the existing version when a profile already exists" time="0.0002406">
        </testcase>
    </testsuite>
</testsuites>
